[2026-03-08T12:36:19.357+0000] {taskinstance.py:1157} INFO - Dependencies all met for dep_context=non-requeueable deps ti=<TaskInstance: mongo_replication.copy_all_collections scheduled__2026-03-08T12:20:00+00:00 [queued]>
[2026-03-08T12:36:19.381+0000] {taskinstance.py:1157} INFO - Dependencies all met for dep_context=requeueable deps ti=<TaskInstance: mongo_replication.copy_all_collections scheduled__2026-03-08T12:20:00+00:00 [queued]>
[2026-03-08T12:36:19.382+0000] {taskinstance.py:1359} INFO - Starting attempt 1 of 2
[2026-03-08T12:36:19.419+0000] {taskinstance.py:1380} INFO - Executing <Task(PythonOperator): copy_all_collections> on 2026-03-08 12:20:00+00:00
[2026-03-08T12:36:19.434+0000] {standard_task_runner.py:57} INFO - Started process 741 to run task
[2026-03-08T12:36:19.445+0000] {standard_task_runner.py:84} INFO - Running: ['airflow', 'tasks', 'run', 'mongo_replication', 'copy_all_collections', 'scheduled__2026-03-08T12:20:00+00:00', '--job-id', '22', '--raw', '--subdir', 'DAGS_FOLDER/replication_dag.py', '--cfg-path', '/tmp/tmpyai0vq1h']
[2026-03-08T12:36:19.450+0000] {standard_task_runner.py:85} INFO - Job 22: Subtask copy_all_collections
[2026-03-08T12:36:19.527+0000] {logging_mixin.py:151} WARNING - /home/airflow/.local/lib/python3.9/site-packages/airflow/settings.py:195 DeprecationWarning: The sql_alchemy_conn option in [core] has been moved to the sql_alchemy_conn option in [database] - the old setting has been used, but please update your config.
[2026-03-08T12:36:19.666+0000] {task_command.py:415} INFO - Running <TaskInstance: mongo_replication.copy_all_collections scheduled__2026-03-08T12:20:00+00:00 [running]> on host 061c2a96f512
[2026-03-08T12:36:19.898+0000] {taskinstance.py:1660} INFO - Exporting env vars: AIRFLOW_CTX_DAG_OWNER='airflow' AIRFLOW_CTX_DAG_ID='mongo_replication' AIRFLOW_CTX_TASK_ID='copy_all_collections' AIRFLOW_CTX_EXECUTION_DATE='2026-03-08T12:20:00+00:00' AIRFLOW_CTX_TRY_NUMBER='1' AIRFLOW_CTX_DAG_RUN_ID='scheduled__2026-03-08T12:20:00+00:00'
[2026-03-08T12:36:19.903+0000] {crypto.py:82} WARNING - empty cryptography key - values will not be stored encrypted.
[2026-03-08T12:36:19.905+0000] {base.py:73} INFO - Using connection ID 'mongo_default' for task execution.
[2026-03-08T12:36:19.970+0000] {base.py:73} INFO - Using connection ID 'postgres_default' for task execution.
[2026-03-08T12:36:19.990+0000] {sql.py:418} INFO - Running statement: SELECT 1 FROM raw_data.user_sessions WHERE session_id = %s, parameters: ('sess_001',)
[2026-03-08T12:36:19.993+0000] {sql.py:427} INFO - Rows affected: 1
[2026-03-08T12:36:19.996+0000] {base.py:73} INFO - Using connection ID 'postgres_default' for task execution.
[2026-03-08T12:36:20.013+0000] {sql.py:418} INFO - Running statement: 
                UPDATE raw_data.user_sessions 
                SET user_id = %s, start_time = %s, end_time = %s, 
                    pages_visited = %s, device_type = %s, device_info = %s, 
                    actions = %s
                WHERE session_id = %s
            , parameters: ('user_123', datetime.datetime(2024, 1, 10, 9, 0), datetime.datetime(2024, 1, 10, 9, 30), ['/home', '/products', '/products/42', '/cart'], 'mobile', '{"mobile": {}}', ['login', 'view_product', 'add_to_cart', 'logout'], 'sess_001')
[2026-03-08T12:36:20.016+0000] {sql.py:427} INFO - Rows affected: 1
[2026-03-08T12:36:20.019+0000] {base.py:73} INFO - Using connection ID 'postgres_default' for task execution.
[2026-03-08T12:36:20.032+0000] {sql.py:418} INFO - Running statement: SELECT 1 FROM raw_data.user_sessions WHERE session_id = %s, parameters: ('sess_002',)
[2026-03-08T12:36:20.035+0000] {sql.py:427} INFO - Rows affected: 1
[2026-03-08T12:36:20.038+0000] {base.py:73} INFO - Using connection ID 'postgres_default' for task execution.
[2026-03-08T12:36:20.051+0000] {sql.py:418} INFO - Running statement: 
                UPDATE raw_data.user_sessions 
                SET user_id = %s, start_time = %s, end_time = %s, 
                    pages_visited = %s, device_type = %s, device_info = %s, 
                    actions = %s
                WHERE session_id = %s
            , parameters: ('user_123', datetime.datetime(2024, 1, 11, 14, 15), datetime.datetime(2024, 1, 11, 14, 45), ['/home', '/products', '/checkout'], 'desktop', '{"desktop": {}}', ['login', 'search', 'checkout', 'logout'], 'sess_002')
[2026-03-08T12:36:20.056+0000] {sql.py:427} INFO - Rows affected: 1
[2026-03-08T12:36:20.059+0000] {base.py:73} INFO - Using connection ID 'postgres_default' for task execution.
[2026-03-08T12:36:20.073+0000] {sql.py:418} INFO - Running statement: SELECT 1 FROM raw_data.user_sessions WHERE session_id = %s, parameters: ('sess_003',)
[2026-03-08T12:36:20.077+0000] {sql.py:427} INFO - Rows affected: 1
[2026-03-08T12:36:20.079+0000] {base.py:73} INFO - Using connection ID 'postgres_default' for task execution.
[2026-03-08T12:36:20.091+0000] {sql.py:418} INFO - Running statement: 
                UPDATE raw_data.user_sessions 
                SET user_id = %s, start_time = %s, end_time = %s, 
                    pages_visited = %s, device_type = %s, device_info = %s, 
                    actions = %s
                WHERE session_id = %s
            , parameters: ('user_456', datetime.datetime(2024, 1, 10, 10, 0), datetime.datetime(2024, 1, 10, 10, 20), ['/home', '/products', '/support'], 'tablet', '{"tablet": {}}', ['login', 'view_product', 'contact_support'], 'sess_003')
[2026-03-08T12:36:20.095+0000] {sql.py:427} INFO - Rows affected: 1
[2026-03-08T12:36:20.097+0000] {base.py:73} INFO - Using connection ID 'postgres_default' for task execution.
[2026-03-08T12:36:20.110+0000] {sql.py:418} INFO - Running statement: SELECT 1 FROM raw_data.event_logs WHERE event_id = %s, parameters: ('evt_1001',)
[2026-03-08T12:36:20.113+0000] {sql.py:427} INFO - Rows affected: 1
[2026-03-08T12:36:20.116+0000] {base.py:73} INFO - Using connection ID 'postgres_default' for task execution.
[2026-03-08T12:36:20.129+0000] {sql.py:418} INFO - Running statement: 
                UPDATE raw_data.event_logs 
                SET timestamp = %s, event_type = %s, details = %s
                WHERE event_id = %s
            , parameters: (datetime.datetime(2024, 1, 10, 9, 5, 20), 'click', '{"page": "/products/42"}', 'evt_1001')
[2026-03-08T12:36:20.132+0000] {sql.py:427} INFO - Rows affected: 1
[2026-03-08T12:36:20.135+0000] {base.py:73} INFO - Using connection ID 'postgres_default' for task execution.
[2026-03-08T12:36:20.147+0000] {sql.py:418} INFO - Running statement: SELECT 1 FROM raw_data.event_logs WHERE event_id = %s, parameters: ('evt_1002',)
[2026-03-08T12:36:20.150+0000] {sql.py:427} INFO - Rows affected: 1
[2026-03-08T12:36:20.151+0000] {base.py:73} INFO - Using connection ID 'postgres_default' for task execution.
[2026-03-08T12:36:20.165+0000] {sql.py:418} INFO - Running statement: 
                UPDATE raw_data.event_logs 
                SET timestamp = %s, event_type = %s, details = %s
                WHERE event_id = %s
            , parameters: (datetime.datetime(2024, 1, 10, 9, 6, 15), 'page_view', '{"page": "/cart"}', 'evt_1002')
[2026-03-08T12:36:20.168+0000] {sql.py:427} INFO - Rows affected: 1
[2026-03-08T12:36:20.172+0000] {base.py:73} INFO - Using connection ID 'postgres_default' for task execution.
[2026-03-08T12:36:20.184+0000] {sql.py:418} INFO - Running statement: SELECT 1 FROM raw_data.event_logs WHERE event_id = %s, parameters: ('evt_1003',)
[2026-03-08T12:36:20.189+0000] {sql.py:427} INFO - Rows affected: 1
[2026-03-08T12:36:20.190+0000] {base.py:73} INFO - Using connection ID 'postgres_default' for task execution.
[2026-03-08T12:36:20.206+0000] {sql.py:418} INFO - Running statement: 
                UPDATE raw_data.event_logs 
                SET timestamp = %s, event_type = %s, details = %s
                WHERE event_id = %s
            , parameters: (datetime.datetime(2024, 1, 11, 14, 30), 'purchase', '{"order_id": "ord_789", "amount": 150}', 'evt_1003')
[2026-03-08T12:36:20.208+0000] {sql.py:427} INFO - Rows affected: 1
[2026-03-08T12:36:20.211+0000] {base.py:73} INFO - Using connection ID 'postgres_default' for task execution.
[2026-03-08T12:36:20.223+0000] {sql.py:418} INFO - Running statement: SELECT 1 FROM raw_data.support_tickets WHERE ticket_id = %s, parameters: ('ticket_789',)
[2026-03-08T12:36:20.226+0000] {sql.py:427} INFO - Rows affected: 0
[2026-03-08T12:36:20.230+0000] {base.py:73} INFO - Using connection ID 'postgres_default' for task execution.
[2026-03-08T12:36:20.241+0000] {sql.py:418} INFO - Running statement: 
                INSERT INTO raw_data.support_tickets 
                (ticket_id, user_id, status, issue_type, messages, created_at, updated_at)
                VALUES (%s, %s, %s, %s, %s, %s, %s)
            , parameters: ('ticket_789', 'user_123', 'open', 'payment', '[{"sender": "user", "message": "\\u041d\\u0435 \\u043c\\u043e\\u0433\\u0443 \\u043e\\u043f\\u043b\\u0430\\u0442\\u0438\\u0442\\u044c \\u0437\\u0430\\u043a\\u0430\\u0437.", "timestamp": "2024-01-09T12:00:00"}, {"sender": "support", "message": "\\u041f\\u043e\\u0436\\u0430\\u043b\\u0443\\u0439\\u0441\\u0442\\u0430, \\u0443\\u0442\\u043e\\u0447\\u043d\\u0438\\u0442\\u0435 \\u0441\\u043f\\u043e\\u0441\\u043e\\u0431 \\u043e\\u043f\\u043b\\u0430\\u0442\\u044b.", "timestamp": "2024-01-09T13:00:00"}]', datetime.datetime(2024, 1, 9, 11, 55), datetime.datetime(2024, 1, 9, 13, 0))
[2026-03-08T12:36:20.247+0000] {sql.py:427} INFO - Rows affected: 1
[2026-03-08T12:36:20.250+0000] {base.py:73} INFO - Using connection ID 'postgres_default' for task execution.
[2026-03-08T12:36:20.270+0000] {sql.py:418} INFO - Running statement: SELECT 1 FROM raw_data.support_tickets WHERE ticket_id = %s, parameters: ('ticket_790',)
[2026-03-08T12:36:20.273+0000] {sql.py:427} INFO - Rows affected: 0
[2026-03-08T12:36:20.275+0000] {base.py:73} INFO - Using connection ID 'postgres_default' for task execution.
[2026-03-08T12:36:20.289+0000] {sql.py:418} INFO - Running statement: 
                INSERT INTO raw_data.support_tickets 
                (ticket_id, user_id, status, issue_type, messages, created_at, updated_at)
                VALUES (%s, %s, %s, %s, %s, %s, %s)
            , parameters: ('ticket_790', 'user_456', 'closed', 'technical', '[{"sender": "user", "message": "\\u0421\\u0430\\u0439\\u0442 \\u043d\\u0435 \\u0437\\u0430\\u0433\\u0440\\u0443\\u0436\\u0430\\u0435\\u0442\\u0441\\u044f", "timestamp": "2024-01-08T09:00:00"}, {"sender": "support", "message": "\\u041f\\u0440\\u043e\\u0431\\u043b\\u0435\\u043c\\u0430 \\u0440\\u0435\\u0448\\u0435\\u043d\\u0430, \\u043e\\u0447\\u0438\\u0441\\u0442\\u0438\\u0442\\u0435 \\u043a\\u044d\\u0448", "timestamp": "2024-01-08T10:30:00"}]', datetime.datetime(2024, 1, 8, 9, 0), datetime.datetime(2024, 1, 8, 10, 30))
[2026-03-08T12:36:20.291+0000] {sql.py:427} INFO - Rows affected: 1
[2026-03-08T12:36:20.295+0000] {base.py:73} INFO - Using connection ID 'postgres_default' for task execution.
[2026-03-08T12:36:20.314+0000] {sql.py:418} INFO - Running statement: SELECT 1 FROM raw_data.user_recommendations WHERE user_id = %s, parameters: ('user_123',)
[2026-03-08T12:36:20.317+0000] {sql.py:427} INFO - Rows affected: 0
[2026-03-08T12:36:20.319+0000] {base.py:73} INFO - Using connection ID 'postgres_default' for task execution.
[2026-03-08T12:36:20.334+0000] {sql.py:418} INFO - Running statement: 
                INSERT INTO raw_data.user_recommendations 
                (user_id, recommended_products, last_updated)
                VALUES (%s, %s, %s)
            , parameters: ('user_123', ['prod_101', 'prod_205', 'prod_333'], datetime.datetime(2024, 1, 10, 8, 0))
[2026-03-08T12:36:20.337+0000] {sql.py:427} INFO - Rows affected: 1
[2026-03-08T12:36:20.340+0000] {base.py:73} INFO - Using connection ID 'postgres_default' for task execution.
[2026-03-08T12:36:20.355+0000] {sql.py:418} INFO - Running statement: SELECT 1 FROM raw_data.user_recommendations WHERE user_id = %s, parameters: ('user_456',)
[2026-03-08T12:36:20.357+0000] {sql.py:427} INFO - Rows affected: 0
[2026-03-08T12:36:20.359+0000] {base.py:73} INFO - Using connection ID 'postgres_default' for task execution.
[2026-03-08T12:36:20.380+0000] {sql.py:418} INFO - Running statement: 
                INSERT INTO raw_data.user_recommendations 
                (user_id, recommended_products, last_updated)
                VALUES (%s, %s, %s)
            , parameters: ('user_456', ['prod_102', 'prod_206', 'prod_334', 'prod_401'], datetime.datetime(2024, 1, 10, 8, 0))
[2026-03-08T12:36:20.386+0000] {sql.py:427} INFO - Rows affected: 1
[2026-03-08T12:36:20.393+0000] {base.py:73} INFO - Using connection ID 'postgres_default' for task execution.
[2026-03-08T12:36:20.417+0000] {sql.py:418} INFO - Running statement: SELECT 1 FROM raw_data.moderation_queue WHERE review_id = %s, parameters: ('rev_555',)
[2026-03-08T12:36:20.423+0000] {sql.py:427} INFO - Rows affected: 0
[2026-03-08T12:36:20.426+0000] {base.py:73} INFO - Using connection ID 'postgres_default' for task execution.
[2026-03-08T12:36:20.470+0000] {sql.py:418} INFO - Running statement: 
                INSERT INTO raw_data.moderation_queue 
                (review_id, user_id, product_id, review_text, rating, moderation_status, flags, submitted_at)
                VALUES (%s, %s, %s, %s, %s, %s, %s, %s)
            , parameters: ('rev_555', 'user_123', 'prod_101', 'Отличный товар, работает как нужно!', 5, 'pending', ['contains_images'], datetime.datetime(2024, 1, 8, 10, 20))
[2026-03-08T12:36:20.476+0000] {sql.py:427} INFO - Rows affected: 1
[2026-03-08T12:36:20.479+0000] {base.py:73} INFO - Using connection ID 'postgres_default' for task execution.
[2026-03-08T12:36:20.500+0000] {sql.py:418} INFO - Running statement: SELECT 1 FROM raw_data.moderation_queue WHERE review_id = %s, parameters: ('rev_556',)
[2026-03-08T12:36:20.505+0000] {sql.py:427} INFO - Rows affected: 0
[2026-03-08T12:36:20.507+0000] {base.py:73} INFO - Using connection ID 'postgres_default' for task execution.
[2026-03-08T12:36:20.532+0000] {sql.py:418} INFO - Running statement: 
                INSERT INTO raw_data.moderation_queue 
                (review_id, user_id, product_id, review_text, rating, moderation_status, flags, submitted_at)
                VALUES (%s, %s, %s, %s, %s, %s, %s, %s)
            , parameters: ('rev_556', 'user_456', 'prod_102', 'Товар не соответствует описанию', 2, 'approved', [], datetime.datetime(2024, 1, 7, 15, 30))
[2026-03-08T12:36:20.538+0000] {sql.py:427} INFO - Rows affected: 1
[2026-03-08T12:36:20.541+0000] {logging_mixin.py:151} INFO - ==================================================
[2026-03-08T12:36:20.544+0000] {logging_mixin.py:151} INFO - РЕПЛИКАЦИЯ ЗАВЕРШЕНА
[2026-03-08T12:36:20.545+0000] {logging_mixin.py:151} INFO - Сессии: 3
[2026-03-08T12:36:20.550+0000] {logging_mixin.py:151} INFO - События: 3
[2026-03-08T12:36:20.551+0000] {logging_mixin.py:151} INFO - Тикеты: 2
[2026-03-08T12:36:20.551+0000] {logging_mixin.py:151} INFO - Рекомендации: 2
[2026-03-08T12:36:20.552+0000] {logging_mixin.py:151} INFO - Модерация: 2
[2026-03-08T12:36:20.553+0000] {logging_mixin.py:151} INFO - ==================================================
[2026-03-08T12:36:20.557+0000] {python.py:194} INFO - Done. Returned value was: None
[2026-03-08T12:36:20.585+0000] {taskinstance.py:1398} INFO - Marking task as SUCCESS. dag_id=mongo_replication, task_id=copy_all_collections, execution_date=20260308T122000, start_date=20260308T123619, end_date=20260308T123620
[2026-03-08T12:36:20.633+0000] {local_task_job_runner.py:228} INFO - Task exited with return code 0
[2026-03-08T12:36:20.670+0000] {taskinstance.py:2776} INFO - 0 downstream tasks scheduled from follow-on schedule check
