[2026-03-08T12:16:33.088+0000] {taskinstance.py:1157} INFO - Dependencies all met for dep_context=non-requeueable deps ti=<TaskInstance: mongo_replication.replicate_event_logs scheduled__2026-03-08T12:00:00+00:00 [queued]>
[2026-03-08T12:16:33.142+0000] {taskinstance.py:1157} INFO - Dependencies all met for dep_context=requeueable deps ti=<TaskInstance: mongo_replication.replicate_event_logs scheduled__2026-03-08T12:00:00+00:00 [queued]>
[2026-03-08T12:16:33.155+0000] {taskinstance.py:1359} INFO - Starting attempt 1 of 3
[2026-03-08T12:16:33.331+0000] {taskinstance.py:1380} INFO - Executing <Task(PythonOperator): replicate_event_logs> on 2026-03-08 12:00:00+00:00
[2026-03-08T12:16:33.376+0000] {standard_task_runner.py:57} INFO - Started process 252 to run task
[2026-03-08T12:16:33.438+0000] {standard_task_runner.py:84} INFO - Running: ['airflow', 'tasks', 'run', 'mongo_replication', 'replicate_event_logs', 'scheduled__2026-03-08T12:00:00+00:00', '--job-id', '5', '--raw', '--subdir', 'DAGS_FOLDER/replication_dag.py', '--cfg-path', '/tmp/tmp4vhzgr13']
[2026-03-08T12:16:33.525+0000] {standard_task_runner.py:85} INFO - Job 5: Subtask replicate_event_logs
[2026-03-08T12:16:34.442+0000] {logging_mixin.py:151} WARNING - /home/airflow/.local/lib/python3.9/site-packages/airflow/settings.py:195 DeprecationWarning: The sql_alchemy_conn option in [core] has been moved to the sql_alchemy_conn option in [database] - the old setting has been used, but please update your config.
[2026-03-08T12:16:36.447+0000] {task_command.py:415} INFO - Running <TaskInstance: mongo_replication.replicate_event_logs scheduled__2026-03-08T12:00:00+00:00 [running]> on host 061c2a96f512
[2026-03-08T12:16:38.976+0000] {taskinstance.py:1660} INFO - Exporting env vars: AIRFLOW_CTX_DAG_OWNER='airflow' AIRFLOW_CTX_DAG_ID='mongo_replication' AIRFLOW_CTX_TASK_ID='replicate_event_logs' AIRFLOW_CTX_EXECUTION_DATE='2026-03-08T12:00:00+00:00' AIRFLOW_CTX_TRY_NUMBER='1' AIRFLOW_CTX_DAG_RUN_ID='scheduled__2026-03-08T12:00:00+00:00'
[2026-03-08T12:16:39.053+0000] {crypto.py:82} WARNING - empty cryptography key - values will not be stored encrypted.
[2026-03-08T12:16:39.065+0000] {base.py:73} INFO - Using connection ID 'mongo_default' for task execution.
[2026-03-08T12:16:39.073+0000] {base.py:73} INFO - Using connection ID 'postgres_default' for task execution.
[2026-03-08T12:16:39.324+0000] {sql.py:418} INFO - Running statement: SELECT last_sequence_id FROM raw_data.replication_state WHERE collection_name = %s, parameters: ('event_logs',)
[2026-03-08T12:16:39.367+0000] {sql.py:427} INFO - Rows affected: 1
[2026-03-08T12:16:41.608+0000] {base.py:73} INFO - Using connection ID 'postgres_default' for task execution.
[2026-03-08T12:16:42.601+0000] {sql.py:418} INFO - Running statement: SELECT id FROM raw_data.event_logs WHERE event_id = %s, parameters: ('evt_1001',)
[2026-03-08T12:16:42.850+0000] {sql.py:427} INFO - Rows affected: 0
[2026-03-08T12:16:42.936+0000] {base.py:73} INFO - Using connection ID 'postgres_default' for task execution.
[2026-03-08T12:16:43.122+0000] {sql.py:418} INFO - Running statement: INSERT INTO raw_data.event_logs (event_id, timestamp, event_type, details, user_id, session_id) VALUES (%s, %s, %s, %s, %s, %s), parameters: ('evt_1001', {'$date': '2024-01-10T09:05:20Z'}, 'click', '{"page": "/products/42"}', None, None)
[2026-03-08T12:16:43.149+0000] {taskinstance.py:1935} ERROR - Task failed with exception
Traceback (most recent call last):
  File "/home/airflow/.local/lib/python3.9/site-packages/airflow/operators/python.py", line 192, in execute
    return_value = self.execute_callable()
  File "/home/airflow/.local/lib/python3.9/site-packages/airflow/operators/python.py", line 209, in execute_callable
    return self.python_callable(*self.op_args, **self.op_kwargs)
  File "/opt/airflow/dags/replication_dag.py", line 62, in replicate_collection
    postgres_hook.run(insert_sql, parameters=tuple(record.values()))
  File "/home/airflow/.local/lib/python3.9/site-packages/airflow/providers/common/sql/hooks/sql.py", line 392, in run
    self._run_command(cur, sql_statement, parameters)
  File "/home/airflow/.local/lib/python3.9/site-packages/airflow/providers/common/sql/hooks/sql.py", line 421, in _run_command
    cur.execute(sql_statement, parameters)
psycopg2.ProgrammingError: can't adapt type 'dict'
[2026-03-08T12:16:43.793+0000] {taskinstance.py:1398} INFO - Marking task as UP_FOR_RETRY. dag_id=mongo_replication, task_id=replicate_event_logs, execution_date=20260308T120000, start_date=20260308T121633, end_date=20260308T121643
[2026-03-08T12:16:43.904+0000] {standard_task_runner.py:104} ERROR - Failed to execute job 5 for task replicate_event_logs (can't adapt type 'dict'; 252)
[2026-03-08T12:16:44.121+0000] {local_task_job_runner.py:228} INFO - Task exited with return code 1
[2026-03-08T12:16:45.283+0000] {taskinstance.py:2776} INFO - 0 downstream tasks scheduled from follow-on schedule check
