[2026-03-08T14:53:44.462+0000] {taskinstance.py:1157} INFO - Dependencies all met for dep_context=non-requeueable deps ti=<TaskInstance: mongo_replication.copy_all_collections scheduled__2026-03-08T14:20:00+00:00 [queued]>
[2026-03-08T14:53:44.615+0000] {taskinstance.py:1157} INFO - Dependencies all met for dep_context=requeueable deps ti=<TaskInstance: mongo_replication.copy_all_collections scheduled__2026-03-08T14:20:00+00:00 [queued]>
[2026-03-08T14:53:44.617+0000] {taskinstance.py:1359} INFO - Starting attempt 1 of 2
[2026-03-08T14:53:44.863+0000] {taskinstance.py:1380} INFO - Executing <Task(PythonOperator): copy_all_collections> on 2026-03-08 14:20:00+00:00
[2026-03-08T14:53:44.945+0000] {standard_task_runner.py:57} INFO - Started process 266 to run task
[2026-03-08T14:53:44.962+0000] {standard_task_runner.py:84} INFO - Running: ['airflow', 'tasks', 'run', 'mongo_replication', 'copy_all_collections', 'scheduled__2026-03-08T14:20:00+00:00', '--job-id', '37', '--raw', '--subdir', 'DAGS_FOLDER/replication_dag.py', '--cfg-path', '/tmp/tmpbrrsw1t3']
[2026-03-08T14:53:44.988+0000] {standard_task_runner.py:85} INFO - Job 37: Subtask copy_all_collections
[2026-03-08T14:53:45.082+0000] {logging_mixin.py:151} WARNING - /home/airflow/.local/lib/python3.9/site-packages/airflow/settings.py:195 DeprecationWarning: The sql_alchemy_conn option in [core] has been moved to the sql_alchemy_conn option in [database] - the old setting has been used, but please update your config.
[2026-03-08T14:53:45.541+0000] {task_command.py:415} INFO - Running <TaskInstance: mongo_replication.copy_all_collections scheduled__2026-03-08T14:20:00+00:00 [running]> on host 90cb6322f616
[2026-03-08T14:53:46.192+0000] {taskinstance.py:1660} INFO - Exporting env vars: AIRFLOW_CTX_DAG_OWNER='airflow' AIRFLOW_CTX_DAG_ID='mongo_replication' AIRFLOW_CTX_TASK_ID='copy_all_collections' AIRFLOW_CTX_EXECUTION_DATE='2026-03-08T14:20:00+00:00' AIRFLOW_CTX_TRY_NUMBER='1' AIRFLOW_CTX_DAG_RUN_ID='scheduled__2026-03-08T14:20:00+00:00'
[2026-03-08T14:53:46.213+0000] {crypto.py:82} WARNING - empty cryptography key - values will not be stored encrypted.
[2026-03-08T14:53:46.217+0000] {base.py:73} INFO - Using connection ID 'mongo_default' for task execution.
[2026-03-08T14:53:46.440+0000] {base.py:73} INFO - Using connection ID 'postgres_default' for task execution.
[2026-03-08T14:53:46.506+0000] {sql.py:418} INFO - Running statement: SELECT 1 FROM raw_data.user_sessions WHERE session_id = %s, parameters: ('sess_001',)
[2026-03-08T14:53:46.512+0000] {sql.py:427} INFO - Rows affected: 1
[2026-03-08T14:53:46.519+0000] {base.py:73} INFO - Using connection ID 'postgres_default' for task execution.
[2026-03-08T14:53:46.576+0000] {sql.py:418} INFO - Running statement: 
                UPDATE raw_data.user_sessions 
                SET user_id = %s, start_time = %s, end_time = %s, 
                    pages_visited = %s, device_type = %s, device_info = %s, 
                    actions = %s
                WHERE session_id = %s
            , parameters: ('user_123', datetime.datetime(2024, 1, 10, 9, 0), datetime.datetime(2024, 1, 10, 9, 30), ['/home', '/products', '/products/42', '/cart'], 'mobile', '{"mobile": {}}', ['login', 'view_product', 'add_to_cart', 'logout'], 'sess_001')
[2026-03-08T14:53:46.586+0000] {sql.py:427} INFO - Rows affected: 1
[2026-03-08T14:53:46.590+0000] {base.py:73} INFO - Using connection ID 'postgres_default' for task execution.
[2026-03-08T14:53:46.662+0000] {sql.py:418} INFO - Running statement: SELECT 1 FROM raw_data.user_sessions WHERE session_id = %s, parameters: ('sess_002',)
[2026-03-08T14:53:46.665+0000] {sql.py:427} INFO - Rows affected: 1
[2026-03-08T14:53:46.667+0000] {base.py:73} INFO - Using connection ID 'postgres_default' for task execution.
[2026-03-08T14:53:46.692+0000] {sql.py:418} INFO - Running statement: 
                UPDATE raw_data.user_sessions 
                SET user_id = %s, start_time = %s, end_time = %s, 
                    pages_visited = %s, device_type = %s, device_info = %s, 
                    actions = %s
                WHERE session_id = %s
            , parameters: ('user_123', datetime.datetime(2024, 1, 11, 14, 15), datetime.datetime(2024, 1, 11, 14, 45), ['/home', '/products', '/checkout'], 'desktop', '{"desktop": {}}', ['login', 'search', 'checkout', 'logout'], 'sess_002')
[2026-03-08T14:53:46.723+0000] {sql.py:427} INFO - Rows affected: 1
[2026-03-08T14:53:46.739+0000] {base.py:73} INFO - Using connection ID 'postgres_default' for task execution.
[2026-03-08T14:53:46.807+0000] {sql.py:418} INFO - Running statement: SELECT 1 FROM raw_data.user_sessions WHERE session_id = %s, parameters: ('sess_003',)
[2026-03-08T14:53:46.816+0000] {sql.py:427} INFO - Rows affected: 1
[2026-03-08T14:53:46.826+0000] {base.py:73} INFO - Using connection ID 'postgres_default' for task execution.
[2026-03-08T14:53:46.849+0000] {sql.py:418} INFO - Running statement: 
                UPDATE raw_data.user_sessions 
                SET user_id = %s, start_time = %s, end_time = %s, 
                    pages_visited = %s, device_type = %s, device_info = %s, 
                    actions = %s
                WHERE session_id = %s
            , parameters: ('user_456', datetime.datetime(2024, 1, 10, 10, 0), datetime.datetime(2024, 1, 10, 10, 20), ['/home', '/products', '/support'], 'tablet', '{"tablet": {}}', ['login', 'view_product', 'contact_support'], 'sess_003')
[2026-03-08T14:53:46.860+0000] {sql.py:427} INFO - Rows affected: 1
[2026-03-08T14:53:46.868+0000] {base.py:73} INFO - Using connection ID 'postgres_default' for task execution.
[2026-03-08T14:53:46.897+0000] {sql.py:418} INFO - Running statement: SELECT 1 FROM raw_data.event_logs WHERE event_id = %s, parameters: ('evt_1001',)
[2026-03-08T14:53:46.903+0000] {sql.py:427} INFO - Rows affected: 1
[2026-03-08T14:53:46.906+0000] {base.py:73} INFO - Using connection ID 'postgres_default' for task execution.
[2026-03-08T14:53:46.936+0000] {sql.py:418} INFO - Running statement: 
                UPDATE raw_data.event_logs 
                SET timestamp = %s, event_type = %s, details = %s
                WHERE event_id = %s
            , parameters: (datetime.datetime(2024, 1, 10, 9, 5, 20), 'click', '{"page": "/products/42"}', 'evt_1001')
[2026-03-08T14:53:46.940+0000] {sql.py:427} INFO - Rows affected: 1
[2026-03-08T14:53:46.957+0000] {base.py:73} INFO - Using connection ID 'postgres_default' for task execution.
[2026-03-08T14:53:47.009+0000] {sql.py:418} INFO - Running statement: SELECT 1 FROM raw_data.event_logs WHERE event_id = %s, parameters: ('evt_1002',)
[2026-03-08T14:53:47.022+0000] {sql.py:427} INFO - Rows affected: 1
[2026-03-08T14:53:47.038+0000] {base.py:73} INFO - Using connection ID 'postgres_default' for task execution.
[2026-03-08T14:53:47.105+0000] {sql.py:418} INFO - Running statement: 
                UPDATE raw_data.event_logs 
                SET timestamp = %s, event_type = %s, details = %s
                WHERE event_id = %s
            , parameters: (datetime.datetime(2024, 1, 10, 9, 6, 15), 'page_view', '{"page": "/cart"}', 'evt_1002')
[2026-03-08T14:53:47.115+0000] {sql.py:427} INFO - Rows affected: 1
[2026-03-08T14:53:47.118+0000] {base.py:73} INFO - Using connection ID 'postgres_default' for task execution.
[2026-03-08T14:53:47.142+0000] {sql.py:418} INFO - Running statement: SELECT 1 FROM raw_data.event_logs WHERE event_id = %s, parameters: ('evt_1003',)
[2026-03-08T14:53:47.152+0000] {sql.py:427} INFO - Rows affected: 1
[2026-03-08T14:53:47.159+0000] {base.py:73} INFO - Using connection ID 'postgres_default' for task execution.
[2026-03-08T14:53:47.189+0000] {sql.py:418} INFO - Running statement: 
                UPDATE raw_data.event_logs 
                SET timestamp = %s, event_type = %s, details = %s
                WHERE event_id = %s
            , parameters: (datetime.datetime(2024, 1, 11, 14, 30), 'purchase', '{"order_id": "ord_789", "amount": 150}', 'evt_1003')
[2026-03-08T14:53:47.195+0000] {sql.py:427} INFO - Rows affected: 1
[2026-03-08T14:53:47.202+0000] {base.py:73} INFO - Using connection ID 'postgres_default' for task execution.
[2026-03-08T14:53:47.264+0000] {sql.py:418} INFO - Running statement: SELECT 1 FROM raw_data.support_tickets WHERE ticket_id = %s, parameters: ('ticket_789',)
[2026-03-08T14:53:47.269+0000] {sql.py:427} INFO - Rows affected: 1
[2026-03-08T14:53:47.272+0000] {base.py:73} INFO - Using connection ID 'postgres_default' for task execution.
[2026-03-08T14:53:47.299+0000] {sql.py:418} INFO - Running statement: 
                UPDATE raw_data.support_tickets 
                SET user_id = %s, status = %s, issue_type = %s, 
                    messages = %s, created_at = %s, updated_at = %s
                WHERE ticket_id = %s
            , parameters: ('user_123', 'open', 'payment', '[{"sender": "user", "message": "\\u041d\\u0435 \\u043c\\u043e\\u0433\\u0443 \\u043e\\u043f\\u043b\\u0430\\u0442\\u0438\\u0442\\u044c \\u0437\\u0430\\u043a\\u0430\\u0437.", "timestamp": "2024-01-09T12:00:00"}, {"sender": "support", "message": "\\u041f\\u043e\\u0436\\u0430\\u043b\\u0443\\u0439\\u0441\\u0442\\u0430, \\u0443\\u0442\\u043e\\u0447\\u043d\\u0438\\u0442\\u0435 \\u0441\\u043f\\u043e\\u0441\\u043e\\u0431 \\u043e\\u043f\\u043b\\u0430\\u0442\\u044b.", "timestamp": "2024-01-09T13:00:00"}]', datetime.datetime(2024, 1, 9, 11, 55), datetime.datetime(2024, 1, 9, 13, 0), 'ticket_789')
[2026-03-08T14:53:47.306+0000] {sql.py:427} INFO - Rows affected: 1
[2026-03-08T14:53:47.310+0000] {base.py:73} INFO - Using connection ID 'postgres_default' for task execution.
[2026-03-08T14:53:47.329+0000] {sql.py:418} INFO - Running statement: SELECT 1 FROM raw_data.support_tickets WHERE ticket_id = %s, parameters: ('ticket_790',)
[2026-03-08T14:53:47.332+0000] {sql.py:427} INFO - Rows affected: 1
[2026-03-08T14:53:47.335+0000] {base.py:73} INFO - Using connection ID 'postgres_default' for task execution.
[2026-03-08T14:53:47.371+0000] {sql.py:418} INFO - Running statement: 
                UPDATE raw_data.support_tickets 
                SET user_id = %s, status = %s, issue_type = %s, 
                    messages = %s, created_at = %s, updated_at = %s
                WHERE ticket_id = %s
            , parameters: ('user_456', 'closed', 'technical', '[{"sender": "user", "message": "\\u0421\\u0430\\u0439\\u0442 \\u043d\\u0435 \\u0437\\u0430\\u0433\\u0440\\u0443\\u0436\\u0430\\u0435\\u0442\\u0441\\u044f", "timestamp": "2024-01-08T09:00:00"}, {"sender": "support", "message": "\\u041f\\u0440\\u043e\\u0431\\u043b\\u0435\\u043c\\u0430 \\u0440\\u0435\\u0448\\u0435\\u043d\\u0430, \\u043e\\u0447\\u0438\\u0441\\u0442\\u0438\\u0442\\u0435 \\u043a\\u044d\\u0448", "timestamp": "2024-01-08T10:30:00"}]', datetime.datetime(2024, 1, 8, 9, 0), datetime.datetime(2024, 1, 8, 10, 30), 'ticket_790')
[2026-03-08T14:53:47.375+0000] {sql.py:427} INFO - Rows affected: 1
[2026-03-08T14:53:47.384+0000] {base.py:73} INFO - Using connection ID 'postgres_default' for task execution.
[2026-03-08T14:53:47.402+0000] {sql.py:418} INFO - Running statement: SELECT 1 FROM raw_data.user_recommendations WHERE user_id = %s, parameters: ('user_123',)
[2026-03-08T14:53:47.405+0000] {sql.py:427} INFO - Rows affected: 1
[2026-03-08T14:53:47.407+0000] {base.py:73} INFO - Using connection ID 'postgres_default' for task execution.
[2026-03-08T14:53:47.437+0000] {sql.py:418} INFO - Running statement: 
                UPDATE raw_data.user_recommendations 
                SET recommended_products = %s, last_updated = %s
                WHERE user_id = %s
            , parameters: (['prod_101', 'prod_205', 'prod_333'], datetime.datetime(2024, 1, 10, 8, 0), 'user_123')
[2026-03-08T14:53:47.443+0000] {sql.py:427} INFO - Rows affected: 1
[2026-03-08T14:53:47.448+0000] {base.py:73} INFO - Using connection ID 'postgres_default' for task execution.
[2026-03-08T14:53:47.477+0000] {sql.py:418} INFO - Running statement: SELECT 1 FROM raw_data.user_recommendations WHERE user_id = %s, parameters: ('user_456',)
[2026-03-08T14:53:47.487+0000] {sql.py:427} INFO - Rows affected: 1
[2026-03-08T14:53:47.495+0000] {base.py:73} INFO - Using connection ID 'postgres_default' for task execution.
[2026-03-08T14:53:47.516+0000] {sql.py:418} INFO - Running statement: 
                UPDATE raw_data.user_recommendations 
                SET recommended_products = %s, last_updated = %s
                WHERE user_id = %s
            , parameters: (['prod_102', 'prod_206', 'prod_334', 'prod_401'], datetime.datetime(2024, 1, 10, 8, 0), 'user_456')
[2026-03-08T14:53:47.521+0000] {sql.py:427} INFO - Rows affected: 1
[2026-03-08T14:53:47.525+0000] {base.py:73} INFO - Using connection ID 'postgres_default' for task execution.
[2026-03-08T14:53:47.544+0000] {sql.py:418} INFO - Running statement: SELECT 1 FROM raw_data.moderation_queue WHERE review_id = %s, parameters: ('rev_555',)
[2026-03-08T14:53:47.547+0000] {sql.py:427} INFO - Rows affected: 1
[2026-03-08T14:53:47.549+0000] {base.py:73} INFO - Using connection ID 'postgres_default' for task execution.
[2026-03-08T14:53:47.581+0000] {sql.py:418} INFO - Running statement: 
                UPDATE raw_data.moderation_queue 
                SET user_id = %s, product_id = %s, review_text = %s, 
                    rating = %s, moderation_status = %s, flags = %s, submitted_at = %s
                WHERE review_id = %s
            , parameters: ('user_123', 'prod_101', 'Отличный товар, работает как нужно!', 5, 'pending', ['contains_images'], datetime.datetime(2024, 1, 8, 10, 20), 'rev_555')
[2026-03-08T14:53:47.596+0000] {sql.py:427} INFO - Rows affected: 1
[2026-03-08T14:53:47.601+0000] {base.py:73} INFO - Using connection ID 'postgres_default' for task execution.
[2026-03-08T14:53:47.623+0000] {sql.py:418} INFO - Running statement: SELECT 1 FROM raw_data.moderation_queue WHERE review_id = %s, parameters: ('rev_556',)
[2026-03-08T14:53:47.626+0000] {sql.py:427} INFO - Rows affected: 1
[2026-03-08T14:53:47.630+0000] {base.py:73} INFO - Using connection ID 'postgres_default' for task execution.
[2026-03-08T14:53:47.651+0000] {sql.py:418} INFO - Running statement: 
                UPDATE raw_data.moderation_queue 
                SET user_id = %s, product_id = %s, review_text = %s, 
                    rating = %s, moderation_status = %s, flags = %s, submitted_at = %s
                WHERE review_id = %s
            , parameters: ('user_456', 'prod_102', 'Товар не соответствует описанию', 2, 'approved', [], datetime.datetime(2024, 1, 7, 15, 30), 'rev_556')
[2026-03-08T14:53:47.657+0000] {sql.py:427} INFO - Rows affected: 1
[2026-03-08T14:53:47.661+0000] {python.py:194} INFO - Done. Returned value was: None
[2026-03-08T14:53:47.707+0000] {taskinstance.py:1398} INFO - Marking task as SUCCESS. dag_id=mongo_replication, task_id=copy_all_collections, execution_date=20260308T142000, start_date=20260308T145344, end_date=20260308T145347
[2026-03-08T14:53:47.750+0000] {local_task_job_runner.py:228} INFO - Task exited with return code 0
[2026-03-08T14:53:47.908+0000] {taskinstance.py:2776} INFO - 0 downstream tasks scheduled from follow-on schedule check
