[2026-03-08T12:16:33.231+0000] {taskinstance.py:1157} INFO - Dependencies all met for dep_context=non-requeueable deps ti=<TaskInstance: mongo_replication.replicate_support_tickets scheduled__2026-03-08T12:00:00+00:00 [queued]>
[2026-03-08T12:16:33.276+0000] {taskinstance.py:1157} INFO - Dependencies all met for dep_context=requeueable deps ti=<TaskInstance: mongo_replication.replicate_support_tickets scheduled__2026-03-08T12:00:00+00:00 [queued]>
[2026-03-08T12:16:33.277+0000] {taskinstance.py:1359} INFO - Starting attempt 1 of 3
[2026-03-08T12:16:33.344+0000] {taskinstance.py:1380} INFO - Executing <Task(PythonOperator): replicate_support_tickets> on 2026-03-08 12:00:00+00:00
[2026-03-08T12:16:33.386+0000] {standard_task_runner.py:57} INFO - Started process 251 to run task
[2026-03-08T12:16:33.420+0000] {standard_task_runner.py:84} INFO - Running: ['airflow', 'tasks', 'run', 'mongo_replication', 'replicate_support_tickets', 'scheduled__2026-03-08T12:00:00+00:00', '--job-id', '11', '--raw', '--subdir', 'DAGS_FOLDER/replication_dag.py', '--cfg-path', '/tmp/tmpk9nrmjnf']
[2026-03-08T12:16:33.439+0000] {standard_task_runner.py:85} INFO - Job 11: Subtask replicate_support_tickets
[2026-03-08T12:16:33.709+0000] {logging_mixin.py:151} WARNING - /home/airflow/.local/lib/python3.9/site-packages/airflow/settings.py:195 DeprecationWarning: The sql_alchemy_conn option in [core] has been moved to the sql_alchemy_conn option in [database] - the old setting has been used, but please update your config.
[2026-03-08T12:16:35.066+0000] {task_command.py:415} INFO - Running <TaskInstance: mongo_replication.replicate_support_tickets scheduled__2026-03-08T12:00:00+00:00 [running]> on host 061c2a96f512
[2026-03-08T12:16:38.139+0000] {taskinstance.py:1660} INFO - Exporting env vars: AIRFLOW_CTX_DAG_OWNER='airflow' AIRFLOW_CTX_DAG_ID='mongo_replication' AIRFLOW_CTX_TASK_ID='replicate_support_tickets' AIRFLOW_CTX_EXECUTION_DATE='2026-03-08T12:00:00+00:00' AIRFLOW_CTX_TRY_NUMBER='1' AIRFLOW_CTX_DAG_RUN_ID='scheduled__2026-03-08T12:00:00+00:00'
[2026-03-08T12:16:38.161+0000] {crypto.py:82} WARNING - empty cryptography key - values will not be stored encrypted.
[2026-03-08T12:16:38.164+0000] {base.py:73} INFO - Using connection ID 'mongo_default' for task execution.
[2026-03-08T12:16:38.190+0000] {base.py:73} INFO - Using connection ID 'postgres_default' for task execution.
[2026-03-08T12:16:38.330+0000] {sql.py:418} INFO - Running statement: SELECT last_sequence_id FROM raw_data.replication_state WHERE collection_name = %s, parameters: ('support_tickets',)
[2026-03-08T12:16:38.536+0000] {sql.py:427} INFO - Rows affected: 1
[2026-03-08T12:16:41.184+0000] {taskinstance.py:1935} ERROR - Task failed with exception
Traceback (most recent call last):
  File "/home/airflow/.local/lib/python3.9/site-packages/airflow/operators/python.py", line 192, in execute
    return_value = self.execute_callable()
  File "/home/airflow/.local/lib/python3.9/site-packages/airflow/operators/python.py", line 209, in execute_callable
    return self.python_callable(*self.op_args, **self.op_kwargs)
  File "/opt/airflow/dags/replication_dag.py", line 45, in replicate_collection
    record = transform_func(doc)
  File "/opt/airflow/dags/replication_dag.py", line 108, in transform_support_ticket
    created = datetime.fromisoformat(doc['created_at'].replace('Z', '+00:00'))
AttributeError: 'dict' object has no attribute 'replace'
[2026-03-08T12:16:43.111+0000] {taskinstance.py:1398} INFO - Marking task as UP_FOR_RETRY. dag_id=mongo_replication, task_id=replicate_support_tickets, execution_date=20260308T120000, start_date=20260308T121633, end_date=20260308T121642
[2026-03-08T12:16:43.263+0000] {standard_task_runner.py:104} ERROR - Failed to execute job 11 for task replicate_support_tickets ('dict' object has no attribute 'replace'; 251)
[2026-03-08T12:16:44.029+0000] {local_task_job_runner.py:228} INFO - Task exited with return code 1
[2026-03-08T12:16:45.489+0000] {taskinstance.py:2776} INFO - 0 downstream tasks scheduled from follow-on schedule check
