[2026-03-08T15:00:01.988+0000] {taskinstance.py:1157} INFO - Dependencies all met for dep_context=non-requeueable deps ti=<TaskInstance: mongo_replication.copy_all_collections scheduled__2026-03-08T14:50:00+00:00 [queued]>
[2026-03-08T15:00:02.003+0000] {taskinstance.py:1157} INFO - Dependencies all met for dep_context=requeueable deps ti=<TaskInstance: mongo_replication.copy_all_collections scheduled__2026-03-08T14:50:00+00:00 [queued]>
[2026-03-08T15:00:02.004+0000] {taskinstance.py:1359} INFO - Starting attempt 1 of 2
[2026-03-08T15:00:02.035+0000] {taskinstance.py:1380} INFO - Executing <Task(PythonOperator): copy_all_collections> on 2026-03-08 14:50:00+00:00
[2026-03-08T15:00:02.045+0000] {standard_task_runner.py:57} INFO - Started process 403 to run task
[2026-03-08T15:00:02.058+0000] {standard_task_runner.py:84} INFO - Running: ['airflow', 'tasks', 'run', 'mongo_replication', 'copy_all_collections', 'scheduled__2026-03-08T14:50:00+00:00', '--job-id', '41', '--raw', '--subdir', 'DAGS_FOLDER/replication_dag.py', '--cfg-path', '/tmp/tmpsq5rhm41']
[2026-03-08T15:00:02.062+0000] {standard_task_runner.py:85} INFO - Job 41: Subtask copy_all_collections
[2026-03-08T15:00:02.106+0000] {logging_mixin.py:151} WARNING - /home/airflow/.local/lib/python3.9/site-packages/airflow/settings.py:195 DeprecationWarning: The sql_alchemy_conn option in [core] has been moved to the sql_alchemy_conn option in [database] - the old setting has been used, but please update your config.
[2026-03-08T15:00:02.186+0000] {task_command.py:415} INFO - Running <TaskInstance: mongo_replication.copy_all_collections scheduled__2026-03-08T14:50:00+00:00 [running]> on host 90cb6322f616
[2026-03-08T15:00:02.350+0000] {taskinstance.py:1660} INFO - Exporting env vars: AIRFLOW_CTX_DAG_OWNER='airflow' AIRFLOW_CTX_DAG_ID='mongo_replication' AIRFLOW_CTX_TASK_ID='copy_all_collections' AIRFLOW_CTX_EXECUTION_DATE='2026-03-08T14:50:00+00:00' AIRFLOW_CTX_TRY_NUMBER='1' AIRFLOW_CTX_DAG_RUN_ID='scheduled__2026-03-08T14:50:00+00:00'
[2026-03-08T15:00:02.354+0000] {crypto.py:82} WARNING - empty cryptography key - values will not be stored encrypted.
[2026-03-08T15:00:02.355+0000] {base.py:73} INFO - Using connection ID 'mongo_default' for task execution.
[2026-03-08T15:00:02.400+0000] {base.py:73} INFO - Using connection ID 'postgres_default' for task execution.
[2026-03-08T15:00:02.412+0000] {sql.py:418} INFO - Running statement: SELECT 1 FROM raw_data.user_sessions WHERE session_id = %s, parameters: ('sess_001',)
[2026-03-08T15:00:02.415+0000] {sql.py:427} INFO - Rows affected: 1
[2026-03-08T15:00:02.417+0000] {base.py:73} INFO - Using connection ID 'postgres_default' for task execution.
[2026-03-08T15:00:02.430+0000] {sql.py:418} INFO - Running statement: 
                UPDATE raw_data.user_sessions 
                SET user_id = %s, start_time = %s, end_time = %s, 
                    pages_visited = %s, device_type = %s, device_info = %s, 
                    actions = %s
                WHERE session_id = %s
            , parameters: ('user_123', datetime.datetime(2024, 1, 10, 9, 0), datetime.datetime(2024, 1, 10, 9, 30), ['/home', '/products', '/products/42', '/cart'], 'mobile', '{"mobile": {}}', ['login', 'view_product', 'add_to_cart', 'logout'], 'sess_001')
[2026-03-08T15:00:02.433+0000] {sql.py:427} INFO - Rows affected: 1
[2026-03-08T15:00:02.438+0000] {base.py:73} INFO - Using connection ID 'postgres_default' for task execution.
[2026-03-08T15:00:02.451+0000] {sql.py:418} INFO - Running statement: SELECT 1 FROM raw_data.user_sessions WHERE session_id = %s, parameters: ('sess_002',)
[2026-03-08T15:00:02.454+0000] {sql.py:427} INFO - Rows affected: 1
[2026-03-08T15:00:02.456+0000] {base.py:73} INFO - Using connection ID 'postgres_default' for task execution.
[2026-03-08T15:00:02.470+0000] {sql.py:418} INFO - Running statement: 
                UPDATE raw_data.user_sessions 
                SET user_id = %s, start_time = %s, end_time = %s, 
                    pages_visited = %s, device_type = %s, device_info = %s, 
                    actions = %s
                WHERE session_id = %s
            , parameters: ('user_123', datetime.datetime(2024, 1, 11, 14, 15), datetime.datetime(2024, 1, 11, 14, 45), ['/home', '/products', '/checkout'], 'desktop', '{"desktop": {}}', ['login', 'search', 'checkout', 'logout'], 'sess_002')
[2026-03-08T15:00:02.474+0000] {sql.py:427} INFO - Rows affected: 1
[2026-03-08T15:00:02.477+0000] {base.py:73} INFO - Using connection ID 'postgres_default' for task execution.
[2026-03-08T15:00:02.489+0000] {sql.py:418} INFO - Running statement: SELECT 1 FROM raw_data.user_sessions WHERE session_id = %s, parameters: ('sess_003',)
[2026-03-08T15:00:02.492+0000] {sql.py:427} INFO - Rows affected: 1
[2026-03-08T15:00:02.494+0000] {base.py:73} INFO - Using connection ID 'postgres_default' for task execution.
[2026-03-08T15:00:02.506+0000] {sql.py:418} INFO - Running statement: 
                UPDATE raw_data.user_sessions 
                SET user_id = %s, start_time = %s, end_time = %s, 
                    pages_visited = %s, device_type = %s, device_info = %s, 
                    actions = %s
                WHERE session_id = %s
            , parameters: ('user_456', datetime.datetime(2024, 1, 10, 10, 0), datetime.datetime(2024, 1, 10, 10, 20), ['/home', '/products', '/support'], 'tablet', '{"tablet": {}}', ['login', 'view_product', 'contact_support'], 'sess_003')
[2026-03-08T15:00:02.509+0000] {sql.py:427} INFO - Rows affected: 1
[2026-03-08T15:00:02.512+0000] {base.py:73} INFO - Using connection ID 'postgres_default' for task execution.
[2026-03-08T15:00:02.522+0000] {sql.py:418} INFO - Running statement: SELECT 1 FROM raw_data.event_logs WHERE event_id = %s, parameters: ('evt_1001',)
[2026-03-08T15:00:02.525+0000] {sql.py:427} INFO - Rows affected: 1
[2026-03-08T15:00:02.526+0000] {base.py:73} INFO - Using connection ID 'postgres_default' for task execution.
[2026-03-08T15:00:02.537+0000] {sql.py:418} INFO - Running statement: 
                UPDATE raw_data.event_logs 
                SET timestamp = %s, event_type = %s, details = %s
                WHERE event_id = %s
            , parameters: (datetime.datetime(2024, 1, 10, 9, 5, 20), 'click', '{"page": "/products/42"}', 'evt_1001')
[2026-03-08T15:00:02.539+0000] {sql.py:427} INFO - Rows affected: 1
[2026-03-08T15:00:02.542+0000] {base.py:73} INFO - Using connection ID 'postgres_default' for task execution.
[2026-03-08T15:00:02.552+0000] {sql.py:418} INFO - Running statement: SELECT 1 FROM raw_data.event_logs WHERE event_id = %s, parameters: ('evt_1002',)
[2026-03-08T15:00:02.554+0000] {sql.py:427} INFO - Rows affected: 1
[2026-03-08T15:00:02.556+0000] {base.py:73} INFO - Using connection ID 'postgres_default' for task execution.
[2026-03-08T15:00:02.572+0000] {sql.py:418} INFO - Running statement: 
                UPDATE raw_data.event_logs 
                SET timestamp = %s, event_type = %s, details = %s
                WHERE event_id = %s
            , parameters: (datetime.datetime(2024, 1, 10, 9, 6, 15), 'page_view', '{"page": "/cart"}', 'evt_1002')
[2026-03-08T15:00:02.575+0000] {sql.py:427} INFO - Rows affected: 1
[2026-03-08T15:00:02.577+0000] {base.py:73} INFO - Using connection ID 'postgres_default' for task execution.
[2026-03-08T15:00:02.588+0000] {sql.py:418} INFO - Running statement: SELECT 1 FROM raw_data.event_logs WHERE event_id = %s, parameters: ('evt_1003',)
[2026-03-08T15:00:02.590+0000] {sql.py:427} INFO - Rows affected: 1
[2026-03-08T15:00:02.592+0000] {base.py:73} INFO - Using connection ID 'postgres_default' for task execution.
[2026-03-08T15:00:02.604+0000] {sql.py:418} INFO - Running statement: 
                UPDATE raw_data.event_logs 
                SET timestamp = %s, event_type = %s, details = %s
                WHERE event_id = %s
            , parameters: (datetime.datetime(2024, 1, 11, 14, 30), 'purchase', '{"order_id": "ord_789", "amount": 150}', 'evt_1003')
[2026-03-08T15:00:02.607+0000] {sql.py:427} INFO - Rows affected: 1
[2026-03-08T15:00:02.609+0000] {base.py:73} INFO - Using connection ID 'postgres_default' for task execution.
[2026-03-08T15:00:02.619+0000] {sql.py:418} INFO - Running statement: SELECT 1 FROM raw_data.support_tickets WHERE ticket_id = %s, parameters: ('ticket_789',)
[2026-03-08T15:00:02.622+0000] {sql.py:427} INFO - Rows affected: 1
[2026-03-08T15:00:02.624+0000] {base.py:73} INFO - Using connection ID 'postgres_default' for task execution.
[2026-03-08T15:00:02.634+0000] {sql.py:418} INFO - Running statement: 
                UPDATE raw_data.support_tickets 
                SET user_id = %s, status = %s, issue_type = %s, 
                    messages = %s, created_at = %s, updated_at = %s
                WHERE ticket_id = %s
            , parameters: ('user_123', 'open', 'payment', '[{"sender": "user", "message": "\\u041d\\u0435 \\u043c\\u043e\\u0433\\u0443 \\u043e\\u043f\\u043b\\u0430\\u0442\\u0438\\u0442\\u044c \\u0437\\u0430\\u043a\\u0430\\u0437.", "timestamp": "2024-01-09T12:00:00"}, {"sender": "support", "message": "\\u041f\\u043e\\u0436\\u0430\\u043b\\u0443\\u0439\\u0441\\u0442\\u0430, \\u0443\\u0442\\u043e\\u0447\\u043d\\u0438\\u0442\\u0435 \\u0441\\u043f\\u043e\\u0441\\u043e\\u0431 \\u043e\\u043f\\u043b\\u0430\\u0442\\u044b.", "timestamp": "2024-01-09T13:00:00"}]', datetime.datetime(2024, 1, 9, 11, 55), datetime.datetime(2024, 1, 9, 13, 0), 'ticket_789')
[2026-03-08T15:00:02.637+0000] {sql.py:427} INFO - Rows affected: 1
[2026-03-08T15:00:02.639+0000] {base.py:73} INFO - Using connection ID 'postgres_default' for task execution.
[2026-03-08T15:00:02.652+0000] {sql.py:418} INFO - Running statement: SELECT 1 FROM raw_data.support_tickets WHERE ticket_id = %s, parameters: ('ticket_790',)
[2026-03-08T15:00:02.655+0000] {sql.py:427} INFO - Rows affected: 1
[2026-03-08T15:00:02.657+0000] {base.py:73} INFO - Using connection ID 'postgres_default' for task execution.
[2026-03-08T15:00:02.672+0000] {sql.py:418} INFO - Running statement: 
                UPDATE raw_data.support_tickets 
                SET user_id = %s, status = %s, issue_type = %s, 
                    messages = %s, created_at = %s, updated_at = %s
                WHERE ticket_id = %s
            , parameters: ('user_456', 'closed', 'technical', '[{"sender": "user", "message": "\\u0421\\u0430\\u0439\\u0442 \\u043d\\u0435 \\u0437\\u0430\\u0433\\u0440\\u0443\\u0436\\u0430\\u0435\\u0442\\u0441\\u044f", "timestamp": "2024-01-08T09:00:00"}, {"sender": "support", "message": "\\u041f\\u0440\\u043e\\u0431\\u043b\\u0435\\u043c\\u0430 \\u0440\\u0435\\u0448\\u0435\\u043d\\u0430, \\u043e\\u0447\\u0438\\u0441\\u0442\\u0438\\u0442\\u0435 \\u043a\\u044d\\u0448", "timestamp": "2024-01-08T10:30:00"}]', datetime.datetime(2024, 1, 8, 9, 0), datetime.datetime(2024, 1, 8, 10, 30), 'ticket_790')
[2026-03-08T15:00:02.679+0000] {sql.py:427} INFO - Rows affected: 1
[2026-03-08T15:00:02.686+0000] {base.py:73} INFO - Using connection ID 'postgres_default' for task execution.
[2026-03-08T15:00:02.700+0000] {sql.py:418} INFO - Running statement: SELECT 1 FROM raw_data.user_recommendations WHERE user_id = %s, parameters: ('user_123',)
[2026-03-08T15:00:02.703+0000] {sql.py:427} INFO - Rows affected: 1
[2026-03-08T15:00:02.706+0000] {base.py:73} INFO - Using connection ID 'postgres_default' for task execution.
[2026-03-08T15:00:02.720+0000] {sql.py:418} INFO - Running statement: 
                UPDATE raw_data.user_recommendations 
                SET recommended_products = %s, last_updated = %s
                WHERE user_id = %s
            , parameters: (['prod_101', 'prod_205', 'prod_333'], datetime.datetime(2024, 1, 10, 8, 0), 'user_123')
[2026-03-08T15:00:02.724+0000] {sql.py:427} INFO - Rows affected: 1
[2026-03-08T15:00:02.727+0000] {base.py:73} INFO - Using connection ID 'postgres_default' for task execution.
[2026-03-08T15:00:02.742+0000] {sql.py:418} INFO - Running statement: SELECT 1 FROM raw_data.user_recommendations WHERE user_id = %s, parameters: ('user_456',)
[2026-03-08T15:00:02.744+0000] {sql.py:427} INFO - Rows affected: 1
[2026-03-08T15:00:02.746+0000] {base.py:73} INFO - Using connection ID 'postgres_default' for task execution.
[2026-03-08T15:00:02.760+0000] {sql.py:418} INFO - Running statement: 
                UPDATE raw_data.user_recommendations 
                SET recommended_products = %s, last_updated = %s
                WHERE user_id = %s
            , parameters: (['prod_102', 'prod_206', 'prod_334', 'prod_401'], datetime.datetime(2024, 1, 10, 8, 0), 'user_456')
[2026-03-08T15:00:02.763+0000] {sql.py:427} INFO - Rows affected: 1
[2026-03-08T15:00:02.766+0000] {base.py:73} INFO - Using connection ID 'postgres_default' for task execution.
[2026-03-08T15:00:02.779+0000] {sql.py:418} INFO - Running statement: SELECT 1 FROM raw_data.moderation_queue WHERE review_id = %s, parameters: ('rev_555',)
[2026-03-08T15:00:02.782+0000] {sql.py:427} INFO - Rows affected: 1
[2026-03-08T15:00:02.784+0000] {base.py:73} INFO - Using connection ID 'postgres_default' for task execution.
[2026-03-08T15:00:02.801+0000] {sql.py:418} INFO - Running statement: 
                UPDATE raw_data.moderation_queue 
                SET user_id = %s, product_id = %s, review_text = %s, 
                    rating = %s, moderation_status = %s, flags = %s, submitted_at = %s
                WHERE review_id = %s
            , parameters: ('user_123', 'prod_101', 'Отличный товар, работает как нужно!', 5, 'pending', ['contains_images'], datetime.datetime(2024, 1, 8, 10, 20), 'rev_555')
[2026-03-08T15:00:02.804+0000] {sql.py:427} INFO - Rows affected: 1
[2026-03-08T15:00:02.808+0000] {base.py:73} INFO - Using connection ID 'postgres_default' for task execution.
[2026-03-08T15:00:02.829+0000] {sql.py:418} INFO - Running statement: SELECT 1 FROM raw_data.moderation_queue WHERE review_id = %s, parameters: ('rev_556',)
[2026-03-08T15:00:02.838+0000] {sql.py:427} INFO - Rows affected: 1
[2026-03-08T15:00:02.840+0000] {base.py:73} INFO - Using connection ID 'postgres_default' for task execution.
[2026-03-08T15:00:02.854+0000] {sql.py:418} INFO - Running statement: 
                UPDATE raw_data.moderation_queue 
                SET user_id = %s, product_id = %s, review_text = %s, 
                    rating = %s, moderation_status = %s, flags = %s, submitted_at = %s
                WHERE review_id = %s
            , parameters: ('user_456', 'prod_102', 'Товар не соответствует описанию', 2, 'approved', [], datetime.datetime(2024, 1, 7, 15, 30), 'rev_556')
[2026-03-08T15:00:02.860+0000] {sql.py:427} INFO - Rows affected: 1
[2026-03-08T15:00:02.865+0000] {python.py:194} INFO - Done. Returned value was: None
[2026-03-08T15:00:02.894+0000] {taskinstance.py:1398} INFO - Marking task as SUCCESS. dag_id=mongo_replication, task_id=copy_all_collections, execution_date=20260308T145000, start_date=20260308T150001, end_date=20260308T150002
[2026-03-08T15:00:02.935+0000] {local_task_job_runner.py:228} INFO - Task exited with return code 0
[2026-03-08T15:00:02.970+0000] {taskinstance.py:2776} INFO - 0 downstream tasks scheduled from follow-on schedule check
