[2026-03-08T14:53:46.719+0000] {taskinstance.py:1157} INFO - Dependencies all met for dep_context=non-requeueable deps ti=<TaskInstance: mongo_replication.copy_all_collections scheduled__2026-03-08T14:30:00+00:00 [queued]>
[2026-03-08T14:53:46.787+0000] {taskinstance.py:1157} INFO - Dependencies all met for dep_context=requeueable deps ti=<TaskInstance: mongo_replication.copy_all_collections scheduled__2026-03-08T14:30:00+00:00 [queued]>
[2026-03-08T14:53:46.788+0000] {taskinstance.py:1359} INFO - Starting attempt 1 of 2
[2026-03-08T14:53:46.836+0000] {taskinstance.py:1380} INFO - Executing <Task(PythonOperator): copy_all_collections> on 2026-03-08 14:30:00+00:00
[2026-03-08T14:53:46.849+0000] {standard_task_runner.py:57} INFO - Started process 274 to run task
[2026-03-08T14:53:46.860+0000] {standard_task_runner.py:84} INFO - Running: ['airflow', 'tasks', 'run', 'mongo_replication', 'copy_all_collections', 'scheduled__2026-03-08T14:30:00+00:00', '--job-id', '39', '--raw', '--subdir', 'DAGS_FOLDER/replication_dag.py', '--cfg-path', '/tmp/tmp_nhbqp7f']
[2026-03-08T14:53:46.874+0000] {standard_task_runner.py:85} INFO - Job 39: Subtask copy_all_collections
[2026-03-08T14:53:46.978+0000] {logging_mixin.py:151} WARNING - /home/airflow/.local/lib/python3.9/site-packages/airflow/settings.py:195 DeprecationWarning: The sql_alchemy_conn option in [core] has been moved to the sql_alchemy_conn option in [database] - the old setting has been used, but please update your config.
[2026-03-08T14:53:47.152+0000] {task_command.py:415} INFO - Running <TaskInstance: mongo_replication.copy_all_collections scheduled__2026-03-08T14:30:00+00:00 [running]> on host 90cb6322f616
[2026-03-08T14:53:47.465+0000] {taskinstance.py:1660} INFO - Exporting env vars: AIRFLOW_CTX_DAG_OWNER='airflow' AIRFLOW_CTX_DAG_ID='mongo_replication' AIRFLOW_CTX_TASK_ID='copy_all_collections' AIRFLOW_CTX_EXECUTION_DATE='2026-03-08T14:30:00+00:00' AIRFLOW_CTX_TRY_NUMBER='1' AIRFLOW_CTX_DAG_RUN_ID='scheduled__2026-03-08T14:30:00+00:00'
[2026-03-08T14:53:47.471+0000] {crypto.py:82} WARNING - empty cryptography key - values will not be stored encrypted.
[2026-03-08T14:53:47.473+0000] {base.py:73} INFO - Using connection ID 'mongo_default' for task execution.
[2026-03-08T14:53:47.535+0000] {base.py:73} INFO - Using connection ID 'postgres_default' for task execution.
[2026-03-08T14:53:47.551+0000] {sql.py:418} INFO - Running statement: SELECT 1 FROM raw_data.user_sessions WHERE session_id = %s, parameters: ('sess_001',)
[2026-03-08T14:53:47.559+0000] {sql.py:427} INFO - Rows affected: 1
[2026-03-08T14:53:47.561+0000] {base.py:73} INFO - Using connection ID 'postgres_default' for task execution.
[2026-03-08T14:53:47.582+0000] {sql.py:418} INFO - Running statement: 
                UPDATE raw_data.user_sessions 
                SET user_id = %s, start_time = %s, end_time = %s, 
                    pages_visited = %s, device_type = %s, device_info = %s, 
                    actions = %s
                WHERE session_id = %s
            , parameters: ('user_123', datetime.datetime(2024, 1, 10, 9, 0), datetime.datetime(2024, 1, 10, 9, 30), ['/home', '/products', '/products/42', '/cart'], 'mobile', '{"mobile": {}}', ['login', 'view_product', 'add_to_cart', 'logout'], 'sess_001')
[2026-03-08T14:53:47.588+0000] {sql.py:427} INFO - Rows affected: 1
[2026-03-08T14:53:47.594+0000] {base.py:73} INFO - Using connection ID 'postgres_default' for task execution.
[2026-03-08T14:53:47.612+0000] {sql.py:418} INFO - Running statement: SELECT 1 FROM raw_data.user_sessions WHERE session_id = %s, parameters: ('sess_002',)
[2026-03-08T14:53:47.615+0000] {sql.py:427} INFO - Rows affected: 1
[2026-03-08T14:53:47.617+0000] {base.py:73} INFO - Using connection ID 'postgres_default' for task execution.
[2026-03-08T14:53:47.633+0000] {sql.py:418} INFO - Running statement: 
                UPDATE raw_data.user_sessions 
                SET user_id = %s, start_time = %s, end_time = %s, 
                    pages_visited = %s, device_type = %s, device_info = %s, 
                    actions = %s
                WHERE session_id = %s
            , parameters: ('user_123', datetime.datetime(2024, 1, 11, 14, 15), datetime.datetime(2024, 1, 11, 14, 45), ['/home', '/products', '/checkout'], 'desktop', '{"desktop": {}}', ['login', 'search', 'checkout', 'logout'], 'sess_002')
[2026-03-08T14:53:47.636+0000] {sql.py:427} INFO - Rows affected: 1
[2026-03-08T14:53:47.638+0000] {base.py:73} INFO - Using connection ID 'postgres_default' for task execution.
[2026-03-08T14:53:47.655+0000] {sql.py:418} INFO - Running statement: SELECT 1 FROM raw_data.user_sessions WHERE session_id = %s, parameters: ('sess_003',)
[2026-03-08T14:53:47.658+0000] {sql.py:427} INFO - Rows affected: 1
[2026-03-08T14:53:47.660+0000] {base.py:73} INFO - Using connection ID 'postgres_default' for task execution.
[2026-03-08T14:53:47.680+0000] {sql.py:418} INFO - Running statement: 
                UPDATE raw_data.user_sessions 
                SET user_id = %s, start_time = %s, end_time = %s, 
                    pages_visited = %s, device_type = %s, device_info = %s, 
                    actions = %s
                WHERE session_id = %s
            , parameters: ('user_456', datetime.datetime(2024, 1, 10, 10, 0), datetime.datetime(2024, 1, 10, 10, 20), ['/home', '/products', '/support'], 'tablet', '{"tablet": {}}', ['login', 'view_product', 'contact_support'], 'sess_003')
[2026-03-08T14:53:47.685+0000] {sql.py:427} INFO - Rows affected: 1
[2026-03-08T14:53:47.688+0000] {base.py:73} INFO - Using connection ID 'postgres_default' for task execution.
[2026-03-08T14:53:47.711+0000] {sql.py:418} INFO - Running statement: SELECT 1 FROM raw_data.event_logs WHERE event_id = %s, parameters: ('evt_1001',)
[2026-03-08T14:53:47.719+0000] {sql.py:427} INFO - Rows affected: 1
[2026-03-08T14:53:47.722+0000] {base.py:73} INFO - Using connection ID 'postgres_default' for task execution.
[2026-03-08T14:53:47.742+0000] {sql.py:418} INFO - Running statement: 
                UPDATE raw_data.event_logs 
                SET timestamp = %s, event_type = %s, details = %s
                WHERE event_id = %s
            , parameters: (datetime.datetime(2024, 1, 10, 9, 5, 20), 'click', '{"page": "/products/42"}', 'evt_1001')
[2026-03-08T14:53:47.750+0000] {sql.py:427} INFO - Rows affected: 1
[2026-03-08T14:53:47.753+0000] {base.py:73} INFO - Using connection ID 'postgres_default' for task execution.
[2026-03-08T14:53:47.863+0000] {sql.py:418} INFO - Running statement: SELECT 1 FROM raw_data.event_logs WHERE event_id = %s, parameters: ('evt_1002',)
[2026-03-08T14:53:47.880+0000] {sql.py:427} INFO - Rows affected: 1
[2026-03-08T14:53:47.883+0000] {base.py:73} INFO - Using connection ID 'postgres_default' for task execution.
[2026-03-08T14:53:47.913+0000] {sql.py:418} INFO - Running statement: 
                UPDATE raw_data.event_logs 
                SET timestamp = %s, event_type = %s, details = %s
                WHERE event_id = %s
            , parameters: (datetime.datetime(2024, 1, 10, 9, 6, 15), 'page_view', '{"page": "/cart"}', 'evt_1002')
[2026-03-08T14:53:47.918+0000] {sql.py:427} INFO - Rows affected: 1
[2026-03-08T14:53:47.924+0000] {base.py:73} INFO - Using connection ID 'postgres_default' for task execution.
[2026-03-08T14:53:47.946+0000] {sql.py:418} INFO - Running statement: SELECT 1 FROM raw_data.event_logs WHERE event_id = %s, parameters: ('evt_1003',)
[2026-03-08T14:53:47.950+0000] {sql.py:427} INFO - Rows affected: 1
[2026-03-08T14:53:47.951+0000] {base.py:73} INFO - Using connection ID 'postgres_default' for task execution.
[2026-03-08T14:53:47.979+0000] {sql.py:418} INFO - Running statement: 
                UPDATE raw_data.event_logs 
                SET timestamp = %s, event_type = %s, details = %s
                WHERE event_id = %s
            , parameters: (datetime.datetime(2024, 1, 11, 14, 30), 'purchase', '{"order_id": "ord_789", "amount": 150}', 'evt_1003')
[2026-03-08T14:53:47.983+0000] {sql.py:427} INFO - Rows affected: 1
[2026-03-08T14:53:47.988+0000] {base.py:73} INFO - Using connection ID 'postgres_default' for task execution.
[2026-03-08T14:53:48.008+0000] {sql.py:418} INFO - Running statement: SELECT 1 FROM raw_data.support_tickets WHERE ticket_id = %s, parameters: ('ticket_789',)
[2026-03-08T14:53:48.012+0000] {sql.py:427} INFO - Rows affected: 1
[2026-03-08T14:53:48.017+0000] {base.py:73} INFO - Using connection ID 'postgres_default' for task execution.
[2026-03-08T14:53:48.034+0000] {sql.py:418} INFO - Running statement: 
                UPDATE raw_data.support_tickets 
                SET user_id = %s, status = %s, issue_type = %s, 
                    messages = %s, created_at = %s, updated_at = %s
                WHERE ticket_id = %s
            , parameters: ('user_123', 'open', 'payment', '[{"sender": "user", "message": "\\u041d\\u0435 \\u043c\\u043e\\u0433\\u0443 \\u043e\\u043f\\u043b\\u0430\\u0442\\u0438\\u0442\\u044c \\u0437\\u0430\\u043a\\u0430\\u0437.", "timestamp": "2024-01-09T12:00:00"}, {"sender": "support", "message": "\\u041f\\u043e\\u0436\\u0430\\u043b\\u0443\\u0439\\u0441\\u0442\\u0430, \\u0443\\u0442\\u043e\\u0447\\u043d\\u0438\\u0442\\u0435 \\u0441\\u043f\\u043e\\u0441\\u043e\\u0431 \\u043e\\u043f\\u043b\\u0430\\u0442\\u044b.", "timestamp": "2024-01-09T13:00:00"}]', datetime.datetime(2024, 1, 9, 11, 55), datetime.datetime(2024, 1, 9, 13, 0), 'ticket_789')
[2026-03-08T14:53:48.038+0000] {sql.py:427} INFO - Rows affected: 1
[2026-03-08T14:53:48.041+0000] {base.py:73} INFO - Using connection ID 'postgres_default' for task execution.
[2026-03-08T14:53:48.062+0000] {sql.py:418} INFO - Running statement: SELECT 1 FROM raw_data.support_tickets WHERE ticket_id = %s, parameters: ('ticket_790',)
[2026-03-08T14:53:48.066+0000] {sql.py:427} INFO - Rows affected: 1
[2026-03-08T14:53:48.069+0000] {base.py:73} INFO - Using connection ID 'postgres_default' for task execution.
[2026-03-08T14:53:48.094+0000] {sql.py:418} INFO - Running statement: 
                UPDATE raw_data.support_tickets 
                SET user_id = %s, status = %s, issue_type = %s, 
                    messages = %s, created_at = %s, updated_at = %s
                WHERE ticket_id = %s
            , parameters: ('user_456', 'closed', 'technical', '[{"sender": "user", "message": "\\u0421\\u0430\\u0439\\u0442 \\u043d\\u0435 \\u0437\\u0430\\u0433\\u0440\\u0443\\u0436\\u0430\\u0435\\u0442\\u0441\\u044f", "timestamp": "2024-01-08T09:00:00"}, {"sender": "support", "message": "\\u041f\\u0440\\u043e\\u0431\\u043b\\u0435\\u043c\\u0430 \\u0440\\u0435\\u0448\\u0435\\u043d\\u0430, \\u043e\\u0447\\u0438\\u0441\\u0442\\u0438\\u0442\\u0435 \\u043a\\u044d\\u0448", "timestamp": "2024-01-08T10:30:00"}]', datetime.datetime(2024, 1, 8, 9, 0), datetime.datetime(2024, 1, 8, 10, 30), 'ticket_790')
[2026-03-08T14:53:48.099+0000] {sql.py:427} INFO - Rows affected: 1
[2026-03-08T14:53:48.114+0000] {base.py:73} INFO - Using connection ID 'postgres_default' for task execution.
[2026-03-08T14:53:48.134+0000] {sql.py:418} INFO - Running statement: SELECT 1 FROM raw_data.user_recommendations WHERE user_id = %s, parameters: ('user_123',)
[2026-03-08T14:53:48.137+0000] {sql.py:427} INFO - Rows affected: 1
[2026-03-08T14:53:48.140+0000] {base.py:73} INFO - Using connection ID 'postgres_default' for task execution.
[2026-03-08T14:53:48.160+0000] {sql.py:418} INFO - Running statement: 
                UPDATE raw_data.user_recommendations 
                SET recommended_products = %s, last_updated = %s
                WHERE user_id = %s
            , parameters: (['prod_101', 'prod_205', 'prod_333'], datetime.datetime(2024, 1, 10, 8, 0), 'user_123')
[2026-03-08T14:53:48.165+0000] {sql.py:427} INFO - Rows affected: 1
[2026-03-08T14:53:48.170+0000] {base.py:73} INFO - Using connection ID 'postgres_default' for task execution.
[2026-03-08T14:53:48.192+0000] {sql.py:418} INFO - Running statement: SELECT 1 FROM raw_data.user_recommendations WHERE user_id = %s, parameters: ('user_456',)
[2026-03-08T14:53:48.198+0000] {sql.py:427} INFO - Rows affected: 1
[2026-03-08T14:53:48.221+0000] {base.py:73} INFO - Using connection ID 'postgres_default' for task execution.
[2026-03-08T14:53:48.246+0000] {sql.py:418} INFO - Running statement: 
                UPDATE raw_data.user_recommendations 
                SET recommended_products = %s, last_updated = %s
                WHERE user_id = %s
            , parameters: (['prod_102', 'prod_206', 'prod_334', 'prod_401'], datetime.datetime(2024, 1, 10, 8, 0), 'user_456')
[2026-03-08T14:53:48.254+0000] {sql.py:427} INFO - Rows affected: 1
[2026-03-08T14:53:48.256+0000] {base.py:73} INFO - Using connection ID 'postgres_default' for task execution.
[2026-03-08T14:53:48.280+0000] {sql.py:418} INFO - Running statement: SELECT 1 FROM raw_data.moderation_queue WHERE review_id = %s, parameters: ('rev_555',)
[2026-03-08T14:53:48.283+0000] {sql.py:427} INFO - Rows affected: 1
[2026-03-08T14:53:48.285+0000] {base.py:73} INFO - Using connection ID 'postgres_default' for task execution.
[2026-03-08T14:53:48.298+0000] {sql.py:418} INFO - Running statement: 
                UPDATE raw_data.moderation_queue 
                SET user_id = %s, product_id = %s, review_text = %s, 
                    rating = %s, moderation_status = %s, flags = %s, submitted_at = %s
                WHERE review_id = %s
            , parameters: ('user_123', 'prod_101', 'Отличный товар, работает как нужно!', 5, 'pending', ['contains_images'], datetime.datetime(2024, 1, 8, 10, 20), 'rev_555')
[2026-03-08T14:53:48.301+0000] {sql.py:427} INFO - Rows affected: 1
[2026-03-08T14:53:48.304+0000] {base.py:73} INFO - Using connection ID 'postgres_default' for task execution.
[2026-03-08T14:53:48.318+0000] {sql.py:418} INFO - Running statement: SELECT 1 FROM raw_data.moderation_queue WHERE review_id = %s, parameters: ('rev_556',)
[2026-03-08T14:53:48.323+0000] {sql.py:427} INFO - Rows affected: 1
[2026-03-08T14:53:48.324+0000] {base.py:73} INFO - Using connection ID 'postgres_default' for task execution.
[2026-03-08T14:53:48.341+0000] {sql.py:418} INFO - Running statement: 
                UPDATE raw_data.moderation_queue 
                SET user_id = %s, product_id = %s, review_text = %s, 
                    rating = %s, moderation_status = %s, flags = %s, submitted_at = %s
                WHERE review_id = %s
            , parameters: ('user_456', 'prod_102', 'Товар не соответствует описанию', 2, 'approved', [], datetime.datetime(2024, 1, 7, 15, 30), 'rev_556')
[2026-03-08T14:53:48.345+0000] {sql.py:427} INFO - Rows affected: 1
[2026-03-08T14:53:48.348+0000] {python.py:194} INFO - Done. Returned value was: None
[2026-03-08T14:53:48.374+0000] {taskinstance.py:1398} INFO - Marking task as SUCCESS. dag_id=mongo_replication, task_id=copy_all_collections, execution_date=20260308T143000, start_date=20260308T145346, end_date=20260308T145348
[2026-03-08T14:53:48.471+0000] {local_task_job_runner.py:228} INFO - Task exited with return code 0
[2026-03-08T14:53:48.510+0000] {taskinstance.py:2776} INFO - 0 downstream tasks scheduled from follow-on schedule check
