[2026-03-08T12:36:31.067+0000] {taskinstance.py:1157} INFO - Dependencies all met for dep_context=non-requeueable deps ti=<TaskInstance: mongo_replication.copy_all_collections manual__2026-03-08T12:36:28.278772+00:00 [queued]>
[2026-03-08T12:36:31.079+0000] {taskinstance.py:1157} INFO - Dependencies all met for dep_context=requeueable deps ti=<TaskInstance: mongo_replication.copy_all_collections manual__2026-03-08T12:36:28.278772+00:00 [queued]>
[2026-03-08T12:36:31.080+0000] {taskinstance.py:1359} INFO - Starting attempt 1 of 2
[2026-03-08T12:36:31.099+0000] {taskinstance.py:1380} INFO - Executing <Task(PythonOperator): copy_all_collections> on 2026-03-08 12:36:28.278772+00:00
[2026-03-08T12:36:31.107+0000] {standard_task_runner.py:57} INFO - Started process 751 to run task
[2026-03-08T12:36:31.113+0000] {standard_task_runner.py:84} INFO - Running: ['airflow', 'tasks', 'run', 'mongo_replication', 'copy_all_collections', 'manual__2026-03-08T12:36:28.278772+00:00', '--job-id', '23', '--raw', '--subdir', 'DAGS_FOLDER/replication_dag.py', '--cfg-path', '/tmp/tmp8go2u8x6']
[2026-03-08T12:36:31.119+0000] {standard_task_runner.py:85} INFO - Job 23: Subtask copy_all_collections
[2026-03-08T12:36:31.156+0000] {logging_mixin.py:151} WARNING - /home/airflow/.local/lib/python3.9/site-packages/airflow/settings.py:195 DeprecationWarning: The sql_alchemy_conn option in [core] has been moved to the sql_alchemy_conn option in [database] - the old setting has been used, but please update your config.
[2026-03-08T12:36:31.253+0000] {task_command.py:415} INFO - Running <TaskInstance: mongo_replication.copy_all_collections manual__2026-03-08T12:36:28.278772+00:00 [running]> on host 061c2a96f512
[2026-03-08T12:36:31.706+0000] {taskinstance.py:1660} INFO - Exporting env vars: AIRFLOW_CTX_DAG_OWNER='airflow' AIRFLOW_CTX_DAG_ID='mongo_replication' AIRFLOW_CTX_TASK_ID='copy_all_collections' AIRFLOW_CTX_EXECUTION_DATE='2026-03-08T12:36:28.278772+00:00' AIRFLOW_CTX_TRY_NUMBER='1' AIRFLOW_CTX_DAG_RUN_ID='manual__2026-03-08T12:36:28.278772+00:00'
[2026-03-08T12:36:31.711+0000] {crypto.py:82} WARNING - empty cryptography key - values will not be stored encrypted.
[2026-03-08T12:36:31.713+0000] {base.py:73} INFO - Using connection ID 'mongo_default' for task execution.
[2026-03-08T12:36:31.781+0000] {base.py:73} INFO - Using connection ID 'postgres_default' for task execution.
[2026-03-08T12:36:31.798+0000] {sql.py:418} INFO - Running statement: SELECT 1 FROM raw_data.user_sessions WHERE session_id = %s, parameters: ('sess_001',)
[2026-03-08T12:36:31.801+0000] {sql.py:427} INFO - Rows affected: 1
[2026-03-08T12:36:31.805+0000] {base.py:73} INFO - Using connection ID 'postgres_default' for task execution.
[2026-03-08T12:36:31.821+0000] {sql.py:418} INFO - Running statement: 
                UPDATE raw_data.user_sessions 
                SET user_id = %s, start_time = %s, end_time = %s, 
                    pages_visited = %s, device_type = %s, device_info = %s, 
                    actions = %s
                WHERE session_id = %s
            , parameters: ('user_123', datetime.datetime(2024, 1, 10, 9, 0), datetime.datetime(2024, 1, 10, 9, 30), ['/home', '/products', '/products/42', '/cart'], 'mobile', '{"mobile": {}}', ['login', 'view_product', 'add_to_cart', 'logout'], 'sess_001')
[2026-03-08T12:36:31.825+0000] {sql.py:427} INFO - Rows affected: 1
[2026-03-08T12:36:31.831+0000] {base.py:73} INFO - Using connection ID 'postgres_default' for task execution.
[2026-03-08T12:36:31.849+0000] {sql.py:418} INFO - Running statement: SELECT 1 FROM raw_data.user_sessions WHERE session_id = %s, parameters: ('sess_002',)
[2026-03-08T12:36:31.853+0000] {sql.py:427} INFO - Rows affected: 1
[2026-03-08T12:36:31.872+0000] {base.py:73} INFO - Using connection ID 'postgres_default' for task execution.
[2026-03-08T12:36:31.894+0000] {sql.py:418} INFO - Running statement: 
                UPDATE raw_data.user_sessions 
                SET user_id = %s, start_time = %s, end_time = %s, 
                    pages_visited = %s, device_type = %s, device_info = %s, 
                    actions = %s
                WHERE session_id = %s
            , parameters: ('user_123', datetime.datetime(2024, 1, 11, 14, 15), datetime.datetime(2024, 1, 11, 14, 45), ['/home', '/products', '/checkout'], 'desktop', '{"desktop": {}}', ['login', 'search', 'checkout', 'logout'], 'sess_002')
[2026-03-08T12:36:31.898+0000] {sql.py:427} INFO - Rows affected: 1
[2026-03-08T12:36:31.901+0000] {base.py:73} INFO - Using connection ID 'postgres_default' for task execution.
[2026-03-08T12:36:31.917+0000] {sql.py:418} INFO - Running statement: SELECT 1 FROM raw_data.user_sessions WHERE session_id = %s, parameters: ('sess_003',)
[2026-03-08T12:36:31.920+0000] {sql.py:427} INFO - Rows affected: 1
[2026-03-08T12:36:31.924+0000] {base.py:73} INFO - Using connection ID 'postgres_default' for task execution.
[2026-03-08T12:36:31.941+0000] {sql.py:418} INFO - Running statement: 
                UPDATE raw_data.user_sessions 
                SET user_id = %s, start_time = %s, end_time = %s, 
                    pages_visited = %s, device_type = %s, device_info = %s, 
                    actions = %s
                WHERE session_id = %s
            , parameters: ('user_456', datetime.datetime(2024, 1, 10, 10, 0), datetime.datetime(2024, 1, 10, 10, 20), ['/home', '/products', '/support'], 'tablet', '{"tablet": {}}', ['login', 'view_product', 'contact_support'], 'sess_003')
[2026-03-08T12:36:31.944+0000] {sql.py:427} INFO - Rows affected: 1
[2026-03-08T12:36:31.948+0000] {base.py:73} INFO - Using connection ID 'postgres_default' for task execution.
[2026-03-08T12:36:31.962+0000] {sql.py:418} INFO - Running statement: SELECT 1 FROM raw_data.event_logs WHERE event_id = %s, parameters: ('evt_1001',)
[2026-03-08T12:36:31.966+0000] {sql.py:427} INFO - Rows affected: 1
[2026-03-08T12:36:31.967+0000] {base.py:73} INFO - Using connection ID 'postgres_default' for task execution.
[2026-03-08T12:36:31.984+0000] {sql.py:418} INFO - Running statement: 
                UPDATE raw_data.event_logs 
                SET timestamp = %s, event_type = %s, details = %s
                WHERE event_id = %s
            , parameters: (datetime.datetime(2024, 1, 10, 9, 5, 20), 'click', '{"page": "/products/42"}', 'evt_1001')
[2026-03-08T12:36:31.990+0000] {sql.py:427} INFO - Rows affected: 1
[2026-03-08T12:36:31.997+0000] {base.py:73} INFO - Using connection ID 'postgres_default' for task execution.
[2026-03-08T12:36:32.012+0000] {sql.py:418} INFO - Running statement: SELECT 1 FROM raw_data.event_logs WHERE event_id = %s, parameters: ('evt_1002',)
[2026-03-08T12:36:32.015+0000] {sql.py:427} INFO - Rows affected: 1
[2026-03-08T12:36:32.017+0000] {base.py:73} INFO - Using connection ID 'postgres_default' for task execution.
[2026-03-08T12:36:32.032+0000] {sql.py:418} INFO - Running statement: 
                UPDATE raw_data.event_logs 
                SET timestamp = %s, event_type = %s, details = %s
                WHERE event_id = %s
            , parameters: (datetime.datetime(2024, 1, 10, 9, 6, 15), 'page_view', '{"page": "/cart"}', 'evt_1002')
[2026-03-08T12:36:32.041+0000] {sql.py:427} INFO - Rows affected: 1
[2026-03-08T12:36:32.044+0000] {base.py:73} INFO - Using connection ID 'postgres_default' for task execution.
[2026-03-08T12:36:32.060+0000] {sql.py:418} INFO - Running statement: SELECT 1 FROM raw_data.event_logs WHERE event_id = %s, parameters: ('evt_1003',)
[2026-03-08T12:36:32.063+0000] {sql.py:427} INFO - Rows affected: 1
[2026-03-08T12:36:32.065+0000] {base.py:73} INFO - Using connection ID 'postgres_default' for task execution.
[2026-03-08T12:36:32.081+0000] {sql.py:418} INFO - Running statement: 
                UPDATE raw_data.event_logs 
                SET timestamp = %s, event_type = %s, details = %s
                WHERE event_id = %s
            , parameters: (datetime.datetime(2024, 1, 11, 14, 30), 'purchase', '{"order_id": "ord_789", "amount": 150}', 'evt_1003')
[2026-03-08T12:36:32.087+0000] {sql.py:427} INFO - Rows affected: 1
[2026-03-08T12:36:32.091+0000] {base.py:73} INFO - Using connection ID 'postgres_default' for task execution.
[2026-03-08T12:36:32.110+0000] {sql.py:418} INFO - Running statement: SELECT 1 FROM raw_data.support_tickets WHERE ticket_id = %s, parameters: ('ticket_789',)
[2026-03-08T12:36:32.113+0000] {sql.py:427} INFO - Rows affected: 1
[2026-03-08T12:36:32.118+0000] {base.py:73} INFO - Using connection ID 'postgres_default' for task execution.
[2026-03-08T12:36:32.133+0000] {sql.py:418} INFO - Running statement: 
                UPDATE raw_data.support_tickets 
                SET user_id = %s, status = %s, issue_type = %s, 
                    messages = %s, created_at = %s, updated_at = %s
                WHERE ticket_id = %s
            , parameters: ('user_123', 'open', 'payment', '[{"sender": "user", "message": "\\u041d\\u0435 \\u043c\\u043e\\u0433\\u0443 \\u043e\\u043f\\u043b\\u0430\\u0442\\u0438\\u0442\\u044c \\u0437\\u0430\\u043a\\u0430\\u0437.", "timestamp": "2024-01-09T12:00:00"}, {"sender": "support", "message": "\\u041f\\u043e\\u0436\\u0430\\u043b\\u0443\\u0439\\u0441\\u0442\\u0430, \\u0443\\u0442\\u043e\\u0447\\u043d\\u0438\\u0442\\u0435 \\u0441\\u043f\\u043e\\u0441\\u043e\\u0431 \\u043e\\u043f\\u043b\\u0430\\u0442\\u044b.", "timestamp": "2024-01-09T13:00:00"}]', datetime.datetime(2024, 1, 9, 11, 55), datetime.datetime(2024, 1, 9, 13, 0), 'ticket_789')
[2026-03-08T12:36:32.136+0000] {sql.py:427} INFO - Rows affected: 1
[2026-03-08T12:36:32.141+0000] {base.py:73} INFO - Using connection ID 'postgres_default' for task execution.
[2026-03-08T12:36:32.225+0000] {sql.py:418} INFO - Running statement: SELECT 1 FROM raw_data.support_tickets WHERE ticket_id = %s, parameters: ('ticket_790',)
[2026-03-08T12:36:32.299+0000] {sql.py:427} INFO - Rows affected: 1
[2026-03-08T12:36:32.325+0000] {base.py:73} INFO - Using connection ID 'postgres_default' for task execution.
[2026-03-08T12:36:32.392+0000] {sql.py:418} INFO - Running statement: 
                UPDATE raw_data.support_tickets 
                SET user_id = %s, status = %s, issue_type = %s, 
                    messages = %s, created_at = %s, updated_at = %s
                WHERE ticket_id = %s
            , parameters: ('user_456', 'closed', 'technical', '[{"sender": "user", "message": "\\u0421\\u0430\\u0439\\u0442 \\u043d\\u0435 \\u0437\\u0430\\u0433\\u0440\\u0443\\u0436\\u0430\\u0435\\u0442\\u0441\\u044f", "timestamp": "2024-01-08T09:00:00"}, {"sender": "support", "message": "\\u041f\\u0440\\u043e\\u0431\\u043b\\u0435\\u043c\\u0430 \\u0440\\u0435\\u0448\\u0435\\u043d\\u0430, \\u043e\\u0447\\u0438\\u0441\\u0442\\u0438\\u0442\\u0435 \\u043a\\u044d\\u0448", "timestamp": "2024-01-08T10:30:00"}]', datetime.datetime(2024, 1, 8, 9, 0), datetime.datetime(2024, 1, 8, 10, 30), 'ticket_790')
[2026-03-08T12:36:32.400+0000] {sql.py:427} INFO - Rows affected: 1
[2026-03-08T12:36:32.403+0000] {base.py:73} INFO - Using connection ID 'postgres_default' for task execution.
[2026-03-08T12:36:32.430+0000] {sql.py:418} INFO - Running statement: SELECT 1 FROM raw_data.user_recommendations WHERE user_id = %s, parameters: ('user_123',)
[2026-03-08T12:36:32.436+0000] {sql.py:427} INFO - Rows affected: 1
[2026-03-08T12:36:32.439+0000] {base.py:73} INFO - Using connection ID 'postgres_default' for task execution.
[2026-03-08T12:36:32.468+0000] {sql.py:418} INFO - Running statement: 
                UPDATE raw_data.user_recommendations 
                SET recommended_products = %s, last_updated = %s
                WHERE user_id = %s
            , parameters: (['prod_101', 'prod_205', 'prod_333'], datetime.datetime(2024, 1, 10, 8, 0), 'user_123')
[2026-03-08T12:36:32.473+0000] {sql.py:427} INFO - Rows affected: 1
[2026-03-08T12:36:32.482+0000] {base.py:73} INFO - Using connection ID 'postgres_default' for task execution.
[2026-03-08T12:36:32.534+0000] {sql.py:418} INFO - Running statement: SELECT 1 FROM raw_data.user_recommendations WHERE user_id = %s, parameters: ('user_456',)
[2026-03-08T12:36:32.544+0000] {sql.py:427} INFO - Rows affected: 1
[2026-03-08T12:36:32.552+0000] {base.py:73} INFO - Using connection ID 'postgres_default' for task execution.
[2026-03-08T12:36:32.682+0000] {sql.py:418} INFO - Running statement: 
                UPDATE raw_data.user_recommendations 
                SET recommended_products = %s, last_updated = %s
                WHERE user_id = %s
            , parameters: (['prod_102', 'prod_206', 'prod_334', 'prod_401'], datetime.datetime(2024, 1, 10, 8, 0), 'user_456')
[2026-03-08T12:36:32.701+0000] {sql.py:427} INFO - Rows affected: 1
[2026-03-08T12:36:32.706+0000] {base.py:73} INFO - Using connection ID 'postgres_default' for task execution.
[2026-03-08T12:36:32.758+0000] {sql.py:418} INFO - Running statement: SELECT 1 FROM raw_data.moderation_queue WHERE review_id = %s, parameters: ('rev_555',)
[2026-03-08T12:36:32.768+0000] {sql.py:427} INFO - Rows affected: 1
[2026-03-08T12:36:32.773+0000] {base.py:73} INFO - Using connection ID 'postgres_default' for task execution.
[2026-03-08T12:36:32.804+0000] {sql.py:418} INFO - Running statement: 
                UPDATE raw_data.moderation_queue 
                SET user_id = %s, product_id = %s, review_text = %s, 
                    rating = %s, moderation_status = %s, flags = %s, submitted_at = %s
                WHERE review_id = %s
            , parameters: ('user_123', 'prod_101', 'Отличный товар, работает как нужно!', 5, 'pending', ['contains_images'], datetime.datetime(2024, 1, 8, 10, 20), 'rev_555')
[2026-03-08T12:36:32.811+0000] {sql.py:427} INFO - Rows affected: 1
[2026-03-08T12:36:32.817+0000] {base.py:73} INFO - Using connection ID 'postgres_default' for task execution.
[2026-03-08T12:36:32.858+0000] {sql.py:418} INFO - Running statement: SELECT 1 FROM raw_data.moderation_queue WHERE review_id = %s, parameters: ('rev_556',)
[2026-03-08T12:36:32.868+0000] {sql.py:427} INFO - Rows affected: 1
[2026-03-08T12:36:32.888+0000] {base.py:73} INFO - Using connection ID 'postgres_default' for task execution.
[2026-03-08T12:36:33.016+0000] {sql.py:418} INFO - Running statement: 
                UPDATE raw_data.moderation_queue 
                SET user_id = %s, product_id = %s, review_text = %s, 
                    rating = %s, moderation_status = %s, flags = %s, submitted_at = %s
                WHERE review_id = %s
            , parameters: ('user_456', 'prod_102', 'Товар не соответствует описанию', 2, 'approved', [], datetime.datetime(2024, 1, 7, 15, 30), 'rev_556')
[2026-03-08T12:36:33.031+0000] {sql.py:427} INFO - Rows affected: 1
[2026-03-08T12:36:33.033+0000] {logging_mixin.py:151} INFO - ==================================================
[2026-03-08T12:36:33.034+0000] {logging_mixin.py:151} INFO - РЕПЛИКАЦИЯ ЗАВЕРШЕНА
[2026-03-08T12:36:33.036+0000] {logging_mixin.py:151} INFO - Сессии: 3
[2026-03-08T12:36:33.036+0000] {logging_mixin.py:151} INFO - События: 3
[2026-03-08T12:36:33.041+0000] {logging_mixin.py:151} INFO - Тикеты: 2
[2026-03-08T12:36:33.043+0000] {logging_mixin.py:151} INFO - Рекомендации: 2
[2026-03-08T12:36:33.045+0000] {logging_mixin.py:151} INFO - Модерация: 2
[2026-03-08T12:36:33.046+0000] {logging_mixin.py:151} INFO - ==================================================
[2026-03-08T12:36:33.048+0000] {python.py:194} INFO - Done. Returned value was: None
[2026-03-08T12:36:33.108+0000] {taskinstance.py:1398} INFO - Marking task as SUCCESS. dag_id=mongo_replication, task_id=copy_all_collections, execution_date=20260308T123628, start_date=20260308T123631, end_date=20260308T123633
[2026-03-08T12:36:33.239+0000] {local_task_job_runner.py:228} INFO - Task exited with return code 0
[2026-03-08T12:36:33.384+0000] {taskinstance.py:2776} INFO - 0 downstream tasks scheduled from follow-on schedule check
