[2026-03-08T12:30:55.589+0000] {taskinstance.py:1157} INFO - Dependencies all met for dep_context=non-requeueable deps ti=<TaskInstance: mongo_replication.copy_all_collections scheduled__2026-03-08T12:00:00+00:00 [queued]>
[2026-03-08T12:30:55.628+0000] {taskinstance.py:1157} INFO - Dependencies all met for dep_context=requeueable deps ti=<TaskInstance: mongo_replication.copy_all_collections scheduled__2026-03-08T12:00:00+00:00 [queued]>
[2026-03-08T12:30:55.629+0000] {taskinstance.py:1359} INFO - Starting attempt 2 of 2
[2026-03-08T12:30:55.667+0000] {taskinstance.py:1380} INFO - Executing <Task(PythonOperator): copy_all_collections> on 2026-03-08 12:00:00+00:00
[2026-03-08T12:30:55.689+0000] {standard_task_runner.py:57} INFO - Started process 609 to run task
[2026-03-08T12:30:55.704+0000] {standard_task_runner.py:84} INFO - Running: ['airflow', 'tasks', 'run', 'mongo_replication', 'copy_all_collections', 'scheduled__2026-03-08T12:00:00+00:00', '--job-id', '17', '--raw', '--subdir', 'DAGS_FOLDER/replication_dag.py', '--cfg-path', '/tmp/tmpkk425d4o']
[2026-03-08T12:30:55.710+0000] {standard_task_runner.py:85} INFO - Job 17: Subtask copy_all_collections
[2026-03-08T12:30:55.801+0000] {logging_mixin.py:151} WARNING - /home/airflow/.local/lib/python3.9/site-packages/airflow/settings.py:195 DeprecationWarning: The sql_alchemy_conn option in [core] has been moved to the sql_alchemy_conn option in [database] - the old setting has been used, but please update your config.
[2026-03-08T12:30:56.003+0000] {task_command.py:415} INFO - Running <TaskInstance: mongo_replication.copy_all_collections scheduled__2026-03-08T12:00:00+00:00 [running]> on host 061c2a96f512
[2026-03-08T12:30:56.248+0000] {taskinstance.py:1660} INFO - Exporting env vars: AIRFLOW_CTX_DAG_OWNER='airflow' AIRFLOW_CTX_DAG_ID='mongo_replication' AIRFLOW_CTX_TASK_ID='copy_all_collections' AIRFLOW_CTX_EXECUTION_DATE='2026-03-08T12:00:00+00:00' AIRFLOW_CTX_TRY_NUMBER='2' AIRFLOW_CTX_DAG_RUN_ID='scheduled__2026-03-08T12:00:00+00:00'
[2026-03-08T12:30:56.255+0000] {crypto.py:82} WARNING - empty cryptography key - values will not be stored encrypted.
[2026-03-08T12:30:56.256+0000] {base.py:73} INFO - Using connection ID 'mongo_default' for task execution.
[2026-03-08T12:30:56.318+0000] {base.py:73} INFO - Using connection ID 'postgres_default' for task execution.
[2026-03-08T12:30:56.380+0000] {sql.py:418} INFO - Running statement: SELECT session_id FROM raw_data.user_sessions WHERE session_id = %s, parameters: ('sess_001',)
[2026-03-08T12:30:56.390+0000] {sql.py:427} INFO - Rows affected: 1
[2026-03-08T12:30:56.399+0000] {base.py:73} INFO - Using connection ID 'postgres_default' for task execution.
[2026-03-08T12:30:56.438+0000] {sql.py:418} INFO - Running statement: 
                UPDATE raw_data.user_sessions 
                SET user_id = %s, start_time = %s, end_time = %s, 
                    pages_visited = %s, device_type = %s, device_info = %s, 
                    actions = %s, session_duration_minutes = %s
                WHERE session_id = %s
            , parameters: ('user_123', datetime.datetime(2024, 1, 10, 9, 0), datetime.datetime(2024, 1, 10, 9, 30), ['/home', '/products', '/products/42', '/cart'], 'mobile', '{"mobile": {}}', ['login', 'view_product', 'add_to_cart', 'logout'], None, 'sess_001')
[2026-03-08T12:30:56.444+0000] {sql.py:427} INFO - Rows affected: 1
[2026-03-08T12:30:56.452+0000] {base.py:73} INFO - Using connection ID 'postgres_default' for task execution.
[2026-03-08T12:30:56.475+0000] {sql.py:418} INFO - Running statement: SELECT session_id FROM raw_data.user_sessions WHERE session_id = %s, parameters: ('sess_002',)
[2026-03-08T12:30:56.482+0000] {sql.py:427} INFO - Rows affected: 1
[2026-03-08T12:30:56.507+0000] {base.py:73} INFO - Using connection ID 'postgres_default' for task execution.
[2026-03-08T12:30:56.563+0000] {sql.py:418} INFO - Running statement: 
                UPDATE raw_data.user_sessions 
                SET user_id = %s, start_time = %s, end_time = %s, 
                    pages_visited = %s, device_type = %s, device_info = %s, 
                    actions = %s, session_duration_minutes = %s
                WHERE session_id = %s
            , parameters: ('user_123', datetime.datetime(2024, 1, 11, 14, 15), datetime.datetime(2024, 1, 11, 14, 45), ['/home', '/products', '/checkout'], 'desktop', '{"desktop": {}}', ['login', 'search', 'checkout', 'logout'], None, 'sess_002')
[2026-03-08T12:30:56.567+0000] {sql.py:427} INFO - Rows affected: 1
[2026-03-08T12:30:56.575+0000] {base.py:73} INFO - Using connection ID 'postgres_default' for task execution.
[2026-03-08T12:30:56.660+0000] {sql.py:418} INFO - Running statement: SELECT session_id FROM raw_data.user_sessions WHERE session_id = %s, parameters: ('sess_003',)
[2026-03-08T12:30:56.667+0000] {sql.py:427} INFO - Rows affected: 1
[2026-03-08T12:30:56.687+0000] {base.py:73} INFO - Using connection ID 'postgres_default' for task execution.
[2026-03-08T12:30:56.853+0000] {sql.py:418} INFO - Running statement: 
                UPDATE raw_data.user_sessions 
                SET user_id = %s, start_time = %s, end_time = %s, 
                    pages_visited = %s, device_type = %s, device_info = %s, 
                    actions = %s, session_duration_minutes = %s
                WHERE session_id = %s
            , parameters: ('user_456', datetime.datetime(2024, 1, 10, 10, 0), datetime.datetime(2024, 1, 10, 10, 20), ['/home', '/products', '/support'], 'tablet', '{"tablet": {}}', ['login', 'view_product', 'contact_support'], None, 'sess_003')
[2026-03-08T12:30:56.877+0000] {sql.py:427} INFO - Rows affected: 1
[2026-03-08T12:30:56.898+0000] {base.py:73} INFO - Using connection ID 'postgres_default' for task execution.
[2026-03-08T12:30:57.059+0000] {sql.py:418} INFO - Running statement: SELECT event_id FROM raw_data.event_logs WHERE event_id = %s, parameters: ('evt_1001',)
[2026-03-08T12:30:57.063+0000] {sql.py:427} INFO - Rows affected: 1
[2026-03-08T12:30:57.066+0000] {base.py:73} INFO - Using connection ID 'postgres_default' for task execution.
[2026-03-08T12:30:57.085+0000] {sql.py:418} INFO - Running statement: 
                UPDATE raw_data.event_logs 
                SET timestamp = %s, event_type = %s, details = %s
                WHERE event_id = %s
            , parameters: (datetime.datetime(2024, 1, 10, 9, 5, 20), 'click', '{"page": "/products/42"}', 'evt_1001')
[2026-03-08T12:30:57.088+0000] {sql.py:427} INFO - Rows affected: 1
[2026-03-08T12:30:57.090+0000] {base.py:73} INFO - Using connection ID 'postgres_default' for task execution.
[2026-03-08T12:30:57.118+0000] {sql.py:418} INFO - Running statement: SELECT event_id FROM raw_data.event_logs WHERE event_id = %s, parameters: ('evt_1002',)
[2026-03-08T12:30:57.124+0000] {sql.py:427} INFO - Rows affected: 1
[2026-03-08T12:30:57.126+0000] {base.py:73} INFO - Using connection ID 'postgres_default' for task execution.
[2026-03-08T12:30:57.177+0000] {sql.py:418} INFO - Running statement: 
                UPDATE raw_data.event_logs 
                SET timestamp = %s, event_type = %s, details = %s
                WHERE event_id = %s
            , parameters: (datetime.datetime(2024, 1, 10, 9, 6, 15), 'page_view', '{"page": "/cart"}', 'evt_1002')
[2026-03-08T12:30:57.184+0000] {sql.py:427} INFO - Rows affected: 1
[2026-03-08T12:30:57.191+0000] {base.py:73} INFO - Using connection ID 'postgres_default' for task execution.
[2026-03-08T12:30:57.217+0000] {sql.py:418} INFO - Running statement: SELECT event_id FROM raw_data.event_logs WHERE event_id = %s, parameters: ('evt_1003',)
[2026-03-08T12:30:57.223+0000] {sql.py:427} INFO - Rows affected: 1
[2026-03-08T12:30:57.228+0000] {base.py:73} INFO - Using connection ID 'postgres_default' for task execution.
[2026-03-08T12:30:57.247+0000] {sql.py:418} INFO - Running statement: 
                UPDATE raw_data.event_logs 
                SET timestamp = %s, event_type = %s, details = %s
                WHERE event_id = %s
            , parameters: (datetime.datetime(2024, 1, 11, 14, 30), 'purchase', '{"order_id": "ord_789", "amount": 150}', 'evt_1003')
[2026-03-08T12:30:57.251+0000] {sql.py:427} INFO - Rows affected: 1
[2026-03-08T12:30:57.254+0000] {base.py:73} INFO - Using connection ID 'postgres_default' for task execution.
[2026-03-08T12:30:57.278+0000] {sql.py:418} INFO - Running statement: SELECT ticket_id FROM raw_data.support_tickets WHERE ticket_id = %s, parameters: ('ticket_789',)
[2026-03-08T12:30:57.282+0000] {sql.py:427} INFO - Rows affected: 0
[2026-03-08T12:30:57.287+0000] {taskinstance.py:1935} ERROR - Task failed with exception
Traceback (most recent call last):
  File "/home/airflow/.local/lib/python3.9/site-packages/airflow/operators/python.py", line 192, in execute
    return_value = self.execute_callable()
  File "/home/airflow/.local/lib/python3.9/site-packages/airflow/operators/python.py", line 209, in execute_callable
    return self.python_callable(*self.op_args, **self.op_kwargs)
  File "/opt/airflow/dags/replication_dag.py", line 142, in copy_data
    json.dumps(t.get('messages', [])),
  File "/usr/local/lib/python3.9/json/__init__.py", line 231, in dumps
    return _default_encoder.encode(obj)
  File "/usr/local/lib/python3.9/json/encoder.py", line 199, in encode
    chunks = self.iterencode(o, _one_shot=True)
  File "/usr/local/lib/python3.9/json/encoder.py", line 257, in iterencode
    return _iterencode(o, 0)
  File "/usr/local/lib/python3.9/json/encoder.py", line 179, in default
    raise TypeError(f'Object of type {o.__class__.__name__} '
TypeError: Object of type datetime is not JSON serializable
[2026-03-08T12:30:57.333+0000] {taskinstance.py:1398} INFO - Marking task as FAILED. dag_id=mongo_replication, task_id=copy_all_collections, execution_date=20260308T120000, start_date=20260308T123055, end_date=20260308T123057
[2026-03-08T12:30:57.374+0000] {standard_task_runner.py:104} ERROR - Failed to execute job 17 for task copy_all_collections (Object of type datetime is not JSON serializable; 609)
[2026-03-08T12:30:57.405+0000] {local_task_job_runner.py:228} INFO - Task exited with return code 1
[2026-03-08T12:30:57.464+0000] {taskinstance.py:2776} INFO - 0 downstream tasks scheduled from follow-on schedule check
