[2026-03-08T12:25:48.818+0000] {taskinstance.py:1157} INFO - Dependencies all met for dep_context=non-requeueable deps ti=<TaskInstance: mongo_replication.copy_all_collections scheduled__2026-03-08T12:00:00+00:00 [queued]>
[2026-03-08T12:25:48.920+0000] {taskinstance.py:1157} INFO - Dependencies all met for dep_context=requeueable deps ti=<TaskInstance: mongo_replication.copy_all_collections scheduled__2026-03-08T12:00:00+00:00 [queued]>
[2026-03-08T12:25:48.922+0000] {taskinstance.py:1359} INFO - Starting attempt 1 of 2
[2026-03-08T12:25:49.082+0000] {taskinstance.py:1380} INFO - Executing <Task(PythonOperator): copy_all_collections> on 2026-03-08 12:00:00+00:00
[2026-03-08T12:25:49.116+0000] {standard_task_runner.py:57} INFO - Started process 475 to run task
[2026-03-08T12:25:49.122+0000] {standard_task_runner.py:84} INFO - Running: ['airflow', 'tasks', 'run', 'mongo_replication', 'copy_all_collections', 'scheduled__2026-03-08T12:00:00+00:00', '--job-id', '13', '--raw', '--subdir', 'DAGS_FOLDER/replication_dag.py', '--cfg-path', '/tmp/tmpt9htywrl']
[2026-03-08T12:25:49.153+0000] {standard_task_runner.py:85} INFO - Job 13: Subtask copy_all_collections
[2026-03-08T12:25:49.252+0000] {logging_mixin.py:151} WARNING - /home/airflow/.local/lib/python3.9/site-packages/airflow/settings.py:195 DeprecationWarning: The sql_alchemy_conn option in [core] has been moved to the sql_alchemy_conn option in [database] - the old setting has been used, but please update your config.
[2026-03-08T12:25:49.594+0000] {task_command.py:415} INFO - Running <TaskInstance: mongo_replication.copy_all_collections scheduled__2026-03-08T12:00:00+00:00 [running]> on host 061c2a96f512
[2026-03-08T12:25:51.037+0000] {taskinstance.py:1660} INFO - Exporting env vars: AIRFLOW_CTX_DAG_OWNER='airflow' AIRFLOW_CTX_DAG_ID='mongo_replication' AIRFLOW_CTX_TASK_ID='copy_all_collections' AIRFLOW_CTX_EXECUTION_DATE='2026-03-08T12:00:00+00:00' AIRFLOW_CTX_TRY_NUMBER='1' AIRFLOW_CTX_DAG_RUN_ID='scheduled__2026-03-08T12:00:00+00:00'
[2026-03-08T12:25:51.049+0000] {crypto.py:82} WARNING - empty cryptography key - values will not be stored encrypted.
[2026-03-08T12:25:51.050+0000] {base.py:73} INFO - Using connection ID 'mongo_default' for task execution.
[2026-03-08T12:25:51.155+0000] {base.py:73} INFO - Using connection ID 'postgres_default' for task execution.
[2026-03-08T12:25:51.182+0000] {sql.py:418} INFO - Running statement: TRUNCATE raw_data.user_sessions CASCADE;, parameters: None
[2026-03-08T12:25:51.329+0000] {base.py:73} INFO - Using connection ID 'postgres_default' for task execution.
[2026-03-08T12:25:51.343+0000] {sql.py:418} INFO - Running statement: TRUNCATE raw_data.event_logs CASCADE;, parameters: None
[2026-03-08T12:25:51.402+0000] {base.py:73} INFO - Using connection ID 'postgres_default' for task execution.
[2026-03-08T12:25:51.434+0000] {sql.py:418} INFO - Running statement: TRUNCATE raw_data.support_tickets CASCADE;, parameters: None
[2026-03-08T12:25:51.486+0000] {base.py:73} INFO - Using connection ID 'postgres_default' for task execution.
[2026-03-08T12:25:51.523+0000] {sql.py:418} INFO - Running statement: TRUNCATE raw_data.user_recommendations CASCADE;, parameters: None
[2026-03-08T12:25:51.560+0000] {base.py:73} INFO - Using connection ID 'postgres_default' for task execution.
[2026-03-08T12:25:51.597+0000] {sql.py:418} INFO - Running statement: TRUNCATE raw_data.moderation_queue CASCADE;, parameters: None
[2026-03-08T12:25:51.676+0000] {base.py:73} INFO - Using connection ID 'postgres_default' for task execution.
[2026-03-08T12:25:51.705+0000] {sql.py:418} INFO - Running statement: 
            INSERT INTO raw_data.user_sessions 
            (session_id, user_id, start_time, end_time, pages_visited, device_type, device_info, actions, session_duration_minutes)
            VALUES (%s, %s, %s, %s, %s, %s, %s, %s, %s)
        , parameters: ('sess_001', 'user_123', datetime.datetime(2024, 1, 10, 9, 0), datetime.datetime(2024, 1, 10, 9, 30), ['/home', '/products', '/products/42', '/cart'], 'mobile', '{"mobile": {}}', ['login', 'view_product', 'add_to_cart', 'logout'], None)
[2026-03-08T12:25:51.717+0000] {taskinstance.py:1935} ERROR - Task failed with exception
Traceback (most recent call last):
  File "/home/airflow/.local/lib/python3.9/site-packages/airflow/operators/python.py", line 192, in execute
    return_value = self.execute_callable()
  File "/home/airflow/.local/lib/python3.9/site-packages/airflow/operators/python.py", line 209, in execute_callable
    return self.python_callable(*self.op_args, **self.op_kwargs)
  File "/opt/airflow/dags/replication_dag.py", line 34, in copy_data
    pg.run("""
  File "/home/airflow/.local/lib/python3.9/site-packages/airflow/providers/common/sql/hooks/sql.py", line 392, in run
    self._run_command(cur, sql_statement, parameters)
  File "/home/airflow/.local/lib/python3.9/site-packages/airflow/providers/common/sql/hooks/sql.py", line 421, in _run_command
    cur.execute(sql_statement, parameters)
psycopg2.errors.UniqueViolation: duplicate key value violates unique constraint "user_sessions_session_id_key"
DETAIL:  Key (session_id)=(sess_001) already exists.

[2026-03-08T12:25:51.756+0000] {taskinstance.py:1398} INFO - Marking task as UP_FOR_RETRY. dag_id=mongo_replication, task_id=copy_all_collections, execution_date=20260308T120000, start_date=20260308T122548, end_date=20260308T122551
[2026-03-08T12:25:51.815+0000] {standard_task_runner.py:104} ERROR - Failed to execute job 13 for task copy_all_collections (duplicate key value violates unique constraint "user_sessions_session_id_key"
DETAIL:  Key (session_id)=(sess_001) already exists.
; 475)
[2026-03-08T12:25:51.854+0000] {local_task_job_runner.py:228} INFO - Task exited with return code 1
[2026-03-08T12:25:51.928+0000] {taskinstance.py:2776} INFO - 0 downstream tasks scheduled from follow-on schedule check
