[2026-03-08T12:25:48.850+0000] {taskinstance.py:1157} INFO - Dependencies all met for dep_context=non-requeueable deps ti=<TaskInstance: mongo_replication.copy_all_collections manual__2026-03-08T12:15:54.679270+00:00 [queued]>
[2026-03-08T12:25:48.960+0000] {taskinstance.py:1157} INFO - Dependencies all met for dep_context=requeueable deps ti=<TaskInstance: mongo_replication.copy_all_collections manual__2026-03-08T12:15:54.679270+00:00 [queued]>
[2026-03-08T12:25:48.966+0000] {taskinstance.py:1359} INFO - Starting attempt 1 of 2
[2026-03-08T12:25:49.103+0000] {taskinstance.py:1380} INFO - Executing <Task(PythonOperator): copy_all_collections> on 2026-03-08 12:15:54.679270+00:00
[2026-03-08T12:25:49.131+0000] {standard_task_runner.py:57} INFO - Started process 476 to run task
[2026-03-08T12:25:49.157+0000] {standard_task_runner.py:84} INFO - Running: ['airflow', 'tasks', 'run', 'mongo_replication', 'copy_all_collections', 'manual__2026-03-08T12:15:54.679270+00:00', '--job-id', '12', '--raw', '--subdir', 'DAGS_FOLDER/replication_dag.py', '--cfg-path', '/tmp/tmpqoznxc2h']
[2026-03-08T12:25:49.173+0000] {standard_task_runner.py:85} INFO - Job 12: Subtask copy_all_collections
[2026-03-08T12:25:49.247+0000] {logging_mixin.py:151} WARNING - /home/airflow/.local/lib/python3.9/site-packages/airflow/settings.py:195 DeprecationWarning: The sql_alchemy_conn option in [core] has been moved to the sql_alchemy_conn option in [database] - the old setting has been used, but please update your config.
[2026-03-08T12:25:49.582+0000] {task_command.py:415} INFO - Running <TaskInstance: mongo_replication.copy_all_collections manual__2026-03-08T12:15:54.679270+00:00 [running]> on host 061c2a96f512
[2026-03-08T12:25:50.991+0000] {taskinstance.py:1660} INFO - Exporting env vars: AIRFLOW_CTX_DAG_OWNER='airflow' AIRFLOW_CTX_DAG_ID='mongo_replication' AIRFLOW_CTX_TASK_ID='copy_all_collections' AIRFLOW_CTX_EXECUTION_DATE='2026-03-08T12:15:54.679270+00:00' AIRFLOW_CTX_TRY_NUMBER='1' AIRFLOW_CTX_DAG_RUN_ID='manual__2026-03-08T12:15:54.679270+00:00'
[2026-03-08T12:25:51.007+0000] {crypto.py:82} WARNING - empty cryptography key - values will not be stored encrypted.
[2026-03-08T12:25:51.009+0000] {base.py:73} INFO - Using connection ID 'mongo_default' for task execution.
[2026-03-08T12:25:51.139+0000] {base.py:73} INFO - Using connection ID 'postgres_default' for task execution.
[2026-03-08T12:25:51.168+0000] {sql.py:418} INFO - Running statement: TRUNCATE raw_data.user_sessions CASCADE;, parameters: None
[2026-03-08T12:25:51.286+0000] {base.py:73} INFO - Using connection ID 'postgres_default' for task execution.
[2026-03-08T12:25:51.323+0000] {sql.py:418} INFO - Running statement: TRUNCATE raw_data.event_logs CASCADE;, parameters: None
[2026-03-08T12:25:51.345+0000] {base.py:73} INFO - Using connection ID 'postgres_default' for task execution.
[2026-03-08T12:25:51.359+0000] {sql.py:418} INFO - Running statement: TRUNCATE raw_data.support_tickets CASCADE;, parameters: None
[2026-03-08T12:25:51.405+0000] {base.py:73} INFO - Using connection ID 'postgres_default' for task execution.
[2026-03-08T12:25:51.440+0000] {sql.py:418} INFO - Running statement: TRUNCATE raw_data.user_recommendations CASCADE;, parameters: None
[2026-03-08T12:25:51.474+0000] {base.py:73} INFO - Using connection ID 'postgres_default' for task execution.
[2026-03-08T12:25:51.517+0000] {sql.py:418} INFO - Running statement: TRUNCATE raw_data.moderation_queue CASCADE;, parameters: None
[2026-03-08T12:25:51.572+0000] {base.py:73} INFO - Using connection ID 'postgres_default' for task execution.
[2026-03-08T12:25:51.614+0000] {sql.py:418} INFO - Running statement: 
            INSERT INTO raw_data.user_sessions 
            (session_id, user_id, start_time, end_time, pages_visited, device_type, device_info, actions, session_duration_minutes)
            VALUES (%s, %s, %s, %s, %s, %s, %s, %s, %s)
        , parameters: ('sess_001', 'user_123', datetime.datetime(2024, 1, 10, 9, 0), datetime.datetime(2024, 1, 10, 9, 30), ['/home', '/products', '/products/42', '/cart'], 'mobile', '{"mobile": {}}', ['login', 'view_product', 'add_to_cart', 'logout'], None)
[2026-03-08T12:25:51.656+0000] {sql.py:427} INFO - Rows affected: 1
[2026-03-08T12:25:51.659+0000] {base.py:73} INFO - Using connection ID 'postgres_default' for task execution.
[2026-03-08T12:25:51.684+0000] {sql.py:418} INFO - Running statement: 
            INSERT INTO raw_data.user_sessions 
            (session_id, user_id, start_time, end_time, pages_visited, device_type, device_info, actions, session_duration_minutes)
            VALUES (%s, %s, %s, %s, %s, %s, %s, %s, %s)
        , parameters: ('sess_002', 'user_123', datetime.datetime(2024, 1, 11, 14, 15), datetime.datetime(2024, 1, 11, 14, 45), ['/home', '/products', '/checkout'], 'desktop', '{"desktop": {}}', ['login', 'search', 'checkout', 'logout'], None)
[2026-03-08T12:25:51.690+0000] {sql.py:427} INFO - Rows affected: 1
[2026-03-08T12:25:51.693+0000] {base.py:73} INFO - Using connection ID 'postgres_default' for task execution.
[2026-03-08T12:25:51.737+0000] {sql.py:418} INFO - Running statement: 
            INSERT INTO raw_data.user_sessions 
            (session_id, user_id, start_time, end_time, pages_visited, device_type, device_info, actions, session_duration_minutes)
            VALUES (%s, %s, %s, %s, %s, %s, %s, %s, %s)
        , parameters: ('sess_003', 'user_456', datetime.datetime(2024, 1, 10, 10, 0), datetime.datetime(2024, 1, 10, 10, 20), ['/home', '/products', '/support'], 'tablet', '{"tablet": {}}', ['login', 'view_product', 'contact_support'], None)
[2026-03-08T12:25:51.751+0000] {sql.py:427} INFO - Rows affected: 1
[2026-03-08T12:25:51.758+0000] {base.py:73} INFO - Using connection ID 'postgres_default' for task execution.
[2026-03-08T12:25:51.790+0000] {sql.py:418} INFO - Running statement: 
            INSERT INTO raw_data.event_logs 
            (event_id, timestamp, event_type, details)
            VALUES (%s, %s, %s, %s)
        , parameters: ('evt_1001', datetime.datetime(2024, 1, 10, 9, 5, 20), 'click', '{"page": "/products/42"}')
[2026-03-08T12:25:51.799+0000] {sql.py:427} INFO - Rows affected: 1
[2026-03-08T12:25:51.805+0000] {base.py:73} INFO - Using connection ID 'postgres_default' for task execution.
[2026-03-08T12:25:51.843+0000] {sql.py:418} INFO - Running statement: 
            INSERT INTO raw_data.event_logs 
            (event_id, timestamp, event_type, details)
            VALUES (%s, %s, %s, %s)
        , parameters: ('evt_1002', datetime.datetime(2024, 1, 10, 9, 6, 15), 'page_view', '{"page": "/cart"}')
[2026-03-08T12:25:51.864+0000] {sql.py:427} INFO - Rows affected: 1
[2026-03-08T12:25:51.869+0000] {base.py:73} INFO - Using connection ID 'postgres_default' for task execution.
[2026-03-08T12:25:51.900+0000] {sql.py:418} INFO - Running statement: 
            INSERT INTO raw_data.event_logs 
            (event_id, timestamp, event_type, details)
            VALUES (%s, %s, %s, %s)
        , parameters: ('evt_1003', datetime.datetime(2024, 1, 11, 14, 30), 'purchase', '{"order_id": "ord_789", "amount": 150}')
[2026-03-08T12:25:51.905+0000] {sql.py:427} INFO - Rows affected: 1
[2026-03-08T12:25:51.911+0000] {taskinstance.py:1935} ERROR - Task failed with exception
Traceback (most recent call last):
  File "/home/airflow/.local/lib/python3.9/site-packages/airflow/operators/python.py", line 192, in execute
    return_value = self.execute_callable()
  File "/home/airflow/.local/lib/python3.9/site-packages/airflow/operators/python.py", line 209, in execute_callable
    return self.python_callable(*self.op_args, **self.op_kwargs)
  File "/opt/airflow/dags/replication_dag.py", line 74, in copy_data
    json.dumps(t.get('messages', [])),
  File "/usr/local/lib/python3.9/json/__init__.py", line 231, in dumps
    return _default_encoder.encode(obj)
  File "/usr/local/lib/python3.9/json/encoder.py", line 199, in encode
    chunks = self.iterencode(o, _one_shot=True)
  File "/usr/local/lib/python3.9/json/encoder.py", line 257, in iterencode
    return _iterencode(o, 0)
  File "/usr/local/lib/python3.9/json/encoder.py", line 179, in default
    raise TypeError(f'Object of type {o.__class__.__name__} '
TypeError: Object of type datetime is not JSON serializable
[2026-03-08T12:25:51.941+0000] {taskinstance.py:1398} INFO - Marking task as UP_FOR_RETRY. dag_id=mongo_replication, task_id=copy_all_collections, execution_date=20260308T121554, start_date=20260308T122548, end_date=20260308T122551
[2026-03-08T12:25:51.967+0000] {standard_task_runner.py:104} ERROR - Failed to execute job 12 for task copy_all_collections (Object of type datetime is not JSON serializable; 476)
[2026-03-08T12:25:51.985+0000] {local_task_job_runner.py:228} INFO - Task exited with return code 1
[2026-03-08T12:25:52.036+0000] {taskinstance.py:2776} INFO - 0 downstream tasks scheduled from follow-on schedule check
