[2026-03-08T12:30:55.627+0000] {taskinstance.py:1157} INFO - Dependencies all met for dep_context=non-requeueable deps ti=<TaskInstance: mongo_replication.copy_all_collections manual__2026-03-08T12:25:41.058640+00:00 [queued]>
[2026-03-08T12:30:55.651+0000] {taskinstance.py:1157} INFO - Dependencies all met for dep_context=requeueable deps ti=<TaskInstance: mongo_replication.copy_all_collections manual__2026-03-08T12:25:41.058640+00:00 [queued]>
[2026-03-08T12:30:55.653+0000] {taskinstance.py:1359} INFO - Starting attempt 2 of 2
[2026-03-08T12:30:55.698+0000] {taskinstance.py:1380} INFO - Executing <Task(PythonOperator): copy_all_collections> on 2026-03-08 12:25:41.058640+00:00
[2026-03-08T12:30:55.713+0000] {standard_task_runner.py:57} INFO - Started process 610 to run task
[2026-03-08T12:30:55.731+0000] {standard_task_runner.py:84} INFO - Running: ['airflow', 'tasks', 'run', 'mongo_replication', 'copy_all_collections', 'manual__2026-03-08T12:25:41.058640+00:00', '--job-id', '18', '--raw', '--subdir', 'DAGS_FOLDER/replication_dag.py', '--cfg-path', '/tmp/tmp6l6ml7pu']
[2026-03-08T12:30:55.746+0000] {standard_task_runner.py:85} INFO - Job 18: Subtask copy_all_collections
[2026-03-08T12:30:55.830+0000] {logging_mixin.py:151} WARNING - /home/airflow/.local/lib/python3.9/site-packages/airflow/settings.py:195 DeprecationWarning: The sql_alchemy_conn option in [core] has been moved to the sql_alchemy_conn option in [database] - the old setting has been used, but please update your config.
[2026-03-08T12:30:55.990+0000] {task_command.py:415} INFO - Running <TaskInstance: mongo_replication.copy_all_collections manual__2026-03-08T12:25:41.058640+00:00 [running]> on host 061c2a96f512
[2026-03-08T12:30:56.238+0000] {taskinstance.py:1660} INFO - Exporting env vars: AIRFLOW_CTX_DAG_OWNER='airflow' AIRFLOW_CTX_DAG_ID='mongo_replication' AIRFLOW_CTX_TASK_ID='copy_all_collections' AIRFLOW_CTX_EXECUTION_DATE='2026-03-08T12:25:41.058640+00:00' AIRFLOW_CTX_TRY_NUMBER='2' AIRFLOW_CTX_DAG_RUN_ID='manual__2026-03-08T12:25:41.058640+00:00'
[2026-03-08T12:30:56.245+0000] {crypto.py:82} WARNING - empty cryptography key - values will not be stored encrypted.
[2026-03-08T12:30:56.247+0000] {base.py:73} INFO - Using connection ID 'mongo_default' for task execution.
[2026-03-08T12:30:56.316+0000] {base.py:73} INFO - Using connection ID 'postgres_default' for task execution.
[2026-03-08T12:30:56.391+0000] {sql.py:418} INFO - Running statement: SELECT session_id FROM raw_data.user_sessions WHERE session_id = %s, parameters: ('sess_001',)
[2026-03-08T12:30:56.409+0000] {sql.py:427} INFO - Rows affected: 1
[2026-03-08T12:30:56.413+0000] {base.py:73} INFO - Using connection ID 'postgres_default' for task execution.
[2026-03-08T12:30:56.431+0000] {sql.py:418} INFO - Running statement: 
                UPDATE raw_data.user_sessions 
                SET user_id = %s, start_time = %s, end_time = %s, 
                    pages_visited = %s, device_type = %s, device_info = %s, 
                    actions = %s, session_duration_minutes = %s
                WHERE session_id = %s
            , parameters: ('user_123', datetime.datetime(2024, 1, 10, 9, 0), datetime.datetime(2024, 1, 10, 9, 30), ['/home', '/products', '/products/42', '/cart'], 'mobile', '{"mobile": {}}', ['login', 'view_product', 'add_to_cart', 'logout'], None, 'sess_001')
[2026-03-08T12:30:56.440+0000] {sql.py:427} INFO - Rows affected: 1
[2026-03-08T12:30:56.444+0000] {base.py:73} INFO - Using connection ID 'postgres_default' for task execution.
[2026-03-08T12:30:56.470+0000] {sql.py:418} INFO - Running statement: SELECT session_id FROM raw_data.user_sessions WHERE session_id = %s, parameters: ('sess_002',)
[2026-03-08T12:30:56.565+0000] {sql.py:427} INFO - Rows affected: 1
[2026-03-08T12:30:56.576+0000] {base.py:73} INFO - Using connection ID 'postgres_default' for task execution.
[2026-03-08T12:30:56.660+0000] {sql.py:418} INFO - Running statement: 
                UPDATE raw_data.user_sessions 
                SET user_id = %s, start_time = %s, end_time = %s, 
                    pages_visited = %s, device_type = %s, device_info = %s, 
                    actions = %s, session_duration_minutes = %s
                WHERE session_id = %s
            , parameters: ('user_123', datetime.datetime(2024, 1, 11, 14, 15), datetime.datetime(2024, 1, 11, 14, 45), ['/home', '/products', '/checkout'], 'desktop', '{"desktop": {}}', ['login', 'search', 'checkout', 'logout'], None, 'sess_002')
[2026-03-08T12:30:56.680+0000] {sql.py:427} INFO - Rows affected: 1
[2026-03-08T12:30:56.698+0000] {base.py:73} INFO - Using connection ID 'postgres_default' for task execution.
[2026-03-08T12:30:57.022+0000] {sql.py:418} INFO - Running statement: SELECT session_id FROM raw_data.user_sessions WHERE session_id = %s, parameters: ('sess_003',)
[2026-03-08T12:30:57.048+0000] {sql.py:427} INFO - Rows affected: 1
[2026-03-08T12:30:57.051+0000] {base.py:73} INFO - Using connection ID 'postgres_default' for task execution.
[2026-03-08T12:30:57.075+0000] {sql.py:418} INFO - Running statement: 
                UPDATE raw_data.user_sessions 
                SET user_id = %s, start_time = %s, end_time = %s, 
                    pages_visited = %s, device_type = %s, device_info = %s, 
                    actions = %s, session_duration_minutes = %s
                WHERE session_id = %s
            , parameters: ('user_456', datetime.datetime(2024, 1, 10, 10, 0), datetime.datetime(2024, 1, 10, 10, 20), ['/home', '/products', '/support'], 'tablet', '{"tablet": {}}', ['login', 'view_product', 'contact_support'], None, 'sess_003')
[2026-03-08T12:30:57.083+0000] {sql.py:427} INFO - Rows affected: 1
[2026-03-08T12:30:57.086+0000] {base.py:73} INFO - Using connection ID 'postgres_default' for task execution.
[2026-03-08T12:30:57.111+0000] {sql.py:418} INFO - Running statement: SELECT event_id FROM raw_data.event_logs WHERE event_id = %s, parameters: ('evt_1001',)
[2026-03-08T12:30:57.115+0000] {sql.py:427} INFO - Rows affected: 1
[2026-03-08T12:30:57.119+0000] {base.py:73} INFO - Using connection ID 'postgres_default' for task execution.
[2026-03-08T12:30:57.134+0000] {sql.py:418} INFO - Running statement: 
                UPDATE raw_data.event_logs 
                SET timestamp = %s, event_type = %s, details = %s
                WHERE event_id = %s
            , parameters: (datetime.datetime(2024, 1, 10, 9, 5, 20), 'click', '{"page": "/products/42"}', 'evt_1001')
[2026-03-08T12:30:57.139+0000] {sql.py:427} INFO - Rows affected: 1
[2026-03-08T12:30:57.149+0000] {base.py:73} INFO - Using connection ID 'postgres_default' for task execution.
[2026-03-08T12:30:57.197+0000] {sql.py:418} INFO - Running statement: SELECT event_id FROM raw_data.event_logs WHERE event_id = %s, parameters: ('evt_1002',)
[2026-03-08T12:30:57.208+0000] {sql.py:427} INFO - Rows affected: 1
[2026-03-08T12:30:57.210+0000] {base.py:73} INFO - Using connection ID 'postgres_default' for task execution.
[2026-03-08T12:30:57.241+0000] {sql.py:418} INFO - Running statement: 
                UPDATE raw_data.event_logs 
                SET timestamp = %s, event_type = %s, details = %s
                WHERE event_id = %s
            , parameters: (datetime.datetime(2024, 1, 10, 9, 6, 15), 'page_view', '{"page": "/cart"}', 'evt_1002')
[2026-03-08T12:30:57.250+0000] {sql.py:427} INFO - Rows affected: 1
[2026-03-08T12:30:57.252+0000] {base.py:73} INFO - Using connection ID 'postgres_default' for task execution.
[2026-03-08T12:30:57.280+0000] {sql.py:418} INFO - Running statement: SELECT event_id FROM raw_data.event_logs WHERE event_id = %s, parameters: ('evt_1003',)
[2026-03-08T12:30:57.286+0000] {sql.py:427} INFO - Rows affected: 1
[2026-03-08T12:30:57.292+0000] {base.py:73} INFO - Using connection ID 'postgres_default' for task execution.
[2026-03-08T12:30:57.326+0000] {sql.py:418} INFO - Running statement: 
                UPDATE raw_data.event_logs 
                SET timestamp = %s, event_type = %s, details = %s
                WHERE event_id = %s
            , parameters: (datetime.datetime(2024, 1, 11, 14, 30), 'purchase', '{"order_id": "ord_789", "amount": 150}', 'evt_1003')
[2026-03-08T12:30:57.335+0000] {sql.py:427} INFO - Rows affected: 1
[2026-03-08T12:30:57.346+0000] {base.py:73} INFO - Using connection ID 'postgres_default' for task execution.
[2026-03-08T12:30:57.364+0000] {sql.py:418} INFO - Running statement: SELECT ticket_id FROM raw_data.support_tickets WHERE ticket_id = %s, parameters: ('ticket_789',)
[2026-03-08T12:30:57.367+0000] {sql.py:427} INFO - Rows affected: 0
[2026-03-08T12:30:57.369+0000] {taskinstance.py:1935} ERROR - Task failed with exception
Traceback (most recent call last):
  File "/home/airflow/.local/lib/python3.9/site-packages/airflow/operators/python.py", line 192, in execute
    return_value = self.execute_callable()
  File "/home/airflow/.local/lib/python3.9/site-packages/airflow/operators/python.py", line 209, in execute_callable
    return self.python_callable(*self.op_args, **self.op_kwargs)
  File "/opt/airflow/dags/replication_dag.py", line 142, in copy_data
    json.dumps(t.get('messages', [])),
  File "/usr/local/lib/python3.9/json/__init__.py", line 231, in dumps
    return _default_encoder.encode(obj)
  File "/usr/local/lib/python3.9/json/encoder.py", line 199, in encode
    chunks = self.iterencode(o, _one_shot=True)
  File "/usr/local/lib/python3.9/json/encoder.py", line 257, in iterencode
    return _iterencode(o, 0)
  File "/usr/local/lib/python3.9/json/encoder.py", line 179, in default
    raise TypeError(f'Object of type {o.__class__.__name__} '
TypeError: Object of type datetime is not JSON serializable
[2026-03-08T12:30:57.404+0000] {taskinstance.py:1398} INFO - Marking task as FAILED. dag_id=mongo_replication, task_id=copy_all_collections, execution_date=20260308T122541, start_date=20260308T123055, end_date=20260308T123057
[2026-03-08T12:30:57.428+0000] {standard_task_runner.py:104} ERROR - Failed to execute job 18 for task copy_all_collections (Object of type datetime is not JSON serializable; 610)
[2026-03-08T12:30:57.447+0000] {local_task_job_runner.py:228} INFO - Task exited with return code 1
[2026-03-08T12:30:57.508+0000] {taskinstance.py:2776} INFO - 0 downstream tasks scheduled from follow-on schedule check
