[2026-03-08T14:53:42.736+0000] {taskinstance.py:1157} INFO - Dependencies all met for dep_context=non-requeueable deps ti=<TaskInstance: mongo_replication.copy_all_collections scheduled__2026-03-08T12:50:00+00:00 [queued]>
[2026-03-08T14:53:42.808+0000] {taskinstance.py:1157} INFO - Dependencies all met for dep_context=requeueable deps ti=<TaskInstance: mongo_replication.copy_all_collections scheduled__2026-03-08T12:50:00+00:00 [queued]>
[2026-03-08T14:53:42.808+0000] {taskinstance.py:1359} INFO - Starting attempt 1 of 2
[2026-03-08T14:53:42.856+0000] {taskinstance.py:1380} INFO - Executing <Task(PythonOperator): copy_all_collections> on 2026-03-08 12:50:00+00:00
[2026-03-08T14:53:42.882+0000] {standard_task_runner.py:57} INFO - Started process 264 to run task
[2026-03-08T14:53:42.978+0000] {standard_task_runner.py:84} INFO - Running: ['airflow', 'tasks', 'run', 'mongo_replication', 'copy_all_collections', 'scheduled__2026-03-08T12:50:00+00:00', '--job-id', '35', '--raw', '--subdir', 'DAGS_FOLDER/replication_dag.py', '--cfg-path', '/tmp/tmpz05xw59_']
[2026-03-08T14:53:43.048+0000] {standard_task_runner.py:85} INFO - Job 35: Subtask copy_all_collections
[2026-03-08T14:53:43.227+0000] {logging_mixin.py:151} WARNING - /home/airflow/.local/lib/python3.9/site-packages/airflow/settings.py:195 DeprecationWarning: The sql_alchemy_conn option in [core] has been moved to the sql_alchemy_conn option in [database] - the old setting has been used, but please update your config.
[2026-03-08T14:53:43.664+0000] {task_command.py:415} INFO - Running <TaskInstance: mongo_replication.copy_all_collections scheduled__2026-03-08T12:50:00+00:00 [running]> on host 90cb6322f616
[2026-03-08T14:53:44.669+0000] {taskinstance.py:1660} INFO - Exporting env vars: AIRFLOW_CTX_DAG_OWNER='airflow' AIRFLOW_CTX_DAG_ID='mongo_replication' AIRFLOW_CTX_TASK_ID='copy_all_collections' AIRFLOW_CTX_EXECUTION_DATE='2026-03-08T12:50:00+00:00' AIRFLOW_CTX_TRY_NUMBER='1' AIRFLOW_CTX_DAG_RUN_ID='scheduled__2026-03-08T12:50:00+00:00'
[2026-03-08T14:53:44.687+0000] {crypto.py:82} WARNING - empty cryptography key - values will not be stored encrypted.
[2026-03-08T14:53:44.697+0000] {base.py:73} INFO - Using connection ID 'mongo_default' for task execution.
[2026-03-08T14:53:45.108+0000] {base.py:73} INFO - Using connection ID 'postgres_default' for task execution.
[2026-03-08T14:53:45.290+0000] {sql.py:418} INFO - Running statement: SELECT 1 FROM raw_data.user_sessions WHERE session_id = %s, parameters: ('sess_001',)
[2026-03-08T14:53:45.304+0000] {sql.py:427} INFO - Rows affected: 1
[2026-03-08T14:53:45.315+0000] {base.py:73} INFO - Using connection ID 'postgres_default' for task execution.
[2026-03-08T14:53:45.360+0000] {sql.py:418} INFO - Running statement: 
                UPDATE raw_data.user_sessions 
                SET user_id = %s, start_time = %s, end_time = %s, 
                    pages_visited = %s, device_type = %s, device_info = %s, 
                    actions = %s
                WHERE session_id = %s
            , parameters: ('user_123', datetime.datetime(2024, 1, 10, 9, 0), datetime.datetime(2024, 1, 10, 9, 30), ['/home', '/products', '/products/42', '/cart'], 'mobile', '{"mobile": {}}', ['login', 'view_product', 'add_to_cart', 'logout'], 'sess_001')
[2026-03-08T14:53:45.397+0000] {sql.py:427} INFO - Rows affected: 1
[2026-03-08T14:53:45.402+0000] {base.py:73} INFO - Using connection ID 'postgres_default' for task execution.
[2026-03-08T14:53:45.460+0000] {sql.py:418} INFO - Running statement: SELECT 1 FROM raw_data.user_sessions WHERE session_id = %s, parameters: ('sess_002',)
[2026-03-08T14:53:45.479+0000] {sql.py:427} INFO - Rows affected: 1
[2026-03-08T14:53:45.514+0000] {base.py:73} INFO - Using connection ID 'postgres_default' for task execution.
[2026-03-08T14:53:45.594+0000] {sql.py:418} INFO - Running statement: 
                UPDATE raw_data.user_sessions 
                SET user_id = %s, start_time = %s, end_time = %s, 
                    pages_visited = %s, device_type = %s, device_info = %s, 
                    actions = %s
                WHERE session_id = %s
            , parameters: ('user_123', datetime.datetime(2024, 1, 11, 14, 15), datetime.datetime(2024, 1, 11, 14, 45), ['/home', '/products', '/checkout'], 'desktop', '{"desktop": {}}', ['login', 'search', 'checkout', 'logout'], 'sess_002')
[2026-03-08T14:53:45.620+0000] {sql.py:427} INFO - Rows affected: 1
[2026-03-08T14:53:45.670+0000] {base.py:73} INFO - Using connection ID 'postgres_default' for task execution.
[2026-03-08T14:53:45.749+0000] {sql.py:418} INFO - Running statement: SELECT 1 FROM raw_data.user_sessions WHERE session_id = %s, parameters: ('sess_003',)
[2026-03-08T14:53:45.780+0000] {sql.py:427} INFO - Rows affected: 1
[2026-03-08T14:53:45.822+0000] {base.py:73} INFO - Using connection ID 'postgres_default' for task execution.
[2026-03-08T14:53:45.952+0000] {sql.py:418} INFO - Running statement: 
                UPDATE raw_data.user_sessions 
                SET user_id = %s, start_time = %s, end_time = %s, 
                    pages_visited = %s, device_type = %s, device_info = %s, 
                    actions = %s
                WHERE session_id = %s
            , parameters: ('user_456', datetime.datetime(2024, 1, 10, 10, 0), datetime.datetime(2024, 1, 10, 10, 20), ['/home', '/products', '/support'], 'tablet', '{"tablet": {}}', ['login', 'view_product', 'contact_support'], 'sess_003')
[2026-03-08T14:53:45.960+0000] {sql.py:427} INFO - Rows affected: 1
[2026-03-08T14:53:45.967+0000] {base.py:73} INFO - Using connection ID 'postgres_default' for task execution.
[2026-03-08T14:53:45.996+0000] {sql.py:418} INFO - Running statement: SELECT 1 FROM raw_data.event_logs WHERE event_id = %s, parameters: ('evt_1001',)
[2026-03-08T14:53:46.003+0000] {sql.py:427} INFO - Rows affected: 1
[2026-03-08T14:53:46.021+0000] {base.py:73} INFO - Using connection ID 'postgres_default' for task execution.
[2026-03-08T14:53:46.064+0000] {sql.py:418} INFO - Running statement: 
                UPDATE raw_data.event_logs 
                SET timestamp = %s, event_type = %s, details = %s
                WHERE event_id = %s
            , parameters: (datetime.datetime(2024, 1, 10, 9, 5, 20), 'click', '{"page": "/products/42"}', 'evt_1001')
[2026-03-08T14:53:46.073+0000] {sql.py:427} INFO - Rows affected: 1
[2026-03-08T14:53:46.095+0000] {base.py:73} INFO - Using connection ID 'postgres_default' for task execution.
[2026-03-08T14:53:46.122+0000] {sql.py:418} INFO - Running statement: SELECT 1 FROM raw_data.event_logs WHERE event_id = %s, parameters: ('evt_1002',)
[2026-03-08T14:53:46.129+0000] {sql.py:427} INFO - Rows affected: 1
[2026-03-08T14:53:46.130+0000] {base.py:73} INFO - Using connection ID 'postgres_default' for task execution.
[2026-03-08T14:53:46.179+0000] {sql.py:418} INFO - Running statement: 
                UPDATE raw_data.event_logs 
                SET timestamp = %s, event_type = %s, details = %s
                WHERE event_id = %s
            , parameters: (datetime.datetime(2024, 1, 10, 9, 6, 15), 'page_view', '{"page": "/cart"}', 'evt_1002')
[2026-03-08T14:53:46.212+0000] {sql.py:427} INFO - Rows affected: 1
[2026-03-08T14:53:46.226+0000] {base.py:73} INFO - Using connection ID 'postgres_default' for task execution.
[2026-03-08T14:53:46.398+0000] {sql.py:418} INFO - Running statement: SELECT 1 FROM raw_data.event_logs WHERE event_id = %s, parameters: ('evt_1003',)
[2026-03-08T14:53:46.428+0000] {sql.py:427} INFO - Rows affected: 1
[2026-03-08T14:53:46.432+0000] {base.py:73} INFO - Using connection ID 'postgres_default' for task execution.
[2026-03-08T14:53:46.508+0000] {sql.py:418} INFO - Running statement: 
                UPDATE raw_data.event_logs 
                SET timestamp = %s, event_type = %s, details = %s
                WHERE event_id = %s
            , parameters: (datetime.datetime(2024, 1, 11, 14, 30), 'purchase', '{"order_id": "ord_789", "amount": 150}', 'evt_1003')
[2026-03-08T14:53:46.513+0000] {sql.py:427} INFO - Rows affected: 1
[2026-03-08T14:53:46.528+0000] {base.py:73} INFO - Using connection ID 'postgres_default' for task execution.
[2026-03-08T14:53:46.587+0000] {sql.py:418} INFO - Running statement: SELECT 1 FROM raw_data.support_tickets WHERE ticket_id = %s, parameters: ('ticket_789',)
[2026-03-08T14:53:46.608+0000] {sql.py:427} INFO - Rows affected: 1
[2026-03-08T14:53:46.610+0000] {base.py:73} INFO - Using connection ID 'postgres_default' for task execution.
[2026-03-08T14:53:46.662+0000] {sql.py:418} INFO - Running statement: 
                UPDATE raw_data.support_tickets 
                SET user_id = %s, status = %s, issue_type = %s, 
                    messages = %s, created_at = %s, updated_at = %s
                WHERE ticket_id = %s
            , parameters: ('user_123', 'open', 'payment', '[{"sender": "user", "message": "\\u041d\\u0435 \\u043c\\u043e\\u0433\\u0443 \\u043e\\u043f\\u043b\\u0430\\u0442\\u0438\\u0442\\u044c \\u0437\\u0430\\u043a\\u0430\\u0437.", "timestamp": "2024-01-09T12:00:00"}, {"sender": "support", "message": "\\u041f\\u043e\\u0436\\u0430\\u043b\\u0443\\u0439\\u0441\\u0442\\u0430, \\u0443\\u0442\\u043e\\u0447\\u043d\\u0438\\u0442\\u0435 \\u0441\\u043f\\u043e\\u0441\\u043e\\u0431 \\u043e\\u043f\\u043b\\u0430\\u0442\\u044b.", "timestamp": "2024-01-09T13:00:00"}]', datetime.datetime(2024, 1, 9, 11, 55), datetime.datetime(2024, 1, 9, 13, 0), 'ticket_789')
[2026-03-08T14:53:46.665+0000] {sql.py:427} INFO - Rows affected: 1
[2026-03-08T14:53:46.669+0000] {base.py:73} INFO - Using connection ID 'postgres_default' for task execution.
[2026-03-08T14:53:46.686+0000] {sql.py:418} INFO - Running statement: SELECT 1 FROM raw_data.support_tickets WHERE ticket_id = %s, parameters: ('ticket_790',)
[2026-03-08T14:53:46.702+0000] {sql.py:427} INFO - Rows affected: 1
[2026-03-08T14:53:46.714+0000] {base.py:73} INFO - Using connection ID 'postgres_default' for task execution.
[2026-03-08T14:53:46.761+0000] {sql.py:418} INFO - Running statement: 
                UPDATE raw_data.support_tickets 
                SET user_id = %s, status = %s, issue_type = %s, 
                    messages = %s, created_at = %s, updated_at = %s
                WHERE ticket_id = %s
            , parameters: ('user_456', 'closed', 'technical', '[{"sender": "user", "message": "\\u0421\\u0430\\u0439\\u0442 \\u043d\\u0435 \\u0437\\u0430\\u0433\\u0440\\u0443\\u0436\\u0430\\u0435\\u0442\\u0441\\u044f", "timestamp": "2024-01-08T09:00:00"}, {"sender": "support", "message": "\\u041f\\u0440\\u043e\\u0431\\u043b\\u0435\\u043c\\u0430 \\u0440\\u0435\\u0448\\u0435\\u043d\\u0430, \\u043e\\u0447\\u0438\\u0441\\u0442\\u0438\\u0442\\u0435 \\u043a\\u044d\\u0448", "timestamp": "2024-01-08T10:30:00"}]', datetime.datetime(2024, 1, 8, 9, 0), datetime.datetime(2024, 1, 8, 10, 30), 'ticket_790')
[2026-03-08T14:53:46.773+0000] {sql.py:427} INFO - Rows affected: 1
[2026-03-08T14:53:46.791+0000] {base.py:73} INFO - Using connection ID 'postgres_default' for task execution.
[2026-03-08T14:53:46.842+0000] {sql.py:418} INFO - Running statement: SELECT 1 FROM raw_data.user_recommendations WHERE user_id = %s, parameters: ('user_123',)
[2026-03-08T14:53:46.854+0000] {sql.py:427} INFO - Rows affected: 1
[2026-03-08T14:53:46.856+0000] {base.py:73} INFO - Using connection ID 'postgres_default' for task execution.
[2026-03-08T14:53:46.910+0000] {sql.py:418} INFO - Running statement: 
                UPDATE raw_data.user_recommendations 
                SET recommended_products = %s, last_updated = %s
                WHERE user_id = %s
            , parameters: (['prod_101', 'prod_205', 'prod_333'], datetime.datetime(2024, 1, 10, 8, 0), 'user_123')
[2026-03-08T14:53:46.917+0000] {sql.py:427} INFO - Rows affected: 1
[2026-03-08T14:53:46.921+0000] {base.py:73} INFO - Using connection ID 'postgres_default' for task execution.
[2026-03-08T14:53:46.949+0000] {sql.py:418} INFO - Running statement: SELECT 1 FROM raw_data.user_recommendations WHERE user_id = %s, parameters: ('user_456',)
[2026-03-08T14:53:46.960+0000] {sql.py:427} INFO - Rows affected: 1
[2026-03-08T14:53:46.962+0000] {base.py:73} INFO - Using connection ID 'postgres_default' for task execution.
[2026-03-08T14:53:47.004+0000] {sql.py:418} INFO - Running statement: 
                UPDATE raw_data.user_recommendations 
                SET recommended_products = %s, last_updated = %s
                WHERE user_id = %s
            , parameters: (['prod_102', 'prod_206', 'prod_334', 'prod_401'], datetime.datetime(2024, 1, 10, 8, 0), 'user_456')
[2026-03-08T14:53:47.007+0000] {sql.py:427} INFO - Rows affected: 1
[2026-03-08T14:53:47.012+0000] {base.py:73} INFO - Using connection ID 'postgres_default' for task execution.
[2026-03-08T14:53:47.072+0000] {sql.py:418} INFO - Running statement: SELECT 1 FROM raw_data.moderation_queue WHERE review_id = %s, parameters: ('rev_555',)
[2026-03-08T14:53:47.086+0000] {sql.py:427} INFO - Rows affected: 1
[2026-03-08T14:53:47.088+0000] {base.py:73} INFO - Using connection ID 'postgres_default' for task execution.
[2026-03-08T14:53:47.110+0000] {sql.py:418} INFO - Running statement: 
                UPDATE raw_data.moderation_queue 
                SET user_id = %s, product_id = %s, review_text = %s, 
                    rating = %s, moderation_status = %s, flags = %s, submitted_at = %s
                WHERE review_id = %s
            , parameters: ('user_123', 'prod_101', 'Отличный товар, работает как нужно!', 5, 'pending', ['contains_images'], datetime.datetime(2024, 1, 8, 10, 20), 'rev_555')
[2026-03-08T14:53:47.116+0000] {sql.py:427} INFO - Rows affected: 1
[2026-03-08T14:53:47.122+0000] {base.py:73} INFO - Using connection ID 'postgres_default' for task execution.
[2026-03-08T14:53:47.153+0000] {sql.py:418} INFO - Running statement: SELECT 1 FROM raw_data.moderation_queue WHERE review_id = %s, parameters: ('rev_556',)
[2026-03-08T14:53:47.160+0000] {sql.py:427} INFO - Rows affected: 1
[2026-03-08T14:53:47.163+0000] {base.py:73} INFO - Using connection ID 'postgres_default' for task execution.
[2026-03-08T14:53:47.191+0000] {sql.py:418} INFO - Running statement: 
                UPDATE raw_data.moderation_queue 
                SET user_id = %s, product_id = %s, review_text = %s, 
                    rating = %s, moderation_status = %s, flags = %s, submitted_at = %s
                WHERE review_id = %s
            , parameters: ('user_456', 'prod_102', 'Товар не соответствует описанию', 2, 'approved', [], datetime.datetime(2024, 1, 7, 15, 30), 'rev_556')
[2026-03-08T14:53:47.198+0000] {sql.py:427} INFO - Rows affected: 1
[2026-03-08T14:53:47.205+0000] {python.py:194} INFO - Done. Returned value was: None
[2026-03-08T14:53:47.268+0000] {taskinstance.py:1398} INFO - Marking task as SUCCESS. dag_id=mongo_replication, task_id=copy_all_collections, execution_date=20260308T125000, start_date=20260308T145342, end_date=20260308T145347
[2026-03-08T14:53:47.364+0000] {local_task_job_runner.py:228} INFO - Task exited with return code 0
[2026-03-08T14:53:47.424+0000] {taskinstance.py:2776} INFO - 0 downstream tasks scheduled from follow-on schedule check
