[2026-03-08T12:12:37.919+0000] {manager.py:487} INFO - Processing files using up to 2 processes at a time 
[2026-03-08T12:12:37.922+0000] {manager.py:488} INFO - Process each file at most once every 30 seconds
[2026-03-08T12:12:37.924+0000] {manager.py:489} INFO - Checking for new files in /opt/airflow/dags every 300 seconds
[2026-03-08T12:12:37.927+0000] {manager.py:759} INFO - Searching for files in /opt/airflow/dags
[2026-03-08T12:12:37.958+0000] {manager.py:762} INFO - There are 2 files in /opt/airflow/dags
[2026-03-08T12:12:40.817+0000] {manager.py:893} INFO - 
================================================================================
DAG File Processing Stats

File Path                               PID  Runtime      # DAGs    # Errors  Last Runtime    Last Run
------------------------------------  -----  ---------  --------  ----------  --------------  ----------
/opt/airflow/dags/replication_dag.py    160  0.29s             0           0
/opt/airflow/dags/analytics_marts.py    163  0.26s             0           0
================================================================================
[2026-03-08T12:13:10.876+0000] {manager.py:893} INFO - 
================================================================================
DAG File Processing Stats

File Path                             PID    Runtime      # DAGs    # Errors  Last Runtime    Last Run
------------------------------------  -----  ---------  --------  ----------  --------------  -------------------
/opt/airflow/dags/replication_dag.py                           1           0  2.06s           2026-03-08T12:12:42
/opt/airflow/dags/analytics_marts.py                           1           0  2.06s           2026-03-08T12:12:42
================================================================================
[2026-03-08T12:13:41.110+0000] {manager.py:893} INFO - 
================================================================================
DAG File Processing Stats

File Path                             PID    Runtime      # DAGs    # Errors  Last Runtime    Last Run
------------------------------------  -----  ---------  --------  ----------  --------------  -------------------
/opt/airflow/dags/replication_dag.py                           1           0  0.62s           2026-03-08T12:13:13
/opt/airflow/dags/analytics_marts.py                           1           0  0.41s           2026-03-08T12:13:13
================================================================================
[2026-03-08T12:14:11.089+0000] {manager.py:893} INFO - 
================================================================================
DAG File Processing Stats

File Path                             PID    Runtime      # DAGs    # Errors  Last Runtime    Last Run
------------------------------------  -----  ---------  --------  ----------  --------------  -------------------
/opt/airflow/dags/replication_dag.py                           1           0  1.15s           2026-03-08T12:13:44
/opt/airflow/dags/analytics_marts.py                           1           0  0.90s           2026-03-08T12:13:44
================================================================================
[2026-03-08T12:14:41.436+0000] {manager.py:893} INFO - 
================================================================================
DAG File Processing Stats

File Path                             PID    Runtime      # DAGs    # Errors  Last Runtime    Last Run
------------------------------------  -----  ---------  --------  ----------  --------------  -------------------
/opt/airflow/dags/replication_dag.py                           1           0  0.70s           2026-03-08T12:14:15
/opt/airflow/dags/analytics_marts.py                           1           0  0.48s           2026-03-08T12:14:15
================================================================================
[2026-03-08T12:15:11.539+0000] {manager.py:893} INFO - 
================================================================================
DAG File Processing Stats

File Path                             PID    Runtime      # DAGs    # Errors  Last Runtime    Last Run
------------------------------------  -----  ---------  --------  ----------  --------------  -------------------
/opt/airflow/dags/replication_dag.py                           1           0  0.41s           2026-03-08T12:14:46
/opt/airflow/dags/analytics_marts.py                           1           0  0.32s           2026-03-08T12:14:46
================================================================================
[2026-03-08T12:15:42.508+0000] {manager.py:893} INFO - 
================================================================================
DAG File Processing Stats

File Path                             PID    Runtime      # DAGs    # Errors  Last Runtime    Last Run
------------------------------------  -----  ---------  --------  ----------  --------------  -------------------
/opt/airflow/dags/replication_dag.py                           1           0  0.50s           2026-03-08T12:15:17
/opt/airflow/dags/analytics_marts.py                           1           0  0.31s           2026-03-08T12:15:16
================================================================================
[2026-03-08T12:16:13.259+0000] {manager.py:893} INFO - 
================================================================================
DAG File Processing Stats

File Path                             PID    Runtime      # DAGs    # Errors  Last Runtime    Last Run
------------------------------------  -----  ---------  --------  ----------  --------------  -------------------
/opt/airflow/dags/replication_dag.py                           1           0  0.81s           2026-03-08T12:15:48
/opt/airflow/dags/analytics_marts.py                           1           0  0.52s           2026-03-08T12:15:48
================================================================================
[2026-03-08T12:16:43.939+0000] {manager.py:893} INFO - 
================================================================================
DAG File Processing Stats

File Path                             PID    Runtime      # DAGs    # Errors  Last Runtime    Last Run
------------------------------------  -----  ---------  --------  ----------  --------------  -------------------
/opt/airflow/dags/replication_dag.py                           1           0  8.97s           2026-03-08T12:16:28
/opt/airflow/dags/analytics_marts.py                           1           0  9.14s           2026-03-08T12:16:27
================================================================================
[2026-03-08T12:17:14.432+0000] {manager.py:893} INFO - 
================================================================================
DAG File Processing Stats

File Path                             PID    Runtime      # DAGs    # Errors  Last Runtime    Last Run
------------------------------------  -----  ---------  --------  ----------  --------------  -------------------
/opt/airflow/dags/replication_dag.py                           1           0  0.65s           2026-03-08T12:16:59
/opt/airflow/dags/analytics_marts.py                           1           0  0.28s           2026-03-08T12:16:58
================================================================================
[2026-03-08T12:17:38.081+0000] {manager.py:759} INFO - Searching for files in /opt/airflow/dags
[2026-03-08T12:17:38.123+0000] {manager.py:762} INFO - There are 2 files in /opt/airflow/dags
[2026-03-08T12:17:45.297+0000] {manager.py:893} INFO - 
================================================================================
DAG File Processing Stats

File Path                             PID    Runtime      # DAGs    # Errors  Last Runtime    Last Run
------------------------------------  -----  ---------  --------  ----------  --------------  -------------------
/opt/airflow/dags/replication_dag.py                           1           0  1.72s           2026-03-08T12:17:30
/opt/airflow/dags/analytics_marts.py                           1           0  1.24s           2026-03-08T12:17:30
================================================================================
[2026-03-08T12:18:16.277+0000] {manager.py:893} INFO - 
================================================================================
DAG File Processing Stats

File Path                             PID    Runtime      # DAGs    # Errors  Last Runtime    Last Run
------------------------------------  -----  ---------  --------  ----------  --------------  -------------------
/opt/airflow/dags/replication_dag.py                           1           0  0.35s           2026-03-08T12:18:01
/opt/airflow/dags/analytics_marts.py                           1           0  0.28s           2026-03-08T12:18:00
================================================================================
[2026-03-08T12:18:47.231+0000] {manager.py:893} INFO - 
================================================================================
DAG File Processing Stats

File Path                             PID    Runtime      # DAGs    # Errors  Last Runtime    Last Run
------------------------------------  -----  ---------  --------  ----------  --------------  -------------------
/opt/airflow/dags/replication_dag.py                           1           0  0.38s           2026-03-08T12:18:33
/opt/airflow/dags/analytics_marts.py                           1           0  0.29s           2026-03-08T12:18:31
================================================================================
[2026-03-08T12:19:17.409+0000] {manager.py:893} INFO - 
================================================================================
DAG File Processing Stats

File Path                             PID    Runtime      # DAGs    # Errors  Last Runtime    Last Run
------------------------------------  -----  ---------  --------  ----------  --------------  -------------------
/opt/airflow/dags/replication_dag.py                           1           0  0.54s           2026-03-08T12:19:03
/opt/airflow/dags/analytics_marts.py                           1           0  0.41s           2026-03-08T12:19:03
================================================================================
[2026-03-08T12:19:47.777+0000] {manager.py:893} INFO - 
================================================================================
DAG File Processing Stats

File Path                             PID    Runtime      # DAGs    # Errors  Last Runtime    Last Run
------------------------------------  -----  ---------  --------  ----------  --------------  -------------------
/opt/airflow/dags/replication_dag.py                           1           0  0.60s           2026-03-08T12:19:34
/opt/airflow/dags/analytics_marts.py                           1           0  0.33s           2026-03-08T12:19:33
================================================================================
[2026-03-08T12:20:18.452+0000] {manager.py:893} INFO - 
================================================================================
DAG File Processing Stats

File Path                             PID    Runtime      # DAGs    # Errors  Last Runtime    Last Run
------------------------------------  -----  ---------  --------  ----------  --------------  -------------------
/opt/airflow/dags/replication_dag.py                           1           0  0.61s           2026-03-08T12:20:05
/opt/airflow/dags/analytics_marts.py                           1           0  0.18s           2026-03-08T12:20:04
================================================================================
[2026-03-08T12:20:49.015+0000] {manager.py:893} INFO - 
================================================================================
DAG File Processing Stats

File Path                             PID    Runtime      # DAGs    # Errors  Last Runtime    Last Run
------------------------------------  -----  ---------  --------  ----------  --------------  -------------------
/opt/airflow/dags/replication_dag.py                           1           0  0.33s           2026-03-08T12:20:35
/opt/airflow/dags/analytics_marts.py                           1           0  0.19s           2026-03-08T12:20:34
================================================================================
[2026-03-08T12:21:19.342+0000] {manager.py:893} INFO - 
================================================================================
DAG File Processing Stats

File Path                             PID    Runtime      # DAGs    # Errors  Last Runtime    Last Run
------------------------------------  -----  ---------  --------  ----------  --------------  -------------------
/opt/airflow/dags/replication_dag.py                           1           0  0.51s           2026-03-08T12:21:06
/opt/airflow/dags/analytics_marts.py                           1           0  0.89s           2026-03-08T12:21:06
================================================================================
[2026-03-08T12:21:50.133+0000] {manager.py:893} INFO - 
================================================================================
DAG File Processing Stats

File Path                             PID    Runtime      # DAGs    # Errors  Last Runtime    Last Run
------------------------------------  -----  ---------  --------  ----------  --------------  -------------------
/opt/airflow/dags/replication_dag.py                           1           0  0.54s           2026-03-08T12:21:38
/opt/airflow/dags/analytics_marts.py                           1           0  0.38s           2026-03-08T12:21:36
================================================================================
[2026-03-08T12:22:20.561+0000] {manager.py:893} INFO - 
================================================================================
DAG File Processing Stats

File Path                             PID    Runtime      # DAGs    # Errors  Last Runtime    Last Run
------------------------------------  -----  ---------  --------  ----------  --------------  -------------------
/opt/airflow/dags/replication_dag.py                           1           0  0.30s           2026-03-08T12:22:08
/opt/airflow/dags/analytics_marts.py                           1           0  0.18s           2026-03-08T12:22:07
================================================================================
[2026-03-08T12:22:38.206+0000] {manager.py:759} INFO - Searching for files in /opt/airflow/dags
[2026-03-08T12:22:38.237+0000] {manager.py:762} INFO - There are 2 files in /opt/airflow/dags
[2026-03-08T12:22:51.111+0000] {manager.py:893} INFO - 
================================================================================
DAG File Processing Stats

File Path                             PID    Runtime      # DAGs    # Errors  Last Runtime    Last Run
------------------------------------  -----  ---------  --------  ----------  --------------  -------------------
/opt/airflow/dags/replication_dag.py                           1           0  1.00s           2026-03-08T12:22:40
/opt/airflow/dags/analytics_marts.py                           1           0  0.44s           2026-03-08T12:22:38
================================================================================
[2026-03-08T12:23:21.676+0000] {manager.py:893} INFO - 
================================================================================
DAG File Processing Stats

File Path                             PID    Runtime      # DAGs    # Errors  Last Runtime    Last Run
------------------------------------  -----  ---------  --------  ----------  --------------  -------------------
/opt/airflow/dags/replication_dag.py                           1           0  0.35s           2026-03-08T12:23:10
/opt/airflow/dags/analytics_marts.py                           1           0  0.27s           2026-03-08T12:23:08
================================================================================
[2026-03-08T12:23:52.165+0000] {manager.py:893} INFO - 
================================================================================
DAG File Processing Stats

File Path                             PID    Runtime      # DAGs    # Errors  Last Runtime    Last Run
------------------------------------  -----  ---------  --------  ----------  --------------  -------------------
/opt/airflow/dags/replication_dag.py                           1           0  0.35s           2026-03-08T12:23:41
/opt/airflow/dags/analytics_marts.py                           1           0  0.22s           2026-03-08T12:23:39
================================================================================
[2026-03-08T12:24:22.896+0000] {manager.py:893} INFO - 
================================================================================
DAG File Processing Stats

File Path                             PID    Runtime      # DAGs    # Errors  Last Runtime    Last Run
------------------------------------  -----  ---------  --------  ----------  --------------  -------------------
/opt/airflow/dags/replication_dag.py                           1           0  0.37s           2026-03-08T12:23:54
/opt/airflow/dags/analytics_marts.py                           1           0  0.45s           2026-03-08T12:24:10
================================================================================
[2026-03-08T12:24:53.361+0000] {manager.py:893} INFO - 
================================================================================
DAG File Processing Stats

File Path                             PID    Runtime      # DAGs    # Errors  Last Runtime    Last Run
------------------------------------  -----  ---------  --------  ----------  --------------  -------------------
/opt/airflow/dags/replication_dag.py                           1           0  0.26s           2026-03-08T12:24:25
/opt/airflow/dags/analytics_marts.py                           1           0  0.56s           2026-03-08T12:24:40
================================================================================
[2026-03-08T12:25:23.861+0000] {manager.py:893} INFO - 
================================================================================
DAG File Processing Stats

File Path                             PID    Runtime      # DAGs    # Errors  Last Runtime    Last Run
------------------------------------  -----  ---------  --------  ----------  --------------  -------------------
/opt/airflow/dags/replication_dag.py                           1           0  0.93s           2026-03-08T12:25:19
/opt/airflow/dags/analytics_marts.py                           1           0  0.20s           2026-03-08T12:25:10
================================================================================
[2026-03-08T12:25:53.949+0000] {manager.py:893} INFO - 
================================================================================
DAG File Processing Stats

File Path                             PID    Runtime      # DAGs    # Errors  Last Runtime    Last Run
------------------------------------  -----  ---------  --------  ----------  --------------  -------------------
/opt/airflow/dags/replication_dag.py                           1           0  1.09s           2026-03-08T12:25:51
/opt/airflow/dags/analytics_marts.py                           1           0  0.41s           2026-03-08T12:25:41
================================================================================
[2026-03-08T12:26:23.972+0000] {manager.py:893} INFO - 
================================================================================
DAG File Processing Stats

File Path                             PID    Runtime      # DAGs    # Errors  Last Runtime    Last Run
------------------------------------  -----  ---------  --------  ----------  --------------  -------------------
/opt/airflow/dags/replication_dag.py                           1           0  0.29s           2026-03-08T12:26:22
/opt/airflow/dags/analytics_marts.py                           1           0  0.47s           2026-03-08T12:26:12
================================================================================
[2026-03-08T12:26:54.467+0000] {manager.py:893} INFO - 
================================================================================
DAG File Processing Stats

File Path                             PID    Runtime      # DAGs    # Errors  Last Runtime    Last Run
------------------------------------  -----  ---------  --------  ----------  --------------  -------------------
/opt/airflow/dags/replication_dag.py                           1           0  0.21s           2026-03-08T12:26:52
/opt/airflow/dags/analytics_marts.py                           1           0  0.27s           2026-03-08T12:26:43
================================================================================
[2026-03-08T12:27:25.169+0000] {manager.py:893} INFO - 
================================================================================
DAG File Processing Stats

File Path                               PID  Runtime      # DAGs    # Errors  Last Runtime    Last Run
------------------------------------  -----  ---------  --------  ----------  --------------  -------------------
/opt/airflow/dags/replication_dag.py    525  0.01s             1           0  0.21s           2026-03-08T12:27:23
/opt/airflow/dags/analytics_marts.py                           1           0  0.58s           2026-03-08T12:27:14
================================================================================
[2026-03-08T12:27:38.577+0000] {manager.py:759} INFO - Searching for files in /opt/airflow/dags
[2026-03-08T12:27:38.601+0000] {manager.py:762} INFO - There are 2 files in /opt/airflow/dags
[2026-03-08T12:27:55.237+0000] {manager.py:893} INFO - 
================================================================================
DAG File Processing Stats

File Path                             PID    Runtime      # DAGs    # Errors  Last Runtime    Last Run
------------------------------------  -----  ---------  --------  ----------  --------------  -------------------
/opt/airflow/dags/replication_dag.py                           1           0  0.48s           2026-03-08T12:27:25
/opt/airflow/dags/analytics_marts.py                           1           0  0.48s           2026-03-08T12:27:45
================================================================================
[2026-03-08T12:28:25.583+0000] {manager.py:893} INFO - 
================================================================================
DAG File Processing Stats

File Path                             PID    Runtime      # DAGs    # Errors  Last Runtime    Last Run
------------------------------------  -----  ---------  --------  ----------  --------------  -------------------
/opt/airflow/dags/replication_dag.py                           1           0  0.27s           2026-03-08T12:27:56
/opt/airflow/dags/analytics_marts.py                           1           0  0.51s           2026-03-08T12:28:15
================================================================================
[2026-03-08T12:28:56.030+0000] {manager.py:893} INFO - 
================================================================================
DAG File Processing Stats

File Path                             PID    Runtime      # DAGs    # Errors  Last Runtime    Last Run
------------------------------------  -----  ---------  --------  ----------  --------------  -------------------
/opt/airflow/dags/replication_dag.py                           1           0  0.19s           2026-03-08T12:28:26
/opt/airflow/dags/analytics_marts.py                           1           0  0.21s           2026-03-08T12:28:46
================================================================================
[2026-03-08T12:29:26.415+0000] {manager.py:893} INFO - 
================================================================================
DAG File Processing Stats

File Path                             PID    Runtime      # DAGs    # Errors  Last Runtime    Last Run
------------------------------------  -----  ---------  --------  ----------  --------------  -------------------
/opt/airflow/dags/replication_dag.py                           1           0  0.43s           2026-03-08T12:29:26
/opt/airflow/dags/analytics_marts.py                           1           0  0.48s           2026-03-08T12:29:16
================================================================================
[2026-03-08T12:29:56.579+0000] {manager.py:893} INFO - 
================================================================================
DAG File Processing Stats

File Path                               PID  Runtime      # DAGs    # Errors  Last Runtime    Last Run
------------------------------------  -----  ---------  --------  ----------  --------------  -------------------
/opt/airflow/dags/replication_dag.py    585  0.00s             1           0  0.43s           2026-03-08T12:29:26
/opt/airflow/dags/analytics_marts.py                           1           0  0.23s           2026-03-08T12:29:47
================================================================================
[2026-03-08T12:30:26.909+0000] {manager.py:893} INFO - 
================================================================================
DAG File Processing Stats

File Path                             PID    Runtime      # DAGs    # Errors  Last Runtime    Last Run
------------------------------------  -----  ---------  --------  ----------  --------------  -------------------
/opt/airflow/dags/replication_dag.py                           1           0  0.39s           2026-03-08T12:29:56
/opt/airflow/dags/analytics_marts.py                           1           0  0.42s           2026-03-08T12:30:18
================================================================================
[2026-03-08T12:30:57.842+0000] {manager.py:893} INFO - 
================================================================================
DAG File Processing Stats

File Path                               PID  Runtime      # DAGs    # Errors  Last Runtime    Last Run
------------------------------------  -----  ---------  --------  ----------  --------------  -------------------
/opt/airflow/dags/replication_dag.py    625  0.01s             1           0  0.19s           2026-03-08T12:30:27
/opt/airflow/dags/analytics_marts.py                           1           0  0.18s           2026-03-08T12:30:48
================================================================================
[2026-03-08T12:31:28.183+0000] {manager.py:893} INFO - 
================================================================================
DAG File Processing Stats

File Path                               PID  Runtime      # DAGs    # Errors  Last Runtime    Last Run
------------------------------------  -----  ---------  --------  ----------  --------------  -------------------
/opt/airflow/dags/replication_dag.py    635  0.01s             1           0  0.24s           2026-03-08T12:30:58
/opt/airflow/dags/analytics_marts.py                           1           0  0.18s           2026-03-08T12:31:19
================================================================================
[2026-03-08T12:31:58.636+0000] {manager.py:893} INFO - 
================================================================================
DAG File Processing Stats

File Path                               PID  Runtime      # DAGs    # Errors  Last Runtime    Last Run
------------------------------------  -----  ---------  --------  ----------  --------------  -------------------
/opt/airflow/dags/replication_dag.py    645  0.00s             1           0  0.22s           2026-03-08T12:31:28
/opt/airflow/dags/analytics_marts.py                           1           0  0.20s           2026-03-08T12:31:49
================================================================================
[2026-03-08T12:32:29.168+0000] {manager.py:893} INFO - 
================================================================================
DAG File Processing Stats

File Path                               PID  Runtime      # DAGs    # Errors  Last Runtime    Last Run
------------------------------------  -----  ---------  --------  ----------  --------------  -------------------
/opt/airflow/dags/replication_dag.py    655  0.01s             1           0  0.18s           2026-03-08T12:31:58
/opt/airflow/dags/analytics_marts.py                           1           0  0.18s           2026-03-08T12:32:19
================================================================================
[2026-03-08T12:32:39.275+0000] {manager.py:759} INFO - Searching for files in /opt/airflow/dags
[2026-03-08T12:32:39.290+0000] {manager.py:762} INFO - There are 2 files in /opt/airflow/dags
[2026-03-08T12:32:59.632+0000] {manager.py:893} INFO - 
================================================================================
DAG File Processing Stats

File Path                               PID  Runtime      # DAGs    # Errors  Last Runtime    Last Run
------------------------------------  -----  ---------  --------  ----------  --------------  -------------------
/opt/airflow/dags/replication_dag.py    665  0.00s             1           0  0.22s           2026-03-08T12:32:29
/opt/airflow/dags/analytics_marts.py                           1           0  0.17s           2026-03-08T12:32:50
================================================================================
[2026-03-08T12:33:30.079+0000] {manager.py:893} INFO - 
================================================================================
DAG File Processing Stats

File Path                               PID  Runtime      # DAGs    # Errors  Last Runtime    Last Run
------------------------------------  -----  ---------  --------  ----------  --------------  -------------------
/opt/airflow/dags/replication_dag.py    675  0.00s             1           0  0.17s           2026-03-08T12:32:59
/opt/airflow/dags/analytics_marts.py                           1           0  0.18s           2026-03-08T12:33:21
================================================================================
[2026-03-08T12:34:00.451+0000] {manager.py:893} INFO - 
================================================================================
DAG File Processing Stats

File Path                               PID  Runtime      # DAGs    # Errors  Last Runtime    Last Run
------------------------------------  -----  ---------  --------  ----------  --------------  -------------------
/opt/airflow/dags/replication_dag.py    685  0.00s             1           0  0.19s           2026-03-08T12:33:30
/opt/airflow/dags/analytics_marts.py                           1           0  0.18s           2026-03-08T12:33:51
================================================================================
[2026-03-08T12:34:30.899+0000] {manager.py:893} INFO - 
================================================================================
DAG File Processing Stats

File Path                               PID  Runtime      # DAGs    # Errors  Last Runtime    Last Run
------------------------------------  -----  ---------  --------  ----------  --------------  -------------------
/opt/airflow/dags/replication_dag.py    700  0.00s             1           0  0.18s           2026-03-08T12:34:00
/opt/airflow/dags/analytics_marts.py                           1           0  0.19s           2026-03-08T12:34:21
================================================================================
[2026-03-08T12:35:01.362+0000] {manager.py:893} INFO - 
================================================================================
DAG File Processing Stats

File Path                               PID  Runtime      # DAGs    # Errors  Last Runtime    Last Run
------------------------------------  -----  ---------  --------  ----------  --------------  -------------------
/opt/airflow/dags/replication_dag.py    710  0.00s             1           0  0.18s           2026-03-08T12:34:31
/opt/airflow/dags/analytics_marts.py                           1           0  0.24s           2026-03-08T12:34:52
================================================================================
[2026-03-08T12:35:31.772+0000] {manager.py:893} INFO - 
================================================================================
DAG File Processing Stats

File Path                               PID  Runtime      # DAGs    # Errors  Last Runtime    Last Run
------------------------------------  -----  ---------  --------  ----------  --------------  -------------------
/opt/airflow/dags/replication_dag.py    720  0.01s             1           0  0.16s           2026-03-08T12:35:01
/opt/airflow/dags/analytics_marts.py                           1           0  0.27s           2026-03-08T12:35:22
================================================================================
[2026-03-08T12:36:02.351+0000] {manager.py:893} INFO - 
================================================================================
DAG File Processing Stats

File Path                               PID  Runtime      # DAGs    # Errors  Last Runtime    Last Run
------------------------------------  -----  ---------  --------  ----------  --------------  -------------------
/opt/airflow/dags/replication_dag.py    730  0.02s             1           0  0.18s           2026-03-08T12:35:31
/opt/airflow/dags/analytics_marts.py                           1           0  0.17s           2026-03-08T12:35:53
================================================================================
[2026-03-08T12:36:32.469+0000] {manager.py:893} INFO - 
================================================================================
DAG File Processing Stats

File Path                             PID    Runtime      # DAGs    # Errors  Last Runtime    Last Run
------------------------------------  -----  ---------  --------  ----------  --------------  -------------------
/opt/airflow/dags/replication_dag.py                           1           0  0.44s           2026-03-08T12:36:14
/opt/airflow/dags/analytics_marts.py                           1           0  0.27s           2026-03-08T12:36:24
================================================================================
[2026-03-08T12:37:03.179+0000] {manager.py:893} INFO - 
================================================================================
DAG File Processing Stats

File Path                             PID    Runtime      # DAGs    # Errors  Last Runtime    Last Run
------------------------------------  -----  ---------  --------  ----------  --------------  -------------------
/opt/airflow/dags/replication_dag.py                           1           0  0.23s           2026-03-08T12:37:00
/opt/airflow/dags/analytics_marts.py                           1           0  0.21s           2026-03-08T12:36:54
================================================================================
[2026-03-08T12:37:33.825+0000] {manager.py:893} INFO - 
================================================================================
DAG File Processing Stats

File Path                             PID    Runtime      # DAGs    # Errors  Last Runtime    Last Run
------------------------------------  -----  ---------  --------  ----------  --------------  -------------------
/opt/airflow/dags/replication_dag.py                           1           0  0.24s           2026-03-08T12:37:30
/opt/airflow/dags/analytics_marts.py                           1           0  0.18s           2026-03-08T12:37:25
================================================================================
[2026-03-08T12:37:39.866+0000] {manager.py:759} INFO - Searching for files in /opt/airflow/dags
[2026-03-08T12:37:39.885+0000] {manager.py:762} INFO - There are 2 files in /opt/airflow/dags
[2026-03-08T12:38:04.317+0000] {manager.py:893} INFO - 
================================================================================
DAG File Processing Stats

File Path                             PID    Runtime      # DAGs    # Errors  Last Runtime    Last Run
------------------------------------  -----  ---------  --------  ----------  --------------  -------------------
/opt/airflow/dags/replication_dag.py                           1           0  0.18s           2026-03-08T12:38:01
/opt/airflow/dags/analytics_marts.py                           1           0  0.18s           2026-03-08T12:37:56
================================================================================
[2026-03-08T12:38:34.852+0000] {manager.py:893} INFO - 
================================================================================
DAG File Processing Stats

File Path                             PID    Runtime      # DAGs    # Errors  Last Runtime    Last Run
------------------------------------  -----  ---------  --------  ----------  --------------  -------------------
/opt/airflow/dags/replication_dag.py                           1           0  0.23s           2026-03-08T12:38:31
/opt/airflow/dags/analytics_marts.py                           1           0  0.19s           2026-03-08T12:38:26
================================================================================
[2026-03-08T12:39:05.371+0000] {manager.py:893} INFO - 
================================================================================
DAG File Processing Stats

File Path                             PID    Runtime      # DAGs    # Errors  Last Runtime    Last Run
------------------------------------  -----  ---------  --------  ----------  --------------  -------------------
/opt/airflow/dags/replication_dag.py                           1           0  0.32s           2026-03-08T12:39:02
/opt/airflow/dags/analytics_marts.py                           1           0  0.19s           2026-03-08T12:38:57
================================================================================
[2026-03-08T12:39:36.246+0000] {manager.py:893} INFO - 
================================================================================
DAG File Processing Stats

File Path                             PID    Runtime      # DAGs    # Errors  Last Runtime    Last Run
------------------------------------  -----  ---------  --------  ----------  --------------  -------------------
/opt/airflow/dags/replication_dag.py                           1           0  0.31s           2026-03-08T12:39:33
/opt/airflow/dags/analytics_marts.py                           1           0  0.28s           2026-03-08T12:39:27
================================================================================
[2026-03-08T12:40:06.599+0000] {manager.py:893} INFO - 
================================================================================
DAG File Processing Stats

File Path                             PID    Runtime      # DAGs    # Errors  Last Runtime    Last Run
------------------------------------  -----  ---------  --------  ----------  --------------  -------------------
/opt/airflow/dags/replication_dag.py                           1           0  0.27s           2026-03-08T12:40:03
/opt/airflow/dags/analytics_marts.py                           1           0  0.38s           2026-03-08T12:39:58
================================================================================
[2026-03-08T12:40:37.259+0000] {manager.py:893} INFO - 
================================================================================
DAG File Processing Stats

File Path                             PID    Runtime      # DAGs    # Errors  Last Runtime    Last Run
------------------------------------  -----  ---------  --------  ----------  --------------  -------------------
/opt/airflow/dags/replication_dag.py                           1           0  0.38s           2026-03-08T12:40:34
/opt/airflow/dags/analytics_marts.py                           1           0  0.24s           2026-03-08T12:40:29
================================================================================
[2026-03-08T12:41:07.794+0000] {manager.py:893} INFO - 
================================================================================
DAG File Processing Stats

File Path                             PID    Runtime      # DAGs    # Errors  Last Runtime    Last Run
------------------------------------  -----  ---------  --------  ----------  --------------  -------------------
/opt/airflow/dags/replication_dag.py                           1           0  0.22s           2026-03-08T12:41:04
/opt/airflow/dags/analytics_marts.py                           1           0  0.18s           2026-03-08T12:40:59
================================================================================
[2026-03-08T12:41:38.086+0000] {manager.py:893} INFO - 
================================================================================
DAG File Processing Stats

File Path                             PID    Runtime      # DAGs    # Errors  Last Runtime    Last Run
------------------------------------  -----  ---------  --------  ----------  --------------  -------------------
/opt/airflow/dags/replication_dag.py                           1           0  0.22s           2026-03-08T12:41:35
/opt/airflow/dags/analytics_marts.py                           1           0  0.43s           2026-03-08T12:41:30
================================================================================
[2026-03-08T12:42:08.685+0000] {manager.py:893} INFO - 
================================================================================
DAG File Processing Stats

File Path                             PID    Runtime      # DAGs    # Errors  Last Runtime    Last Run
------------------------------------  -----  ---------  --------  ----------  --------------  -------------------
/opt/airflow/dags/replication_dag.py                           1           0  0.37s           2026-03-08T12:42:05
/opt/airflow/dags/analytics_marts.py                           1           0  0.21s           2026-03-08T12:42:01
================================================================================
[2026-03-08T12:42:38.950+0000] {manager.py:893} INFO - 
================================================================================
DAG File Processing Stats

File Path                             PID    Runtime      # DAGs    # Errors  Last Runtime    Last Run
------------------------------------  -----  ---------  --------  ----------  --------------  -------------------
/opt/airflow/dags/replication_dag.py                           1           0  0.56s           2026-03-08T12:42:36
/opt/airflow/dags/analytics_marts.py                           1           0  0.91s           2026-03-08T12:42:33
================================================================================
[2026-03-08T12:42:39.956+0000] {manager.py:759} INFO - Searching for files in /opt/airflow/dags
[2026-03-08T12:42:39.972+0000] {manager.py:762} INFO - There are 2 files in /opt/airflow/dags
[2026-03-08T12:43:09.098+0000] {manager.py:893} INFO - 
================================================================================
DAG File Processing Stats

File Path                             PID    Runtime      # DAGs    # Errors  Last Runtime    Last Run
------------------------------------  -----  ---------  --------  ----------  --------------  -------------------
/opt/airflow/dags/replication_dag.py                           1           0  0.18s           2026-03-08T12:43:07
/opt/airflow/dags/analytics_marts.py                           1           0  0.24s           2026-03-08T12:43:04
================================================================================
[2026-03-08T12:43:39.889+0000] {manager.py:893} INFO - 
================================================================================
DAG File Processing Stats

File Path                             PID    Runtime      # DAGs    # Errors  Last Runtime    Last Run
------------------------------------  -----  ---------  --------  ----------  --------------  -------------------
/opt/airflow/dags/replication_dag.py                           1           0  0.25s           2026-03-08T12:43:37
/opt/airflow/dags/analytics_marts.py                           1           0  0.22s           2026-03-08T12:43:34
================================================================================
[2026-03-08T12:44:10.377+0000] {manager.py:893} INFO - 
================================================================================
DAG File Processing Stats

File Path                             PID    Runtime      # DAGs    # Errors  Last Runtime    Last Run
------------------------------------  -----  ---------  --------  ----------  --------------  -------------------
/opt/airflow/dags/replication_dag.py                           1           0  0.23s           2026-03-08T12:44:08
/opt/airflow/dags/analytics_marts.py                           1           0  0.22s           2026-03-08T12:44:05
================================================================================
[2026-03-08T12:44:40.756+0000] {manager.py:893} INFO - 
================================================================================
DAG File Processing Stats

File Path                             PID    Runtime      # DAGs    # Errors  Last Runtime    Last Run
------------------------------------  -----  ---------  --------  ----------  --------------  -------------------
/opt/airflow/dags/replication_dag.py                           1           0  0.19s           2026-03-08T12:44:38
/opt/airflow/dags/analytics_marts.py                           1           0  0.31s           2026-03-08T12:44:35
================================================================================
[2026-03-08T12:45:11.330+0000] {manager.py:893} INFO - 
================================================================================
DAG File Processing Stats

File Path                             PID    Runtime      # DAGs    # Errors  Last Runtime    Last Run
------------------------------------  -----  ---------  --------  ----------  --------------  -------------------
/opt/airflow/dags/replication_dag.py                           1           0  0.18s           2026-03-08T12:45:09
/opt/airflow/dags/analytics_marts.py                           1           0  0.20s           2026-03-08T12:45:06
================================================================================
[2026-03-08T12:45:41.979+0000] {manager.py:893} INFO - 
================================================================================
DAG File Processing Stats

File Path                             PID    Runtime      # DAGs    # Errors  Last Runtime    Last Run
------------------------------------  -----  ---------  --------  ----------  --------------  -------------------
/opt/airflow/dags/replication_dag.py                           1           0  0.18s           2026-03-08T12:45:40
/opt/airflow/dags/analytics_marts.py                           1           0  0.23s           2026-03-08T12:45:37
================================================================================
[2026-03-08T12:46:12.603+0000] {manager.py:893} INFO - 
================================================================================
DAG File Processing Stats

File Path                             PID    Runtime      # DAGs    # Errors  Last Runtime    Last Run
------------------------------------  -----  ---------  --------  ----------  --------------  -------------------
/opt/airflow/dags/replication_dag.py                           1           0  0.19s           2026-03-08T12:46:10
/opt/airflow/dags/analytics_marts.py                           1           0  0.19s           2026-03-08T12:46:07
================================================================================
[2026-03-08T12:46:43.159+0000] {manager.py:893} INFO - 
================================================================================
DAG File Processing Stats

File Path                             PID    Runtime      # DAGs    # Errors  Last Runtime    Last Run
------------------------------------  -----  ---------  --------  ----------  --------------  -------------------
/opt/airflow/dags/replication_dag.py                           1           0  0.19s           2026-03-08T12:46:41
/opt/airflow/dags/analytics_marts.py                           1           0  0.18s           2026-03-08T12:46:38
================================================================================
[2026-03-08T12:47:13.819+0000] {manager.py:893} INFO - 
================================================================================
DAG File Processing Stats

File Path                             PID    Runtime      # DAGs    # Errors  Last Runtime    Last Run
------------------------------------  -----  ---------  --------  ----------  --------------  -------------------
/opt/airflow/dags/replication_dag.py                           1           0  0.20s           2026-03-08T12:47:12
/opt/airflow/dags/analytics_marts.py                           1           0  0.26s           2026-03-08T12:47:09
================================================================================
[2026-03-08T12:47:40.306+0000] {manager.py:759} INFO - Searching for files in /opt/airflow/dags
[2026-03-08T12:47:40.329+0000] {manager.py:762} INFO - There are 2 files in /opt/airflow/dags
[2026-03-08T12:47:44.443+0000] {manager.py:893} INFO - 
================================================================================
DAG File Processing Stats

File Path                             PID    Runtime      # DAGs    # Errors  Last Runtime    Last Run
------------------------------------  -----  ---------  --------  ----------  --------------  -------------------
/opt/airflow/dags/replication_dag.py                           1           0  0.41s           2026-03-08T12:47:42
/opt/airflow/dags/analytics_marts.py                           1           0  0.18s           2026-03-08T12:47:39
================================================================================
[2026-03-08T12:48:14.564+0000] {manager.py:893} INFO - 
================================================================================
DAG File Processing Stats

File Path                             PID    Runtime      # DAGs    # Errors  Last Runtime    Last Run
------------------------------------  -----  ---------  --------  ----------  --------------  -------------------
/opt/airflow/dags/replication_dag.py                           1           0  0.18s           2026-03-08T12:48:13
/opt/airflow/dags/analytics_marts.py                           1           0  0.66s           2026-03-08T12:48:10
================================================================================
[2026-03-08T12:48:45.206+0000] {manager.py:893} INFO - 
================================================================================
DAG File Processing Stats

File Path                             PID    Runtime      # DAGs    # Errors  Last Runtime    Last Run
------------------------------------  -----  ---------  --------  ----------  --------------  -------------------
/opt/airflow/dags/replication_dag.py                           1           0  0.20s           2026-03-08T12:48:44
/opt/airflow/dags/analytics_marts.py                           1           0  0.19s           2026-03-08T12:48:41
================================================================================
[2026-03-08T12:49:15.437+0000] {manager.py:893} INFO - 
================================================================================
DAG File Processing Stats

File Path                             PID    Runtime      # DAGs    # Errors  Last Runtime    Last Run
------------------------------------  -----  ---------  --------  ----------  --------------  -------------------
/opt/airflow/dags/replication_dag.py                           1           0  0.19s           2026-03-08T12:49:14
/opt/airflow/dags/analytics_marts.py                           1           0  0.37s           2026-03-08T12:49:12
================================================================================
[2026-03-08T12:49:45.791+0000] {manager.py:893} INFO - 
================================================================================
DAG File Processing Stats

File Path                             PID    Runtime      # DAGs    # Errors  Last Runtime    Last Run
------------------------------------  -----  ---------  --------  ----------  --------------  -------------------
/opt/airflow/dags/replication_dag.py                           1           0  0.33s           2026-03-08T12:49:45
/opt/airflow/dags/analytics_marts.py                           1           0  0.34s           2026-03-08T12:49:43
================================================================================
[2026-03-08T12:50:16.518+0000] {manager.py:893} INFO - 
================================================================================
DAG File Processing Stats

File Path                             PID    Runtime      # DAGs    # Errors  Last Runtime    Last Run
------------------------------------  -----  ---------  --------  ----------  --------------  -------------------
/opt/airflow/dags/replication_dag.py                           1           0  0.22s           2026-03-08T12:50:15
/opt/airflow/dags/analytics_marts.py                           1           0  0.35s           2026-03-08T12:50:13
================================================================================
[2026-03-08T12:50:46.586+0000] {manager.py:893} INFO - 
================================================================================
DAG File Processing Stats

File Path                               PID  Runtime      # DAGs    # Errors  Last Runtime    Last Run
------------------------------------  -----  ---------  --------  ----------  --------------  -------------------
/opt/airflow/dags/replication_dag.py   1061  0.03s             1           0  0.22s           2026-03-08T12:50:15
/opt/airflow/dags/analytics_marts.py                           1           0  0.21s           2026-03-08T12:50:44
================================================================================
[2026-03-08T12:51:17.136+0000] {manager.py:893} INFO - 
================================================================================
DAG File Processing Stats

File Path                             PID    Runtime      # DAGs    # Errors  Last Runtime    Last Run
------------------------------------  -----  ---------  --------  ----------  --------------  -------------------
/opt/airflow/dags/replication_dag.py                           1           0  0.80s           2026-03-08T12:50:47
/opt/airflow/dags/analytics_marts.py                           1           0  0.21s           2026-03-08T12:51:15
================================================================================
[2026-03-08T12:51:47.631+0000] {manager.py:893} INFO - 
================================================================================
DAG File Processing Stats

File Path                             PID    Runtime      # DAGs    # Errors  Last Runtime    Last Run
------------------------------------  -----  ---------  --------  ----------  --------------  -------------------
/opt/airflow/dags/replication_dag.py                           1           0  0.28s           2026-03-08T12:51:17
/opt/airflow/dags/analytics_marts.py                           1           0  0.19s           2026-03-08T12:51:45
================================================================================
[2026-03-08T12:51:53.766+0000] {manager.py:469} INFO - Exiting gracefully upon receiving signal 15
[2026-03-08T12:53:18.146+0000] {manager.py:487} INFO - Processing files using up to 2 processes at a time 
[2026-03-08T12:53:18.148+0000] {manager.py:488} INFO - Process each file at most once every 30 seconds
[2026-03-08T12:53:18.151+0000] {manager.py:489} INFO - Checking for new files in /opt/airflow/dags every 300 seconds
[2026-03-08T12:53:18.153+0000] {manager.py:759} INFO - Searching for files in /opt/airflow/dags
[2026-03-08T12:53:18.169+0000] {manager.py:762} INFO - There are 2 files in /opt/airflow/dags
[2026-03-08T12:53:20.674+0000] {manager.py:893} INFO - 
================================================================================
DAG File Processing Stats

File Path                               PID  Runtime      # DAGs    # Errors  Last Runtime    Last Run
------------------------------------  -----  ---------  --------  ----------  --------------  ----------
/opt/airflow/dags/replication_dag.py    159  0.26s             0           0
/opt/airflow/dags/analytics_marts.py    162  0.22s             0           0
================================================================================
[2026-03-08T12:53:50.835+0000] {manager.py:893} INFO - 
================================================================================
DAG File Processing Stats

File Path                             PID    Runtime      # DAGs    # Errors  Last Runtime    Last Run
------------------------------------  -----  ---------  --------  ----------  --------------  -------------------
/opt/airflow/dags/replication_dag.py                           1           0  0.72s           2026-03-08T12:53:21
/opt/airflow/dags/analytics_marts.py                           1           0  0.69s           2026-03-08T12:53:21
================================================================================
[2026-03-08T12:54:20.944+0000] {manager.py:893} INFO - 
================================================================================
DAG File Processing Stats

File Path                             PID    Runtime      # DAGs    # Errors  Last Runtime    Last Run
------------------------------------  -----  ---------  --------  ----------  --------------  -------------------
/opt/airflow/dags/replication_dag.py                           1           0  0.81s           2026-03-08T12:53:52
/opt/airflow/dags/analytics_marts.py                           1           0  0.75s           2026-03-08T12:53:52
================================================================================
[2026-03-08T12:54:51.646+0000] {manager.py:893} INFO - 
================================================================================
DAG File Processing Stats

File Path                             PID    Runtime      # DAGs    # Errors  Last Runtime    Last Run
------------------------------------  -----  ---------  --------  ----------  --------------  -------------------
/opt/airflow/dags/replication_dag.py                           1           0  2.29s           2026-03-08T12:54:25
/opt/airflow/dags/analytics_marts.py                           1           0  2.14s           2026-03-08T12:54:25
================================================================================
[2026-03-08T12:55:22.016+0000] {manager.py:893} INFO - 
================================================================================
DAG File Processing Stats

File Path                             PID    Runtime      # DAGs    # Errors  Last Runtime    Last Run
------------------------------------  -----  ---------  --------  ----------  --------------  -------------------
/opt/airflow/dags/replication_dag.py                           1           0  0.32s           2026-03-08T12:54:56
/opt/airflow/dags/analytics_marts.py                           1           0  0.39s           2026-03-08T12:54:56
================================================================================
[2026-03-08T12:55:52.814+0000] {manager.py:893} INFO - 
================================================================================
DAG File Processing Stats

File Path                             PID    Runtime      # DAGs    # Errors  Last Runtime    Last Run
------------------------------------  -----  ---------  --------  ----------  --------------  -------------------
/opt/airflow/dags/replication_dag.py                           1           0  1.36s           2026-03-08T12:55:28
/opt/airflow/dags/analytics_marts.py                           1           0  1.33s           2026-03-08T12:55:28
================================================================================
[2026-03-08T12:56:22.923+0000] {manager.py:893} INFO - 
================================================================================
DAG File Processing Stats

File Path                             PID    Runtime      # DAGs    # Errors  Last Runtime    Last Run
------------------------------------  -----  ---------  --------  ----------  --------------  -------------------
/opt/airflow/dags/replication_dag.py                           1           0  0.53s           2026-03-08T12:55:59
/opt/airflow/dags/analytics_marts.py                           1           0  0.47s           2026-03-08T12:55:59
================================================================================
[2026-03-08T14:32:58.938+0000] {manager.py:759} INFO - Searching for files in /opt/airflow/dags
[2026-03-08T14:32:59.273+0000] {manager.py:762} INFO - There are 2 files in /opt/airflow/dags
[2026-03-08T14:32:59.550+0000] {manager.py:893} INFO - 
================================================================================
DAG File Processing Stats

File Path                               PID  Runtime      # DAGs    # Errors  Last Runtime    Last Run
------------------------------------  -----  ---------  --------  ----------  --------------  -------------------
/opt/airflow/dags/replication_dag.py    237  0.14s             1           0  0.26s           2026-03-08T12:56:30
/opt/airflow/dags/analytics_marts.py    239  0.03s             1           0  0.23s           2026-03-08T12:56:30
================================================================================
[2026-03-08T14:53:31.333+0000] {manager.py:759} INFO - Searching for files in /opt/airflow/dags
[2026-03-08T14:53:32.479+0000] {manager.py:762} INFO - There are 2 files in /opt/airflow/dags
[2026-03-08T14:53:33.030+0000] {manager.py:893} INFO - 
================================================================================
DAG File Processing Stats

File Path                               PID  Runtime      # DAGs    # Errors  Last Runtime    Last Run
------------------------------------  -----  ---------  --------  ----------  --------------  -------------------
/opt/airflow/dags/replication_dag.py    251  0.33s             1           0  1.98s           2026-03-08T14:33:01
/opt/airflow/dags/analytics_marts.py    254  0.23s             1           0  1.83s           2026-03-08T14:33:01
================================================================================
[2026-03-08T14:54:04.493+0000] {manager.py:893} INFO - 
================================================================================
DAG File Processing Stats

File Path                             PID    Runtime      # DAGs    # Errors  Last Runtime    Last Run
------------------------------------  -----  ---------  --------  ----------  --------------  -------------------
/opt/airflow/dags/replication_dag.py                           1           0  7.95s           2026-03-08T14:53:40
/opt/airflow/dags/analytics_marts.py                           1           0  7.92s           2026-03-08T14:53:40
================================================================================
[2026-03-08T14:54:34.907+0000] {manager.py:893} INFO - 
================================================================================
DAG File Processing Stats

File Path                             PID    Runtime      # DAGs    # Errors  Last Runtime    Last Run
------------------------------------  -----  ---------  --------  ----------  --------------  -------------------
/opt/airflow/dags/replication_dag.py                           1           0  0.26s           2026-03-08T14:54:11
/opt/airflow/dags/analytics_marts.py                           1           0  0.25s           2026-03-08T14:54:11
================================================================================
[2026-03-08T14:55:05.405+0000] {manager.py:893} INFO - 
================================================================================
DAG File Processing Stats

File Path                             PID    Runtime      # DAGs    # Errors  Last Runtime    Last Run
------------------------------------  -----  ---------  --------  ----------  --------------  -------------------
/opt/airflow/dags/replication_dag.py                           1           0  0.23s           2026-03-08T14:54:42
/opt/airflow/dags/analytics_marts.py                           1           0  0.21s           2026-03-08T14:54:42
================================================================================
[2026-03-08T14:55:35.691+0000] {manager.py:893} INFO - 
================================================================================
DAG File Processing Stats

File Path                             PID    Runtime      # DAGs    # Errors  Last Runtime    Last Run
------------------------------------  -----  ---------  --------  ----------  --------------  -------------------
/opt/airflow/dags/replication_dag.py                           1           0  0.25s           2026-03-08T14:55:12
/opt/airflow/dags/analytics_marts.py                           1           0  0.24s           2026-03-08T14:55:12
================================================================================
[2026-03-08T14:56:06.242+0000] {manager.py:893} INFO - 
================================================================================
DAG File Processing Stats

File Path                             PID    Runtime      # DAGs    # Errors  Last Runtime    Last Run
------------------------------------  -----  ---------  --------  ----------  --------------  -------------------
/opt/airflow/dags/replication_dag.py                           1           0  0.21s           2026-03-08T14:55:42
/opt/airflow/dags/analytics_marts.py                           1           0  0.22s           2026-03-08T14:55:43
================================================================================
[2026-03-08T14:56:36.526+0000] {manager.py:893} INFO - 
================================================================================
DAG File Processing Stats

File Path                             PID    Runtime      # DAGs    # Errors  Last Runtime    Last Run
------------------------------------  -----  ---------  --------  ----------  --------------  -------------------
/opt/airflow/dags/replication_dag.py                           1           0  0.22s           2026-03-08T14:56:13
/opt/airflow/dags/analytics_marts.py                           1           0  0.20s           2026-03-08T14:56:13
================================================================================
[2026-03-08T14:57:06.942+0000] {manager.py:893} INFO - 
================================================================================
DAG File Processing Stats

File Path                             PID    Runtime      # DAGs    # Errors  Last Runtime    Last Run
------------------------------------  -----  ---------  --------  ----------  --------------  -------------------
/opt/airflow/dags/replication_dag.py                           1           0  0.22s           2026-03-08T14:56:43
/opt/airflow/dags/analytics_marts.py                           1           0  0.21s           2026-03-08T14:56:43
================================================================================
[2026-03-08T14:57:37.473+0000] {manager.py:893} INFO - 
================================================================================
DAG File Processing Stats

File Path                             PID    Runtime      # DAGs    # Errors  Last Runtime    Last Run
------------------------------------  -----  ---------  --------  ----------  --------------  -------------------
/opt/airflow/dags/replication_dag.py                           1           0  0.25s           2026-03-08T14:57:14
/opt/airflow/dags/analytics_marts.py                           1           0  0.24s           2026-03-08T14:57:14
================================================================================
[2026-03-08T14:58:07.954+0000] {manager.py:893} INFO - 
================================================================================
DAG File Processing Stats

File Path                             PID    Runtime      # DAGs    # Errors  Last Runtime    Last Run
------------------------------------  -----  ---------  --------  ----------  --------------  -------------------
/opt/airflow/dags/replication_dag.py                           1           0  0.20s           2026-03-08T14:57:44
/opt/airflow/dags/analytics_marts.py                           1           0  0.20s           2026-03-08T14:57:44
================================================================================
[2026-03-08T14:58:31.359+0000] {manager.py:759} INFO - Searching for files in /opt/airflow/dags
[2026-03-08T14:58:31.439+0000] {manager.py:762} INFO - There are 2 files in /opt/airflow/dags
[2026-03-08T14:58:38.515+0000] {manager.py:893} INFO - 
================================================================================
DAG File Processing Stats

File Path                             PID    Runtime      # DAGs    # Errors  Last Runtime    Last Run
------------------------------------  -----  ---------  --------  ----------  --------------  -------------------
/opt/airflow/dags/replication_dag.py                           1           0  0.21s           2026-03-08T14:58:15
/opt/airflow/dags/analytics_marts.py                           1           0  0.20s           2026-03-08T14:58:15
================================================================================
[2026-03-08T14:59:08.819+0000] {manager.py:893} INFO - 
================================================================================
DAG File Processing Stats

File Path                             PID    Runtime      # DAGs    # Errors  Last Runtime    Last Run
------------------------------------  -----  ---------  --------  ----------  --------------  -------------------
/opt/airflow/dags/replication_dag.py                           1           0  0.20s           2026-03-08T14:58:45
/opt/airflow/dags/analytics_marts.py                           1           0  0.19s           2026-03-08T14:58:45
================================================================================
[2026-03-08T14:59:39.203+0000] {manager.py:893} INFO - 
================================================================================
DAG File Processing Stats

File Path                             PID    Runtime      # DAGs    # Errors  Last Runtime    Last Run
------------------------------------  -----  ---------  --------  ----------  --------------  -------------------
/opt/airflow/dags/replication_dag.py                           1           0  0.22s           2026-03-08T14:59:16
/opt/airflow/dags/analytics_marts.py                           1           0  0.21s           2026-03-08T14:59:16
================================================================================
[2026-03-08T15:00:09.648+0000] {manager.py:893} INFO - 
================================================================================
DAG File Processing Stats

File Path                             PID    Runtime      # DAGs    # Errors  Last Runtime    Last Run
------------------------------------  -----  ---------  --------  ----------  --------------  -------------------
/opt/airflow/dags/replication_dag.py                           1           0  0.19s           2026-03-08T14:59:46
/opt/airflow/dags/analytics_marts.py                           1           0  0.19s           2026-03-08T14:59:46
================================================================================
[2026-03-08T15:00:39.940+0000] {manager.py:893} INFO - 
================================================================================
DAG File Processing Stats

File Path                             PID    Runtime      # DAGs    # Errors  Last Runtime    Last Run
------------------------------------  -----  ---------  --------  ----------  --------------  -------------------
/opt/airflow/dags/replication_dag.py                           1           0  0.20s           2026-03-08T15:00:16
/opt/airflow/dags/analytics_marts.py                           1           0  0.19s           2026-03-08T15:00:16
================================================================================
[2026-03-08T15:01:10.372+0000] {manager.py:893} INFO - 
================================================================================
DAG File Processing Stats

File Path                             PID    Runtime      # DAGs    # Errors  Last Runtime    Last Run
------------------------------------  -----  ---------  --------  ----------  --------------  -------------------
/opt/airflow/dags/replication_dag.py                           1           0  0.38s           2026-03-08T15:00:47
/opt/airflow/dags/analytics_marts.py                           1           0  0.36s           2026-03-08T15:00:47
================================================================================
[2026-03-08T15:01:40.838+0000] {manager.py:893} INFO - 
================================================================================
DAG File Processing Stats

File Path                             PID    Runtime      # DAGs    # Errors  Last Runtime    Last Run
------------------------------------  -----  ---------  --------  ----------  --------------  -------------------
/opt/airflow/dags/replication_dag.py                           1           0  0.23s           2026-03-08T15:01:17
/opt/airflow/dags/analytics_marts.py                           1           0  0.22s           2026-03-08T15:01:17
================================================================================
[2026-03-08T15:02:11.115+0000] {manager.py:893} INFO - 
================================================================================
DAG File Processing Stats

File Path                             PID    Runtime      # DAGs    # Errors  Last Runtime    Last Run
------------------------------------  -----  ---------  --------  ----------  --------------  -------------------
/opt/airflow/dags/replication_dag.py                           1           0  0.20s           2026-03-08T15:01:48
/opt/airflow/dags/analytics_marts.py                           1           0  0.20s           2026-03-08T15:01:48
================================================================================
[2026-03-08T15:02:41.579+0000] {manager.py:893} INFO - 
================================================================================
DAG File Processing Stats

File Path                             PID    Runtime      # DAGs    # Errors  Last Runtime    Last Run
------------------------------------  -----  ---------  --------  ----------  --------------  -------------------
/opt/airflow/dags/replication_dag.py                           1           0  0.55s           2026-03-08T15:02:18
/opt/airflow/dags/analytics_marts.py                           1           0  0.53s           2026-03-08T15:02:18
================================================================================
[2026-03-08T15:03:12.262+0000] {manager.py:893} INFO - 
================================================================================
DAG File Processing Stats

File Path                             PID    Runtime      # DAGs    # Errors  Last Runtime    Last Run
------------------------------------  -----  ---------  --------  ----------  --------------  -------------------
/opt/airflow/dags/replication_dag.py                           1           0  0.24s           2026-03-08T15:02:49
/opt/airflow/dags/analytics_marts.py                           1           0  0.24s           2026-03-08T15:02:49
================================================================================
[2026-03-08T15:03:32.133+0000] {manager.py:759} INFO - Searching for files in /opt/airflow/dags
[2026-03-08T15:03:32.148+0000] {manager.py:762} INFO - There are 2 files in /opt/airflow/dags
[2026-03-08T15:03:43.244+0000] {manager.py:893} INFO - 
================================================================================
DAG File Processing Stats

File Path                             PID    Runtime      # DAGs    # Errors  Last Runtime    Last Run
------------------------------------  -----  ---------  --------  ----------  --------------  -------------------
/opt/airflow/dags/replication_dag.py                           1           0  0.64s           2026-03-08T15:03:19
/opt/airflow/dags/analytics_marts.py                           1           0  0.64s           2026-03-08T15:03:19
================================================================================
[2026-03-08T15:04:13.514+0000] {manager.py:893} INFO - 
================================================================================
DAG File Processing Stats

File Path                             PID    Runtime      # DAGs    # Errors  Last Runtime    Last Run
------------------------------------  -----  ---------  --------  ----------  --------------  -------------------
/opt/airflow/dags/replication_dag.py                           1           0  0.25s           2026-03-08T15:03:50
/opt/airflow/dags/analytics_marts.py                           1           0  0.25s           2026-03-08T15:03:50
================================================================================
[2026-03-08T15:04:44.007+0000] {manager.py:893} INFO - 
================================================================================
DAG File Processing Stats

File Path                             PID    Runtime      # DAGs    # Errors  Last Runtime    Last Run
------------------------------------  -----  ---------  --------  ----------  --------------  -------------------
/opt/airflow/dags/replication_dag.py                           1           0  0.24s           2026-03-08T15:04:20
/opt/airflow/dags/analytics_marts.py                           1           0  0.24s           2026-03-08T15:04:20
================================================================================
[2026-03-08T15:05:14.515+0000] {manager.py:893} INFO - 
================================================================================
DAG File Processing Stats

File Path                             PID    Runtime      # DAGs    # Errors  Last Runtime    Last Run
------------------------------------  -----  ---------  --------  ----------  --------------  -------------------
/opt/airflow/dags/replication_dag.py                           1           0  0.29s           2026-03-08T15:04:51
/opt/airflow/dags/analytics_marts.py                           1           0  0.27s           2026-03-08T15:04:51
================================================================================
[2026-03-08T15:05:45.042+0000] {manager.py:893} INFO - 
================================================================================
DAG File Processing Stats

File Path                             PID    Runtime      # DAGs    # Errors  Last Runtime    Last Run
------------------------------------  -----  ---------  --------  ----------  --------------  -------------------
/opt/airflow/dags/replication_dag.py                           1           0  0.23s           2026-03-08T15:05:21
/opt/airflow/dags/analytics_marts.py                           1           0  0.21s           2026-03-08T15:05:21
================================================================================
[2026-03-08T15:06:15.593+0000] {manager.py:893} INFO - 
================================================================================
DAG File Processing Stats

File Path                             PID    Runtime      # DAGs    # Errors  Last Runtime    Last Run
------------------------------------  -----  ---------  --------  ----------  --------------  -------------------
/opt/airflow/dags/replication_dag.py                           1           0  0.31s           2026-03-08T15:05:52
/opt/airflow/dags/analytics_marts.py                           1           0  0.29s           2026-03-08T15:05:52
================================================================================
[2026-03-08T15:06:46.082+0000] {manager.py:893} INFO - 
================================================================================
DAG File Processing Stats

File Path                             PID    Runtime      # DAGs    # Errors  Last Runtime    Last Run
------------------------------------  -----  ---------  --------  ----------  --------------  -------------------
/opt/airflow/dags/replication_dag.py                           1           0  0.25s           2026-03-08T15:06:22
/opt/airflow/dags/analytics_marts.py                           1           0  0.24s           2026-03-08T15:06:22
================================================================================
[2026-03-08T15:07:16.385+0000] {manager.py:893} INFO - 
================================================================================
DAG File Processing Stats

File Path                             PID    Runtime      # DAGs    # Errors  Last Runtime    Last Run
------------------------------------  -----  ---------  --------  ----------  --------------  -------------------
/opt/airflow/dags/replication_dag.py                           1           0  0.26s           2026-03-08T15:06:53
/opt/airflow/dags/analytics_marts.py                           1           0  0.25s           2026-03-08T15:06:53
================================================================================
[2026-03-08T15:07:46.926+0000] {manager.py:893} INFO - 
================================================================================
DAG File Processing Stats

File Path                             PID    Runtime      # DAGs    # Errors  Last Runtime    Last Run
------------------------------------  -----  ---------  --------  ----------  --------------  -------------------
/opt/airflow/dags/replication_dag.py                           1           0  0.27s           2026-03-08T15:07:23
/opt/airflow/dags/analytics_marts.py                           1           0  0.31s           2026-03-08T15:07:23
================================================================================
[2026-03-08T15:08:17.417+0000] {manager.py:893} INFO - 
================================================================================
DAG File Processing Stats

File Path                             PID    Runtime      # DAGs    # Errors  Last Runtime    Last Run
------------------------------------  -----  ---------  --------  ----------  --------------  -------------------
/opt/airflow/dags/replication_dag.py                           1           0  0.22s           2026-03-08T15:07:54
/opt/airflow/dags/analytics_marts.py                           1           0  0.21s           2026-03-08T15:07:54
================================================================================
[2026-03-08T15:08:32.775+0000] {manager.py:759} INFO - Searching for files in /opt/airflow/dags
[2026-03-08T15:08:32.808+0000] {manager.py:762} INFO - There are 2 files in /opt/airflow/dags
[2026-03-08T15:08:47.977+0000] {manager.py:893} INFO - 
================================================================================
DAG File Processing Stats

File Path                             PID    Runtime      # DAGs    # Errors  Last Runtime    Last Run
------------------------------------  -----  ---------  --------  ----------  --------------  -------------------
/opt/airflow/dags/replication_dag.py                           1           0  0.23s           2026-03-08T15:08:24
/opt/airflow/dags/analytics_marts.py                           1           0  0.21s           2026-03-08T15:08:24
================================================================================
[2026-03-08T15:09:18.299+0000] {manager.py:893} INFO - 
================================================================================
DAG File Processing Stats

File Path                             PID    Runtime      # DAGs    # Errors  Last Runtime    Last Run
------------------------------------  -----  ---------  --------  ----------  --------------  -------------------
/opt/airflow/dags/replication_dag.py                           1           0  0.38s           2026-03-08T15:08:55
/opt/airflow/dags/analytics_marts.py                           1           0  0.37s           2026-03-08T15:08:55
================================================================================
[2026-03-08T15:09:49.023+0000] {manager.py:893} INFO - 
================================================================================
DAG File Processing Stats

File Path                             PID    Runtime      # DAGs    # Errors  Last Runtime    Last Run
------------------------------------  -----  ---------  --------  ----------  --------------  -------------------
/opt/airflow/dags/replication_dag.py                           1           0  0.50s           2026-03-08T15:09:26
/opt/airflow/dags/analytics_marts.py                           1           0  0.48s           2026-03-08T15:09:26
================================================================================
