[2026-03-08T12:29:20.106+0000] {taskinstance.py:1157} INFO - Dependencies all met for dep_context=non-requeueable deps ti=<TaskInstance: mongo_replication.copy_all_collections manual__2026-03-08T12:29:16.267866+00:00 [queued]>
[2026-03-08T12:29:20.123+0000] {taskinstance.py:1157} INFO - Dependencies all met for dep_context=requeueable deps ti=<TaskInstance: mongo_replication.copy_all_collections manual__2026-03-08T12:29:16.267866+00:00 [queued]>
[2026-03-08T12:29:20.124+0000] {taskinstance.py:1359} INFO - Starting attempt 1 of 2
[2026-03-08T12:29:20.195+0000] {taskinstance.py:1380} INFO - Executing <Task(PythonOperator): copy_all_collections> on 2026-03-08 12:29:16.267866+00:00
[2026-03-08T12:29:20.213+0000] {standard_task_runner.py:57} INFO - Started process 571 to run task
[2026-03-08T12:29:20.218+0000] {standard_task_runner.py:84} INFO - Running: ['airflow', 'tasks', 'run', 'mongo_replication', 'copy_all_collections', 'manual__2026-03-08T12:29:16.267866+00:00', '--job-id', '16', '--raw', '--subdir', 'DAGS_FOLDER/replication_dag.py', '--cfg-path', '/tmp/tmp5gfqk_m8']
[2026-03-08T12:29:20.232+0000] {standard_task_runner.py:85} INFO - Job 16: Subtask copy_all_collections
[2026-03-08T12:29:20.315+0000] {logging_mixin.py:151} WARNING - /home/airflow/.local/lib/python3.9/site-packages/airflow/settings.py:195 DeprecationWarning: The sql_alchemy_conn option in [core] has been moved to the sql_alchemy_conn option in [database] - the old setting has been used, but please update your config.
[2026-03-08T12:29:20.556+0000] {task_command.py:415} INFO - Running <TaskInstance: mongo_replication.copy_all_collections manual__2026-03-08T12:29:16.267866+00:00 [running]> on host 061c2a96f512
[2026-03-08T12:29:21.453+0000] {taskinstance.py:1660} INFO - Exporting env vars: AIRFLOW_CTX_DAG_OWNER='airflow' AIRFLOW_CTX_DAG_ID='mongo_replication' AIRFLOW_CTX_TASK_ID='copy_all_collections' AIRFLOW_CTX_EXECUTION_DATE='2026-03-08T12:29:16.267866+00:00' AIRFLOW_CTX_TRY_NUMBER='1' AIRFLOW_CTX_DAG_RUN_ID='manual__2026-03-08T12:29:16.267866+00:00'
[2026-03-08T12:29:21.458+0000] {crypto.py:82} WARNING - empty cryptography key - values will not be stored encrypted.
[2026-03-08T12:29:21.459+0000] {base.py:73} INFO - Using connection ID 'mongo_default' for task execution.
[2026-03-08T12:29:21.564+0000] {base.py:73} INFO - Using connection ID 'postgres_default' for task execution.
[2026-03-08T12:29:21.606+0000] {sql.py:418} INFO - Running statement: SELECT session_id FROM raw_data.user_sessions WHERE session_id = %s, parameters: ('sess_001',)
[2026-03-08T12:29:21.615+0000] {sql.py:427} INFO - Rows affected: 1
[2026-03-08T12:29:21.617+0000] {base.py:73} INFO - Using connection ID 'postgres_default' for task execution.
[2026-03-08T12:29:21.640+0000] {sql.py:418} INFO - Running statement: 
                UPDATE raw_data.user_sessions 
                SET user_id = %s, start_time = %s, end_time = %s, 
                    pages_visited = %s, device_type = %s, device_info = %s, 
                    actions = %s, session_duration_minutes = %s
                WHERE session_id = %s
            , parameters: ('user_123', datetime.datetime(2024, 1, 10, 9, 0), datetime.datetime(2024, 1, 10, 9, 30), ['/home', '/products', '/products/42', '/cart'], 'mobile', '{"mobile": {}}', ['login', 'view_product', 'add_to_cart', 'logout'], None, 'sess_001')
[2026-03-08T12:29:21.645+0000] {sql.py:427} INFO - Rows affected: 1
[2026-03-08T12:29:21.647+0000] {base.py:73} INFO - Using connection ID 'postgres_default' for task execution.
[2026-03-08T12:29:21.666+0000] {sql.py:418} INFO - Running statement: SELECT session_id FROM raw_data.user_sessions WHERE session_id = %s, parameters: ('sess_002',)
[2026-03-08T12:29:21.669+0000] {sql.py:427} INFO - Rows affected: 1
[2026-03-08T12:29:21.673+0000] {base.py:73} INFO - Using connection ID 'postgres_default' for task execution.
[2026-03-08T12:29:21.691+0000] {sql.py:418} INFO - Running statement: 
                UPDATE raw_data.user_sessions 
                SET user_id = %s, start_time = %s, end_time = %s, 
                    pages_visited = %s, device_type = %s, device_info = %s, 
                    actions = %s, session_duration_minutes = %s
                WHERE session_id = %s
            , parameters: ('user_123', datetime.datetime(2024, 1, 11, 14, 15), datetime.datetime(2024, 1, 11, 14, 45), ['/home', '/products', '/checkout'], 'desktop', '{"desktop": {}}', ['login', 'search', 'checkout', 'logout'], None, 'sess_002')
[2026-03-08T12:29:21.695+0000] {sql.py:427} INFO - Rows affected: 1
[2026-03-08T12:29:21.698+0000] {base.py:73} INFO - Using connection ID 'postgres_default' for task execution.
[2026-03-08T12:29:21.715+0000] {sql.py:418} INFO - Running statement: SELECT session_id FROM raw_data.user_sessions WHERE session_id = %s, parameters: ('sess_003',)
[2026-03-08T12:29:21.718+0000] {sql.py:427} INFO - Rows affected: 1
[2026-03-08T12:29:21.721+0000] {base.py:73} INFO - Using connection ID 'postgres_default' for task execution.
[2026-03-08T12:29:21.741+0000] {sql.py:418} INFO - Running statement: 
                UPDATE raw_data.user_sessions 
                SET user_id = %s, start_time = %s, end_time = %s, 
                    pages_visited = %s, device_type = %s, device_info = %s, 
                    actions = %s, session_duration_minutes = %s
                WHERE session_id = %s
            , parameters: ('user_456', datetime.datetime(2024, 1, 10, 10, 0), datetime.datetime(2024, 1, 10, 10, 20), ['/home', '/products', '/support'], 'tablet', '{"tablet": {}}', ['login', 'view_product', 'contact_support'], None, 'sess_003')
[2026-03-08T12:29:21.745+0000] {sql.py:427} INFO - Rows affected: 1
[2026-03-08T12:29:21.747+0000] {base.py:73} INFO - Using connection ID 'postgres_default' for task execution.
[2026-03-08T12:29:21.767+0000] {sql.py:418} INFO - Running statement: SELECT event_id FROM raw_data.event_logs WHERE event_id = %s, parameters: ('evt_1001',)
[2026-03-08T12:29:21.776+0000] {sql.py:427} INFO - Rows affected: 1
[2026-03-08T12:29:21.778+0000] {base.py:73} INFO - Using connection ID 'postgres_default' for task execution.
[2026-03-08T12:29:21.797+0000] {sql.py:418} INFO - Running statement: 
                UPDATE raw_data.event_logs 
                SET timestamp = %s, event_type = %s, details = %s
                WHERE event_id = %s
            , parameters: (datetime.datetime(2024, 1, 10, 9, 5, 20), 'click', '{"page": "/products/42"}', 'evt_1001')
[2026-03-08T12:29:21.803+0000] {sql.py:427} INFO - Rows affected: 1
[2026-03-08T12:29:21.807+0000] {base.py:73} INFO - Using connection ID 'postgres_default' for task execution.
[2026-03-08T12:29:21.824+0000] {sql.py:418} INFO - Running statement: SELECT event_id FROM raw_data.event_logs WHERE event_id = %s, parameters: ('evt_1002',)
[2026-03-08T12:29:21.830+0000] {sql.py:427} INFO - Rows affected: 1
[2026-03-08T12:29:21.833+0000] {base.py:73} INFO - Using connection ID 'postgres_default' for task execution.
[2026-03-08T12:29:21.850+0000] {sql.py:418} INFO - Running statement: 
                UPDATE raw_data.event_logs 
                SET timestamp = %s, event_type = %s, details = %s
                WHERE event_id = %s
            , parameters: (datetime.datetime(2024, 1, 10, 9, 6, 15), 'page_view', '{"page": "/cart"}', 'evt_1002')
[2026-03-08T12:29:21.853+0000] {sql.py:427} INFO - Rows affected: 1
[2026-03-08T12:29:21.857+0000] {base.py:73} INFO - Using connection ID 'postgres_default' for task execution.
[2026-03-08T12:29:21.888+0000] {sql.py:418} INFO - Running statement: SELECT event_id FROM raw_data.event_logs WHERE event_id = %s, parameters: ('evt_1003',)
[2026-03-08T12:29:21.891+0000] {sql.py:427} INFO - Rows affected: 1
[2026-03-08T12:29:21.892+0000] {base.py:73} INFO - Using connection ID 'postgres_default' for task execution.
[2026-03-08T12:29:21.904+0000] {sql.py:418} INFO - Running statement: 
                UPDATE raw_data.event_logs 
                SET timestamp = %s, event_type = %s, details = %s
                WHERE event_id = %s
            , parameters: (datetime.datetime(2024, 1, 11, 14, 30), 'purchase', '{"order_id": "ord_789", "amount": 150}', 'evt_1003')
[2026-03-08T12:29:21.908+0000] {sql.py:427} INFO - Rows affected: 1
[2026-03-08T12:29:21.911+0000] {base.py:73} INFO - Using connection ID 'postgres_default' for task execution.
[2026-03-08T12:29:21.937+0000] {sql.py:418} INFO - Running statement: SELECT ticket_id FROM raw_data.support_tickets WHERE ticket_id = %s, parameters: ('ticket_789',)
[2026-03-08T12:29:21.940+0000] {sql.py:427} INFO - Rows affected: 0
[2026-03-08T12:29:21.942+0000] {taskinstance.py:1935} ERROR - Task failed with exception
Traceback (most recent call last):
  File "/home/airflow/.local/lib/python3.9/site-packages/airflow/operators/python.py", line 192, in execute
    return_value = self.execute_callable()
  File "/home/airflow/.local/lib/python3.9/site-packages/airflow/operators/python.py", line 209, in execute_callable
    return self.python_callable(*self.op_args, **self.op_kwargs)
  File "/opt/airflow/dags/replication_dag.py", line 142, in copy_data
    json.dumps(t.get('messages', [])),
  File "/usr/local/lib/python3.9/json/__init__.py", line 231, in dumps
    return _default_encoder.encode(obj)
  File "/usr/local/lib/python3.9/json/encoder.py", line 199, in encode
    chunks = self.iterencode(o, _one_shot=True)
  File "/usr/local/lib/python3.9/json/encoder.py", line 257, in iterencode
    return _iterencode(o, 0)
  File "/usr/local/lib/python3.9/json/encoder.py", line 179, in default
    raise TypeError(f'Object of type {o.__class__.__name__} '
TypeError: Object of type datetime is not JSON serializable
[2026-03-08T12:29:21.960+0000] {taskinstance.py:1398} INFO - Marking task as UP_FOR_RETRY. dag_id=mongo_replication, task_id=copy_all_collections, execution_date=20260308T122916, start_date=20260308T122920, end_date=20260308T122921
[2026-03-08T12:29:21.988+0000] {standard_task_runner.py:104} ERROR - Failed to execute job 16 for task copy_all_collections (Object of type datetime is not JSON serializable; 571)
[2026-03-08T12:29:22.007+0000] {local_task_job_runner.py:228} INFO - Task exited with return code 1
[2026-03-08T12:29:22.047+0000] {taskinstance.py:2776} INFO - 0 downstream tasks scheduled from follow-on schedule check
