[2026-03-08T12:16:33.250+0000] {taskinstance.py:1157} INFO - Dependencies all met for dep_context=non-requeueable deps ti=<TaskInstance: mongo_replication.replicate_user_sessions manual__2026-03-08T12:15:54.679270+00:00 [queued]>
[2026-03-08T12:16:33.378+0000] {taskinstance.py:1157} INFO - Dependencies all met for dep_context=requeueable deps ti=<TaskInstance: mongo_replication.replicate_user_sessions manual__2026-03-08T12:15:54.679270+00:00 [queued]>
[2026-03-08T12:16:33.380+0000] {taskinstance.py:1359} INFO - Starting attempt 1 of 3
[2026-03-08T12:16:33.524+0000] {taskinstance.py:1380} INFO - Executing <Task(PythonOperator): replicate_user_sessions> on 2026-03-08 12:15:54.679270+00:00
[2026-03-08T12:16:33.682+0000] {standard_task_runner.py:57} INFO - Started process 256 to run task
[2026-03-08T12:16:33.793+0000] {standard_task_runner.py:84} INFO - Running: ['airflow', 'tasks', 'run', 'mongo_replication', 'replicate_user_sessions', 'manual__2026-03-08T12:15:54.679270+00:00', '--job-id', '2', '--raw', '--subdir', 'DAGS_FOLDER/replication_dag.py', '--cfg-path', '/tmp/tmpv6mk_f8e']
[2026-03-08T12:16:34.011+0000] {standard_task_runner.py:85} INFO - Job 2: Subtask replicate_user_sessions
[2026-03-08T12:16:35.631+0000] {logging_mixin.py:151} WARNING - /home/airflow/.local/lib/python3.9/site-packages/airflow/settings.py:195 DeprecationWarning: The sql_alchemy_conn option in [core] has been moved to the sql_alchemy_conn option in [database] - the old setting has been used, but please update your config.
[2026-03-08T12:16:36.876+0000] {task_command.py:415} INFO - Running <TaskInstance: mongo_replication.replicate_user_sessions manual__2026-03-08T12:15:54.679270+00:00 [running]> on host 061c2a96f512
[2026-03-08T12:16:40.273+0000] {taskinstance.py:1660} INFO - Exporting env vars: AIRFLOW_CTX_DAG_OWNER='airflow' AIRFLOW_CTX_DAG_ID='mongo_replication' AIRFLOW_CTX_TASK_ID='replicate_user_sessions' AIRFLOW_CTX_EXECUTION_DATE='2026-03-08T12:15:54.679270+00:00' AIRFLOW_CTX_TRY_NUMBER='1' AIRFLOW_CTX_DAG_RUN_ID='manual__2026-03-08T12:15:54.679270+00:00'
[2026-03-08T12:16:40.854+0000] {crypto.py:82} WARNING - empty cryptography key - values will not be stored encrypted.
[2026-03-08T12:16:40.858+0000] {base.py:73} INFO - Using connection ID 'mongo_default' for task execution.
[2026-03-08T12:16:41.125+0000] {base.py:73} INFO - Using connection ID 'postgres_default' for task execution.
[2026-03-08T12:16:42.508+0000] {sql.py:418} INFO - Running statement: SELECT last_sequence_id FROM raw_data.replication_state WHERE collection_name = %s, parameters: ('user_sessions',)
[2026-03-08T12:16:42.783+0000] {sql.py:427} INFO - Rows affected: 1
[2026-03-08T12:16:44.132+0000] {taskinstance.py:1935} ERROR - Task failed with exception
Traceback (most recent call last):
  File "/home/airflow/.local/lib/python3.9/site-packages/airflow/operators/python.py", line 192, in execute
    return_value = self.execute_callable()
  File "/home/airflow/.local/lib/python3.9/site-packages/airflow/operators/python.py", line 209, in execute_callable
    return self.python_callable(*self.op_args, **self.op_kwargs)
  File "/opt/airflow/dags/replication_dag.py", line 45, in replicate_collection
    record = transform_func(doc)
  File "/opt/airflow/dags/replication_dag.py", line 69, in transform_user_session
    start = datetime.fromisoformat(doc['start_time'].replace('Z', '+00:00'))
AttributeError: 'dict' object has no attribute 'replace'
[2026-03-08T12:16:44.264+0000] {taskinstance.py:1398} INFO - Marking task as UP_FOR_RETRY. dag_id=mongo_replication, task_id=replicate_user_sessions, execution_date=20260308T121554, start_date=20260308T121633, end_date=20260308T121644
[2026-03-08T12:16:44.768+0000] {standard_task_runner.py:104} ERROR - Failed to execute job 2 for task replicate_user_sessions ('dict' object has no attribute 'replace'; 256)
[2026-03-08T12:16:45.220+0000] {local_task_job_runner.py:228} INFO - Task exited with return code 1
[2026-03-08T12:16:45.612+0000] {taskinstance.py:2776} INFO - 0 downstream tasks scheduled from follow-on schedule check
