[2026-03-08T12:16:33.246+0000] {taskinstance.py:1157} INFO - Dependencies all met for dep_context=non-requeueable deps ti=<TaskInstance: mongo_replication.replicate_user_recommendations manual__2026-03-08T12:15:54.679270+00:00 [queued]>
[2026-03-08T12:16:33.441+0000] {taskinstance.py:1157} INFO - Dependencies all met for dep_context=requeueable deps ti=<TaskInstance: mongo_replication.replicate_user_recommendations manual__2026-03-08T12:15:54.679270+00:00 [queued]>
[2026-03-08T12:16:33.442+0000] {taskinstance.py:1359} INFO - Starting attempt 1 of 3
[2026-03-08T12:16:33.758+0000] {taskinstance.py:1380} INFO - Executing <Task(PythonOperator): replicate_user_recommendations> on 2026-03-08 12:15:54.679270+00:00
[2026-03-08T12:16:33.875+0000] {standard_task_runner.py:57} INFO - Started process 258 to run task
[2026-03-08T12:16:34.025+0000] {standard_task_runner.py:84} INFO - Running: ['airflow', 'tasks', 'run', 'mongo_replication', 'replicate_user_recommendations', 'manual__2026-03-08T12:15:54.679270+00:00', '--job-id', '6', '--raw', '--subdir', 'DAGS_FOLDER/replication_dag.py', '--cfg-path', '/tmp/tmpiwx0vnf3']
[2026-03-08T12:16:34.050+0000] {standard_task_runner.py:85} INFO - Job 6: Subtask replicate_user_recommendations
[2026-03-08T12:16:34.963+0000] {logging_mixin.py:151} WARNING - /home/airflow/.local/lib/python3.9/site-packages/airflow/settings.py:195 DeprecationWarning: The sql_alchemy_conn option in [core] has been moved to the sql_alchemy_conn option in [database] - the old setting has been used, but please update your config.
[2026-03-08T12:16:36.275+0000] {task_command.py:415} INFO - Running <TaskInstance: mongo_replication.replicate_user_recommendations manual__2026-03-08T12:15:54.679270+00:00 [running]> on host 061c2a96f512
[2026-03-08T12:16:38.290+0000] {taskinstance.py:1660} INFO - Exporting env vars: AIRFLOW_CTX_DAG_OWNER='airflow' AIRFLOW_CTX_DAG_ID='mongo_replication' AIRFLOW_CTX_TASK_ID='replicate_user_recommendations' AIRFLOW_CTX_EXECUTION_DATE='2026-03-08T12:15:54.679270+00:00' AIRFLOW_CTX_TRY_NUMBER='1' AIRFLOW_CTX_DAG_RUN_ID='manual__2026-03-08T12:15:54.679270+00:00'
[2026-03-08T12:16:38.344+0000] {crypto.py:82} WARNING - empty cryptography key - values will not be stored encrypted.
[2026-03-08T12:16:38.361+0000] {base.py:73} INFO - Using connection ID 'mongo_default' for task execution.
[2026-03-08T12:16:38.367+0000] {base.py:73} INFO - Using connection ID 'postgres_default' for task execution.
[2026-03-08T12:16:38.456+0000] {sql.py:418} INFO - Running statement: SELECT last_sequence_id FROM raw_data.replication_state WHERE collection_name = %s, parameters: ('user_recommendations',)
[2026-03-08T12:16:38.537+0000] {sql.py:427} INFO - Rows affected: 1
[2026-03-08T12:16:41.137+0000] {base.py:73} INFO - Using connection ID 'postgres_default' for task execution.
[2026-03-08T12:16:42.756+0000] {sql.py:418} INFO - Running statement: SELECT id FROM raw_data.user_recommendations WHERE user_id = %s, parameters: ('user_123',)
[2026-03-08T12:16:42.939+0000] {sql.py:427} INFO - Rows affected: 0
[2026-03-08T12:16:43.154+0000] {base.py:73} INFO - Using connection ID 'postgres_default' for task execution.
[2026-03-08T12:16:43.254+0000] {sql.py:418} INFO - Running statement: INSERT INTO raw_data.user_recommendations (user_id, recommended_products, last_updated) VALUES (%s, %s, %s), parameters: ('user_123', ['prod_101', 'prod_205', 'prod_333'], {'$date': '2024-01-10T08:00:00Z'})
[2026-03-08T12:16:43.304+0000] {taskinstance.py:1935} ERROR - Task failed with exception
Traceback (most recent call last):
  File "/home/airflow/.local/lib/python3.9/site-packages/airflow/operators/python.py", line 192, in execute
    return_value = self.execute_callable()
  File "/home/airflow/.local/lib/python3.9/site-packages/airflow/operators/python.py", line 209, in execute_callable
    return self.python_callable(*self.op_args, **self.op_kwargs)
  File "/opt/airflow/dags/replication_dag.py", line 62, in replicate_collection
    postgres_hook.run(insert_sql, parameters=tuple(record.values()))
  File "/home/airflow/.local/lib/python3.9/site-packages/airflow/providers/common/sql/hooks/sql.py", line 392, in run
    self._run_command(cur, sql_statement, parameters)
  File "/home/airflow/.local/lib/python3.9/site-packages/airflow/providers/common/sql/hooks/sql.py", line 421, in _run_command
    cur.execute(sql_statement, parameters)
psycopg2.ProgrammingError: can't adapt type 'dict'
[2026-03-08T12:16:44.032+0000] {taskinstance.py:1398} INFO - Marking task as UP_FOR_RETRY. dag_id=mongo_replication, task_id=replicate_user_recommendations, execution_date=20260308T121554, start_date=20260308T121633, end_date=20260308T121643
[2026-03-08T12:16:44.151+0000] {standard_task_runner.py:104} ERROR - Failed to execute job 6 for task replicate_user_recommendations (can't adapt type 'dict'; 258)
[2026-03-08T12:16:44.272+0000] {local_task_job_runner.py:228} INFO - Task exited with return code 1
[2026-03-08T12:16:45.216+0000] {taskinstance.py:2776} INFO - 0 downstream tasks scheduled from follow-on schedule check
